Archive member included to satisfy reference by file (symbol)

C:/Users/keryn/3k04/SFWRENG-3K04-Group6/Pacemaker/slprj/ert/_sharedutils/rtwshared.lib(rt_roundd_snf.o)
                              Pacemaker_A2.o (rt_roundd_snf)
C:/Users/keryn/3k04/SFWRENG-3K04-Group6/Pacemaker/slprj/ert/_sharedutils/rtwshared.lib(rt_roundf_snf.o)
                              Pacemaker_A2.o (rt_roundf_snf)
C:/ProgramData/MATLAB/SupportPackages/R2022b/3P.instrset/cmsis.instrset/CMSIS/RTOS/RTX/LIB/GCC/libRTX_CM4.a(rt_cmsis.o)
                              RTX_Conf_CM.o (osKernelInitialize)
C:/ProgramData/MATLAB/SupportPackages/R2022b/3P.instrset/cmsis.instrset/CMSIS/RTOS/RTX/LIB/GCC/libRTX_CM4.a(hal_cm.o)
                              C:/ProgramData/MATLAB/SupportPackages/R2022b/3P.instrset/cmsis.instrset/CMSIS/RTOS/RTX/LIB/GCC/libRTX_CM4.a(rt_cmsis.o) (rt_ret_val)
C:/ProgramData/MATLAB/SupportPackages/R2022b/3P.instrset/cmsis.instrset/CMSIS/RTOS/RTX/LIB/GCC/libRTX_CM4.a(rt_memory.o)
                              C:/ProgramData/MATLAB/SupportPackages/R2022b/3P.instrset/cmsis.instrset/CMSIS/RTOS/RTX/LIB/GCC/libRTX_CM4.a(rt_cmsis.o) (rt_init_mem)
C:/ProgramData/MATLAB/SupportPackages/R2022b/3P.instrset/cmsis.instrset/CMSIS/RTOS/RTX/LIB/GCC/libRTX_CM4.a(rt_membox.o)
                              C:/ProgramData/MATLAB/SupportPackages/R2022b/3P.instrset/cmsis.instrset/CMSIS/RTOS/RTX/LIB/GCC/libRTX_CM4.a(rt_cmsis.o) (_init_box)
C:/ProgramData/MATLAB/SupportPackages/R2022b/3P.instrset/cmsis.instrset/CMSIS/RTOS/RTX/LIB/GCC/libRTX_CM4.a(rt_mutex.o)
                              C:/ProgramData/MATLAB/SupportPackages/R2022b/3P.instrset/cmsis.instrset/CMSIS/RTOS/RTX/LIB/GCC/libRTX_CM4.a(rt_cmsis.o) (rt_mut_init)
C:/ProgramData/MATLAB/SupportPackages/R2022b/3P.instrset/cmsis.instrset/CMSIS/RTOS/RTX/LIB/GCC/libRTX_CM4.a(rt_time.o)
                              C:/ProgramData/MATLAB/SupportPackages/R2022b/3P.instrset/cmsis.instrset/CMSIS/RTOS/RTX/LIB/GCC/libRTX_CM4.a(rt_cmsis.o) (os_time)
C:/ProgramData/MATLAB/SupportPackages/R2022b/3P.instrset/cmsis.instrset/CMSIS/RTOS/RTX/LIB/GCC/libRTX_CM4.a(rt_semaphore.o)
                              C:/ProgramData/MATLAB/SupportPackages/R2022b/3P.instrset/cmsis.instrset/CMSIS/RTOS/RTX/LIB/GCC/libRTX_CM4.a(rt_cmsis.o) (rt_sem_init)
C:/ProgramData/MATLAB/SupportPackages/R2022b/3P.instrset/cmsis.instrset/CMSIS/RTOS/RTX/LIB/GCC/libRTX_CM4.a(rt_mailbox.o)
                              C:/ProgramData/MATLAB/SupportPackages/R2022b/3P.instrset/cmsis.instrset/CMSIS/RTOS/RTX/LIB/GCC/libRTX_CM4.a(rt_cmsis.o) (rt_mbx_init)
C:/ProgramData/MATLAB/SupportPackages/R2022b/3P.instrset/cmsis.instrset/CMSIS/RTOS/RTX/LIB/GCC/libRTX_CM4.a(rt_list.o)
                              C:/ProgramData/MATLAB/SupportPackages/R2022b/3P.instrset/cmsis.instrset/CMSIS/RTOS/RTX/LIB/GCC/libRTX_CM4.a(rt_cmsis.o) (rt_put_prio)
C:/ProgramData/MATLAB/SupportPackages/R2022b/3P.instrset/cmsis.instrset/CMSIS/RTOS/RTX/LIB/GCC/libRTX_CM4.a(rt_event.o)
                              C:/ProgramData/MATLAB/SupportPackages/R2022b/3P.instrset/cmsis.instrset/CMSIS/RTOS/RTX/LIB/GCC/libRTX_CM4.a(rt_cmsis.o) (rt_evt_wait)
C:/ProgramData/MATLAB/SupportPackages/R2022b/3P.instrset/cmsis.instrset/CMSIS/RTOS/RTX/LIB/GCC/libRTX_CM4.a(rt_system.o)
                              C:/ProgramData/MATLAB/SupportPackages/R2022b/3P.instrset/cmsis.instrset/CMSIS/RTOS/RTX/LIB/GCC/libRTX_CM4.a(rt_cmsis.o) (rt_suspend)
C:/ProgramData/MATLAB/SupportPackages/R2022b/3P.instrset/cmsis.instrset/CMSIS/RTOS/RTX/LIB/GCC/libRTX_CM4.a(rt_task.o)
                              C:/ProgramData/MATLAB/SupportPackages/R2022b/3P.instrset/cmsis.instrset/CMSIS/RTOS/RTX/LIB/GCC/libRTX_CM4.a(rt_system.o) (rt_switch_req)
C:/ProgramData/MATLAB/SupportPackages/R2022b/3P.instrset/cmsis.instrset/CMSIS/RTOS/RTX/LIB/GCC/libRTX_CM4.a(hal_cm4.o)
                              C:/ProgramData/MATLAB/SupportPackages/R2022b/3P.instrset/cmsis.instrset/CMSIS/RTOS/RTX/LIB/GCC/libRTX_CM4.a(rt_task.o) (rt_get_PSP)
C:/ProgramData/MATLAB/SupportPackages/R2022b/3P.instrset/cmsis.instrset/CMSIS/RTOS/RTX/LIB/GCC/libRTX_CM4.a(svc_table.o)
                              C:/ProgramData/MATLAB/SupportPackages/R2022b/3P.instrset/cmsis.instrset/CMSIS/RTOS/RTX/LIB/GCC/libRTX_CM4.a(hal_cm4.o) (SVC_Table)
C:/ProgramData/MATLAB/SupportPackages/R2022b/3P.instrset/cmsis.instrset/CMSIS/RTOS/RTX/LIB/GCC/libRTX_CM4.a(rt_robin.o)
                              C:/ProgramData/MATLAB/SupportPackages/R2022b/3P.instrset/cmsis.instrset/CMSIS/RTOS/RTX/LIB/GCC/libRTX_CM4.a(rt_system.o) (os_robin)
C:/ProgramData/MATLAB/SupportPackages/R2022b/toolbox/target/supportpackages/freedomk64f/src/ksdk_armgcc_lib/bm/libksdk_platform.a(fsl_os_abstraction_bm.o)
                              MW_SCI.o (OSA_SemaPost)
C:/ProgramData/MATLAB/SupportPackages/R2022b/toolbox/target/supportpackages/freedomk64f/src/ksdk_armgcc_lib/bm/libksdk_platform.a(fsl_clock_manager.o)
                              board.o (CLOCK_SYS_OscInit)
[...]
Memory Configuration

Name             Origin             Length             Attributes
m_interrupts     0x00000000         0x00000400         xr
m_flash_config   0x00000400         0x00000010         xr
m_text           0x00000410         0x000ffbf0         xr
m_data_2         0x1fff0000         0x00010000         rw
m_data           0x20000000         0x00030000         rw
*default*        0x00000000         0xffffffff

Linker script and memory map

LOAD c:/progra~3/matlab/suppor~1/r2022b/3p778c~1.ins/gnuarm~1.ins/win/bin/../lib/gcc/arm-none-eabi/9.3.1/thumb/v7e-m+fp/hard/crti.o
LOAD c:/progra~3/matlab/suppor~1/r2022b/3p778c~1.ins/gnuarm~1.ins/win/bin/../lib/gcc/arm-none-eabi/9.3.1/thumb/v7e-m+fp/hard/crtbegin.o
LOAD c:/progra~3/matlab/suppor~1/r2022b/3p778c~1.ins/gnuarm~1.ins/win/bin/../lib/gcc/arm-none-eabi/9.3.1/../../../../arm-none-eabi/lib/thumb/v7e-m+fp/hard/crt0.o
LOAD MW_digitalIO.o
LOAD mw_sdk_interface.o
LOAD MW_PWM.o
LOAD MW_SCI.o
LOAD i2c_api.o
LOAD MW_I2C.o
LOAD MW_AnalogInput.o
LOAD ert_main.o
LOAD Pacemaker_A2.o
LOAD Pacemaker_A2_data.o
LOAD send_params.o
LOAD startup.o
LOAD system_MK64F12.o
LOAD startup_MK64F12.o
LOAD board.o
LOAD hardware_init.o
LOAD pin_mux.o
LOAD fsl_misc_utilities.o
LOAD fsl_edma_irq.o
LOAD fsl_uart_irq.o
LOAD irq_stub.o
LOAD sbrk.o
LOAD cmsis_rtos_init.o
LOAD RTX_Conf_CM.o
LOAD mw_thread.o
LOAD mw_semaphore.o
LOAD mw_timer.o
LOAD mw_signal.o
LOAD C:/Users/keryn/3k04/SFWRENG-3K04-Group6/Pacemaker/slprj/ert/_sharedutils/rtwshared.lib
LOAD C:/ProgramData/MATLAB/SupportPackages/R2022b/3P.instrset/cmsis.instrset/CMSIS/DSP/Lib/GCC/libarm_cortexM4lf_math.a
LOAD C:/ProgramData/MATLAB/SupportPackages/R2022b/3P.instrset/cmsis.instrset/CMSIS/RTOS/RTX/LIB/GCC/libRTX_CM4.a
LOAD C:/ProgramData/MATLAB/SupportPackages/R2022b/toolbox/target/supportpackages/freedomk64f/src/ksdk_armgcc_lib/bm/libksdk_platform.a
LOAD c:/progra~3/matlab/suppor~1/r2022b/3p778c~1.ins/gnuarm~1.ins/win/bin/../lib/gcc/arm-none-eabi/9.3.1/../../../../arm-none-eabi/lib/thumb/v7e-m+fp/hard\libstdc++.a
LOAD c:/progra~3/matlab/suppor~1/r2022b/3p778c~1.ins/gnuarm~1.ins/win/bin/../lib/gcc/arm-none-eabi/9.3.1/../../../../arm-none-eabi/lib/thumb/v7e-m+fp/hard\libm.a
START GROUP
LOAD c:/progra~3/matlab/suppor~1/r2022b/3p778c~1.ins/gnuarm~1.ins/win/bin/../lib/gcc/arm-none-eabi/9.3.1/thumb/v7e-m+fp/hard\libgcc.a
LOAD c:/progra~3/matlab/suppor~1/r2022b/3p778c~1.ins/gnuarm~1.ins/win/bin/../lib/gcc/arm-none-eabi/9.3.1/../../../../arm-none-eabi/lib/thumb/v7e-m+fp/hard\libg.a
LOAD c:/progra~3/matlab/suppor~1/r2022b/3p778c~1.ins/gnuarm~1.ins/win/bin/../lib/gcc/arm-none-eabi/9.3.1/../../../../arm-none-eabi/lib/thumb/v7e-m+fp/hard\libc.a
END GROUP
START GROUP
LOAD c:/progra~3/matlab/suppor~1/r2022b/3p778c~1.ins/gnuarm~1.ins/win/bin/../lib/gcc/arm-none-eabi/9.3.1/thumb/v7e-m+fp/hard\libgcc.a
LOAD c:/progra~3/matlab/suppor~1/r2022b/3p778c~1.ins/gnuarm~1.ins/win/bin/../lib/gcc/arm-none-eabi/9.3.1/../../../../arm-none-eabi/lib/thumb/v7e-m+fp/hard\libc.a
LOAD c:/progra~3/matlab/suppor~1/r2022b/3p778c~1.ins/gnuarm~1.ins/win/bin/../lib/gcc/arm-none-eabi/9.3.1/../../../../arm-none-eabi/lib/thumb/v7e-m+fp/hard\libnosys.a
END GROUP
LOAD c:/progra~3/matlab/suppor~1/r2022b/3p778c~1.ins/gnuarm~1.ins/win/bin/../lib/gcc/arm-none-eabi/9.3.1/thumb/v7e-m+fp/hard/crtend.o
LOAD c:/progra~3/matlab/suppor~1/r2022b/3p778c~1.ins/gnuarm~1.ins/win/bin/../lib/gcc/arm-none-eabi/9.3.1/thumb/v7e-m+fp/hard/crtn.o
                0x00000400                HEAP_SIZE = DEFINED (__heap_size__)?__heap_size__:0x400
                0x00000400                STACK_SIZE = DEFINED (__stack_size__)?__stack_size__:0x400
                0x00000000                M_VECTOR_RAM_SIZE = DEFINED (__ram_vector_table__)?0x400:0x0

.interrupts     0x00000000      0x400
                0x00000000                __VECTOR_TABLE = .
                0x00000000                . = ALIGN (0x4)
 *(.isr_vector)
 .isr_vector    0x00000000      0x400 startup_MK64F12.o
                0x00000000                __isr_vector
                0x00000400                . = ALIGN (0x4)

.flash_config   0x00000400       0x10
                0x00000400                . = ALIGN (0x4)
 *(.FlashConfig)
 .FlashConfig   0x00000400       0x10 startup_MK64F12.o
                0x00000410                . = ALIGN (0x4)

.text           0x00000440    0x11bd8
                0x00000440                . = ALIGN (0x4)
 *(.text)
 .text          0x00000440       0x40 c:/progra~3/matlab/suppor~1/r2022b/3p778c~1.ins/gnuarm~1.ins/win/bin/../lib/gcc/arm-none-eabi/9.3.1/thumb/v7e-m+fp/hard/crtbegin.o
 .text          0x00000480       0x7c c:/progra~3/matlab/suppor~1/r2022b/3p778c~1.ins/gnuarm~1.ins/win/bin/../lib/gcc/arm-none-eabi/9.3.1/../../../../arm-none-eabi/lib/thumb/v7e-m+fp/hard/crt0.o
                0x00000480                _stack_init
                0x00000488                _start
                0x00000488                _mainCRTStartup
 .text          0x000004fc       0x14 startup_MK64F12.o
                0x000004fc                Reset_Handler
                0x0000050c                ENET_Receive_IRQHandler
                0x0000050c                ENET_1588_Timer_IRQHandler
                0x0000050c                DefaultISR
                0x0000050c                PIT2_IRQHandler
                0x0000050c                PIT0_IRQHandler
                0x0000050c                ENET_Error_IRQHandler
                0x0000050c                PIT3_IRQHandler
                0x0000050c                SDHC_IRQHandler
                0x0000050c                ENET_Transmit_IRQHandler
                0x0000050c                PIT1_IRQHandler
 .text          0x00000510      0x198 C:/ProgramData/MATLAB/SupportPackages/R2022b/3P.instrset/cmsis.instrset/CMSIS/RTOS/RTX/LIB/GCC/libRTX_CM4.a(hal_cm4.o)
                0x00000510                rt_set_PSP
                0x00000516                rt_get_PSP
                0x0000051c                os_set_env
                0x00000534                _alloc_box
                0x00000550                _free_box
                0x0000056c                SVC_Handler
                0x00000612                PendSV_Handler
                0x00000618                Sys_Switch
                0x00000672                SysTick_Handler
                0x0000067c                OS_Tick_Handler
 .text          0x000006a8      0x378 c:/progra~3/matlab/suppor~1/r2022b/3p778c~1.ins/gnuarm~1.ins/win/bin/../lib/gcc/arm-none-eabi/9.3.1/thumb/v7e-m+fp/hard\libgcc.a(_arm_addsubdf3.o)
                0x000006a8                __aeabi_drsub
                0x000006b0                __aeabi_dsub
                0x000006b0                __subdf3
                0x000006b4                __aeabi_dadd
                0x000006b4                __adddf3
                0x0000092c                __floatunsidf
                0x0000092c                __aeabi_ui2d
                0x0000094c                __floatsidf
                0x0000094c                __aeabi_i2d
                0x00000970                __aeabi_f2d
                0x00000970                __extendsfdf2
                0x000009b4                __floatundidf
                0x000009b4                __aeabi_ul2d
                0x000009c4                __floatdidf
                0x000009c4                __aeabi_l2d
 .text          0x00000a20      0x424 c:/progra~3/matlab/suppor~1/r2022b/3p778c~1.ins/gnuarm~1.ins/win/bin/../lib/gcc/arm-none-eabi/9.3.1/thumb/v7e-m+fp/hard\libgcc.a(_arm_muldivdf3.o)
                0x00000a20                __aeabi_dmul
                0x00000a20                __muldf3
                0x00000c74                __divdf3
                0x00000c74                __aeabi_ddiv
 .text          0x00000e44      0x110 c:/progra~3/matlab/suppor~1/r2022b/3p778c~1.ins/gnuarm~1.ins/win/bin/../lib/gcc/arm-none-eabi/9.3.1/thumb/v7e-m+fp/hard\libgcc.a(_arm_cmpdf2.o)
                0x00000e44                __gtdf2
                0x00000e44                __gedf2
                0x00000e4c                __ltdf2
                0x00000e4c                __ledf2
                0x00000e54                __nedf2
                0x00000e54                __eqdf2
                0x00000e54                __cmpdf2
                0x00000ed0                __aeabi_cdrcmple
                0x00000ee0                __aeabi_cdcmpeq
                0x00000ee0                __aeabi_cdcmple
                0x00000ef0                __aeabi_dcmpeq
                0x00000f04                __aeabi_dcmplt
                0x00000f18                __aeabi_dcmple
                0x00000f2c                __aeabi_dcmpge
                0x00000f40                __aeabi_dcmpgt
 .text          0x00000f54       0x2c c:/progra~3/matlab/suppor~1/r2022b/3p778c~1.ins/gnuarm~1.ins/win/bin/../lib/gcc/arm-none-eabi/9.3.1/thumb/v7e-m+fp/hard\libgcc.a(_arm_unorddf2.o)
                0x00000f54                __unorddf2
                0x00000f54                __aeabi_dcmpun
 .text          0x00000f80       0x50 c:/progra~3/matlab/suppor~1/r2022b/3p778c~1.ins/gnuarm~1.ins/win/bin/../lib/gcc/arm-none-eabi/9.3.1/thumb/v7e-m+fp/hard\libgcc.a(_arm_fixdfsi.o)
                0x00000f80                __aeabi_d2iz
                0x00000f80                __fixdfsi
 .text          0x00000fd0       0x40 c:/progra~3/matlab/suppor~1/r2022b/3p778c~1.ins/gnuarm~1.ins/win/bin/../lib/gcc/arm-none-eabi/9.3.1/thumb/v7e-m+fp/hard\libgcc.a(_arm_fixunsdfsi.o)
                0x00000fd0                __aeabi_d2uiz
                0x00000fd0                __fixunsdfsi
 .text          0x00001010       0xa0 c:/progra~3/matlab/suppor~1/r2022b/3p778c~1.ins/gnuarm~1.ins/win/bin/../lib/gcc/arm-none-eabi/9.3.1/thumb/v7e-m+fp/hard\libgcc.a(_arm_truncdfsf2.o)
                0x00001010                __truncdfsf2
                0x00001010                __aeabi_d2f
 .text          0x000010b0       0x30 c:/progra~3/matlab/suppor~1/r2022b/3p778c~1.ins/gnuarm~1.ins/win/bin/../lib/gcc/arm-none-eabi/9.3.1/thumb/v7e-m+fp/hard\libgcc.a(_aeabi_uldivmod.o)
                0x000010b0                __aeabi_uldivmod
 .text          0x000010e0      0x2c4 c:/progra~3/matlab/suppor~1/r2022b/3p778c~1.ins/gnuarm~1.ins/win/bin/../lib/gcc/arm-none-eabi/9.3.1/thumb/v7e-m+fp/hard\libgcc.a(_udivmoddi4.o)
                0x000010e0                __udivmoddi4
 .text          0x000013a4      0x9b8 c:/progra~3/matlab/suppor~1/r2022b/3p778c~1.ins/gnuarm~1.ins/win/bin/../lib/gcc/arm-none-eabi/9.3.1/thumb/v7e-m+fp/hard\libgcc.a(unwind-arm.o)
                0x0000164c                _Unwind_GetCFA
                0x00001650                __gnu_Unwind_RaiseException
                0x000016b0                __gnu_Unwind_ForcedUnwind
                0x000016c4                __gnu_Unwind_Resume
                0x00001708                __gnu_Unwind_Resume_or_Rethrow
                0x00001718                _Unwind_Complete
                0x0000171c                _Unwind_DeleteException
                0x00001728                _Unwind_VRS_Get
                0x00001770                _Unwind_VRS_Set
                0x000017b8                __gnu_Unwind_Backtrace
                0x00001ad8                __aeabi_unwind_cpp_pr0
                0x00001adc                __aeabi_unwind_cpp_pr1
                0x00001ae0                __aeabi_unwind_cpp_pr2
                0x00001ae4                _Unwind_VRS_Pop
 .text          0x00001d5c      0x1ac c:/progra~3/matlab/suppor~1/r2022b/3p778c~1.ins/gnuarm~1.ins/win/bin/../lib/gcc/arm-none-eabi/9.3.1/thumb/v7e-m+fp/hard\libgcc.a(libunwind.o)
                0x00001d5c                __restore_core_regs
                0x00001d5c                restore_core_regs
                0x00001d74                __gnu_Unwind_Restore_VFP
                0x00001d7c                __gnu_Unwind_Save_VFP
                0x00001d84                __gnu_Unwind_Restore_VFP_D
                0x00001d8c                __gnu_Unwind_Save_VFP_D
                0x00001d94                __gnu_Unwind_Restore_VFP_D_16_to_31
                0x00001d9c                __gnu_Unwind_Save_VFP_D_16_to_31
                0x00001da4                __gnu_Unwind_Restore_WMMXD
                0x00001de8                __gnu_Unwind_Save_WMMXD
                0x00001e2c                __gnu_Unwind_Restore_WMMXC
                0x00001e40                __gnu_Unwind_Save_WMMXC
                0x00001e54                ___Unwind_RaiseException
                0x00001e54                _Unwind_RaiseException
                0x00001e78                _Unwind_Resume
                0x00001e78                ___Unwind_Resume
                0x00001e9c                _Unwind_Resume_or_Rethrow
                0x00001e9c                ___Unwind_Resume_or_Rethrow
                0x00001ec0                _Unwind_ForcedUnwind
                0x00001ec0                ___Unwind_ForcedUnwind
                0x00001ee4                ___Unwind_Backtrace
                0x00001ee4                _Unwind_Backtrace
 .text          0x00001f08      0x340 c:/progra~3/matlab/suppor~1/r2022b/3p778c~1.ins/gnuarm~1.ins/win/bin/../lib/gcc/arm-none-eabi/9.3.1/thumb/v7e-m+fp/hard\libgcc.a(pr-support.o)
                0x00001f60                __gnu_unwind_execute
                0x000021fc                __gnu_unwind_frame
                0x00002228                _Unwind_GetRegionStart
                0x00002234                _Unwind_GetLanguageSpecificData
 .text          0x00002248        0x4 c:/progra~3/matlab/suppor~1/r2022b/3p778c~1.ins/gnuarm~1.ins/win/bin/../lib/gcc/arm-none-eabi/9.3.1/thumb/v7e-m+fp/hard\libgcc.a(_dvmd_tls.o)
                0x00002248                __aeabi_idiv0
                0x00002248                __aeabi_ldiv0
 .text          0x0000224c      0x134 c:/progra~3/matlab/suppor~1/r2022b/3p778c~1.ins/gnuarm~1.ins/win/bin/../lib/gcc/arm-none-eabi/9.3.1/../../../../arm-none-eabi/lib/thumb/v7e-m+fp/hard\libg.a(lib_a-memcpy.o)
                0x0000224c                memcpy
 .text          0x00002380       0xa0 c:/progra~3/matlab/suppor~1/r2022b/3p778c~1.ins/gnuarm~1.ins/win/bin/../lib/gcc/arm-none-eabi/9.3.1/../../../../arm-none-eabi/lib/thumb/v7e-m+fp/hard\libg.a(lib_a-memchr.o)
                0x00002380                memchr
 *fill*         0x00002420       0x20 
 .text          0x00002440       0xdc c:/progra~3/matlab/suppor~1/r2022b/3p778c~1.ins/gnuarm~1.ins/win/bin/../lib/gcc/arm-none-eabi/9.3.1/../../../../arm-none-eabi/lib/thumb/v7e-m+fp/hard\libg.a(lib_a-strlen.o)
                0x00002440                strlen
 *(.text*)
 .text.MW_digitalIO_open
                0x0000251c       0xe0 MW_digitalIO.o
                0x0000251c                MW_digitalIO_open
 .text.MW_digitalIO_read
                0x000025fc       0x70 MW_digitalIO.o
                0x000025fc                MW_digitalIO_read
 .text.MW_digitalIO_write
                0x0000266c       0x7e MW_digitalIO.o
                0x0000266c                MW_digitalIO_write
 .text.MW_digitalIO_close
                0x000026ea       0x3c MW_digitalIO.o
                0x000026ea                MW_digitalIO_close
 *fill*         0x00002726        0x2 
 .text.PORT_HAL_SetMuxMode
                0x00002728       0x58 MW_PWM.o
 .text.FTM_HAL_SetClockSource
                0x00002780       0x2e MW_PWM.o
 *fill*         0x000027ae        0x2 
 .text.MW_PWM_Open
                0x000027b0      0x164 MW_PWM.o
                0x000027b0                MW_PWM_Open
 .text.MW_PWM_Start
                0x00002914       0x14 MW_PWM.o
                0x00002914                MW_PWM_Start
 .text.MW_PWM_SetDutyCycle
                0x00002928       0x7c MW_PWM.o
                0x00002928                MW_PWM_SetDutyCycle
 .text.MW_PWM_Stop
                0x000029a4       0x2c MW_PWM.o
                0x000029a4                MW_PWM_Stop
 .text.MW_PWM_Close
                0x000029d0       0x14 MW_PWM.o
                0x000029d0                MW_PWM_Close
 .text.EDMA_HAL_HTCDSetDestAddr
                0x000029e4       0x48 MW_SCI.o
 .text.EDMA_HAL_HTCDSetIntCmd
                0x00002a2c       0x58 MW_SCI.o
 .text.MW_SCI_Open
                0x00002a84      0x5b0 MW_SCI.o
                0x00002a84                MW_SCI_Open
 .text.MW_SCI_SetBaudrate
                0x00003034       0x18 MW_SCI.o
                0x00003034                MW_SCI_SetBaudrate
 .text.MW_SCI_SetFrameFormat
                0x0000304c       0x28 MW_SCI.o
                0x0000304c                MW_SCI_SetFrameFormat
 .text.MW_SCI_Receive
                0x00003074       0xa4 MW_SCI.o
                0x00003074                MW_SCI_Receive
 .text.MW_SCI_Transmit
                0x00003118       0x80 MW_SCI.o
                0x00003118                MW_SCI_Transmit
 .text.MW_SCI_Close
                0x00003198       0x14 MW_SCI.o
                0x00003198                MW_SCI_Close
 .text.MW_UART_DRV_EdmaStartReceiveData
                0x000031ac       0xac MW_SCI.o
 .text.MW_UART_DRV_EdmaRxCallback
                0x00003258       0x1c MW_SCI.o
 .text.MW_UART_DRV_EdmaCompleteReceiveData
                0x00003274      0x120 MW_SCI.o
 .text.CLOCK_SYS_GetI2cFreq
                0x00003394       0x16 i2c_api.o
 .text.I2C_HAL_Enable
                0x000033aa       0x28 i2c_api.o
 .text.I2C_HAL_SendAck
                0x000033d2       0x28 i2c_api.o
 .text.I2C_HAL_SendNak
                0x000033fa       0x28 i2c_api.o
 .text.I2C_HAL_SetDirMode
                0x00003422       0x2e i2c_api.o
 .text.I2C_HAL_ReadByte
                0x00003450       0x1a i2c_api.o
 .text.I2C_HAL_WriteByte
                0x0000346a       0x1e i2c_api.o
 .text.I2C_HAL_GetStatusFlag
                0x00003488       0x34 i2c_api.o
 .text.I2C_HAL_IsMaster
                0x000034bc       0x32 i2c_api.o
 .text.I2C_HAL_SetIntCmd
                0x000034ee       0x2c i2c_api.o
 .text.I2C_HAL_ClearInt
                0x0000351a       0x1a i2c_api.o
 .text.PORT_HAL_SetOpenDrainCmd
                0x00003534       0x50 i2c_api.o
 .text.PORT_HAL_SetMuxMode
                0x00003584       0x58 i2c_api.o
 .text.i2c_init
                0x000035dc       0x54 i2c_api.o
                0x000035dc                i2c_init
 .text.i2c_start
                0x00003630       0x28 i2c_api.o
                0x00003630                i2c_start
 .text.i2c_stop
                0x00003658       0x50 i2c_api.o
                0x00003658                i2c_stop
 .text.timeout_status_poll
                0x000036a8       0x58 i2c_api.o
 .text.i2c_wait_end_tx_transfer
                0x00003700       0x54 i2c_api.o
 .text.i2c_wait_end_rx_transfer
                0x00003754       0x3c i2c_api.o
 .text.i2c_do_write
                0x00003790       0x38 i2c_api.o
 .text.i2c_do_read
                0x000037c8       0x50 i2c_api.o
 .text.i2c_frequency
                0x00003818       0x50 i2c_api.o
                0x00003818                i2c_frequency
 .text.i2c_read
                0x00003868       0xe0 i2c_api.o
                0x00003868                i2c_read
 .text.i2c_write
                0x00003948       0x90 i2c_api.o
                0x00003948                i2c_write
 .text.configure_i2c_pins
                0x000039d8       0x7c i2c_api.o
                0x000039d8                configure_i2c_pins
 .text.MW_I2C_Open
                0x00003a54       0x48 MW_I2C.o
                0x00003a54                MW_I2C_Open
 .text.MW_I2C_SetBusSpeed
                0x00003a9c       0x2e MW_I2C.o
                0x00003a9c                MW_I2C_SetBusSpeed
 .text.MW_I2C_MasterRead
                0x00003aca       0x68 MW_I2C.o
                0x00003aca                MW_I2C_MasterRead
 .text.MW_I2C_MasterWrite
                0x00003b32       0x68 MW_I2C.o
                0x00003b32                MW_I2C_MasterWrite
 .text.MW_I2C_Close
                0x00003b9a       0x14 MW_I2C.o
                0x00003b9a                MW_I2C_Close
 *fill*         0x00003bae        0x2 
 .text.MW_AnalogInSingle_Open
                0x00003bb0       0xa8 MW_AnalogInput.o
                0x00003bb0                MW_AnalogInSingle_Open
 .text.MW_AnalogIn_SetTriggerSource
                0x00003c58       0x1a MW_AnalogInput.o
                0x00003c58                MW_AnalogIn_SetTriggerSource
 *fill*         0x00003c72        0x6 
 .text.MW_AnalogInSingle_ReadResult
                0x00003c78       0xb8 MW_AnalogInput.o
                0x00003c78                MW_AnalogInSingle_ReadResult
 .text.MW_AnalogIn_Start
                0x00003d30       0x14 MW_AnalogInput.o
                0x00003d30                MW_AnalogIn_Start
 .text.MW_AnalogIn_Stop
                0x00003d44       0x14 MW_AnalogInput.o
                0x00003d44                MW_AnalogIn_Stop
 .text.MW_AnalogIn_Close
                0x00003d58       0x14 MW_AnalogInput.o
                0x00003d58                MW_AnalogIn_Close
 .text.subrateTask
                0x00003d6c       0x60 ert_main.o
                0x00003d6c                subrateTask
 .text.baseRateTask
                0x00003dcc       0x8c ert_main.o
                0x00003dcc                baseRateTask
 .text.terminateTask
                0x00003e58       0x9c ert_main.o
                0x00003e58                terminateTask
 .text.main     0x00003ef4       0x54 ert_main.o
                0x00003ef4                main
 .text.rate_monotonic_scheduler
                0x00003f48       0x2c Pacemaker_A2.o
 .text.Pacemak_enter_atomic_Data_Check
                0x00003f74      0x1c4 Pacemaker_A2.o
 .text.Pacemaker_A2_AAIR
                0x00004138      0x42c Pacemaker_A2.o
 *fill*         0x00004564        0x4 
 .text.Pacemaker_A2_AAI_INITIAL
                0x00004568      0x254 Pacemaker_A2.o
 .text.Pacemaker_A2_MainState
                0x000047bc      0x56c Pacemaker_A2.o
 .text.Pacemaker_A2_VVIR
                0x00004d28      0x418 Pacemaker_A2.o
 .text.Pacemaker_A2_VVI_INITIAL
                0x00005140      0x26c Pacemaker_A2.o
 .text.Pacemaker_A2_SystemCore_setup_k
                0x000053ac       0x9c Pacemaker_A2.o
 .text.Pacemaker_A_SystemCore_setup_kl
                0x00005448      0x1e8 Pacemaker_A2.o
 .text.Pacemaker__SystemCore_setup_klr
                0x00005630       0x4e Pacemaker_A2.o
 .text.Pacemaker_A2_step0
                0x0000567e        0xc Pacemaker_A2.o
                0x0000567e                Pacemaker_A2_step0
 *fill*         0x0000568a        0x6 
 .text.Pacemaker_A2_step1
                0x00005690     0x212c Pacemaker_A2.o
                0x00005690                Pacemaker_A2_step1
 .text.Pacemaker_A2_step
                0x000077bc       0x2a Pacemaker_A2.o
                0x000077bc                Pacemaker_A2_step
 *fill*         0x000077e6        0x2 
 .text.Pacemaker_A2_initialize
                0x000077e8      0x4f4 Pacemaker_A2.o
                0x000077e8                Pacemaker_A2_initialize
 .text.Pacemaker_A2_terminate
                0x00007cdc      0x4e8 Pacemaker_A2.o
                0x00007cdc                Pacemaker_A2_terminate
 .text.Pacemaker_A2_SystemCore_setup
                0x000081c4       0x5e send_params.o
 *fill*         0x00008222        0x2 
 .text.send_params_Init
                0x00008224       0xf8 send_params.o
                0x00008224                send_params_Init
 .text.send_params
                0x0000831c      0x688 send_params.o
                0x0000831c                send_params
 .text.send_params_Term
                0x000089a4       0xf4 send_params.o
                0x000089a4                send_params_Term
 .text.init_data_bss
                0x00008a98       0xd0 startup.o
                0x00008a98                init_data_bss
 .text.SystemInit
                0x00008b68      0x1dc system_MK64F12.o
                0x00008b68                SystemInit
 .text.SystemCoreClockUpdate
                0x00008d44      0x290 system_MK64F12.o
                0x00008d44                SystemCoreClockUpdate
 .text.PORT_HAL_SetMuxMode
                0x00008fd4       0x58 board.o
 .text.SMC_HAL_SetProtection
                0x0000902c       0x1e board.o
 *fill*         0x0000904a        0x2 
 .text.BOARD_InitOsc0
                0x0000904c       0x30 board.o
                0x0000904c                BOARD_InitOsc0
 .text.BOARD_InitRtcOsc
                0x0000907c       0x28 board.o
                0x0000907c                BOARD_InitRtcOsc
 .text.BOARD_ClockInit
                0x000090a4       0x34 board.o
                0x000090a4                BOARD_ClockInit
 .text.hardware_init
                0x000090d8       0x30 hardware_init.o
                0x000090d8                hardware_init
 .text.PORT_HAL_SetMuxMode
                0x00009108       0x58 pin_mux.o
 .text.SIM_HAL_EnableClock
                0x00009160       0x44 pin_mux.o
 .text.configure_uart_pins
                0x000091a4      0x194 pin_mux.o
                0x000091a4                configure_uart_pins
 .text.DMA0_IRQHandler
                0x00009338        0xe fsl_edma_irq.o
                0x00009338                DMA0_IRQHandler
 .text.DMA1_IRQHandler
                0x00009346        0xe fsl_edma_irq.o
                0x00009346                DMA1_IRQHandler
 .text.DMA2_IRQHandler
                0x00009354        0xe fsl_edma_irq.o
                0x00009354                DMA2_IRQHandler
 .text.DMA3_IRQHandler
                0x00009362        0xe fsl_edma_irq.o
                0x00009362                DMA3_IRQHandler
 .text.DMA4_IRQHandler
                0x00009370        0xe fsl_edma_irq.o
                0x00009370                DMA4_IRQHandler
 .text.DMA5_IRQHandler
                0x0000937e        0xe fsl_edma_irq.o
                0x0000937e                DMA5_IRQHandler
 .text.DMA6_IRQHandler
                0x0000938c        0xe fsl_edma_irq.o
                0x0000938c                DMA6_IRQHandler
 .text.DMA7_IRQHandler
                0x0000939a        0xe fsl_edma_irq.o
                0x0000939a                DMA7_IRQHandler
 .text.DMA8_IRQHandler
                0x000093a8        0xe fsl_edma_irq.o
                0x000093a8                DMA8_IRQHandler
 .text.DMA9_IRQHandler
                0x000093b6        0xe fsl_edma_irq.o
                0x000093b6                DMA9_IRQHandler
 .text.DMA10_IRQHandler
                0x000093c4        0xe fsl_edma_irq.o
                0x000093c4                DMA10_IRQHandler
 .text.DMA11_IRQHandler
                0x000093d2        0xe fsl_edma_irq.o
                0x000093d2                DMA11_IRQHandler
 .text.DMA12_IRQHandler
                0x000093e0        0xe fsl_edma_irq.o
                0x000093e0                DMA12_IRQHandler
 .text.DMA13_IRQHandler
                0x000093ee        0xe fsl_edma_irq.o
                0x000093ee                DMA13_IRQHandler
 .text.DMA14_IRQHandler
                0x000093fc        0xe fsl_edma_irq.o
                0x000093fc                DMA14_IRQHandler
 .text.DMA15_IRQHandler
                0x0000940a        0xe fsl_edma_irq.o
                0x0000940a                DMA15_IRQHandler
 .text.DMA_Error_IRQHandler
                0x00009418        0xe fsl_edma_irq.o
                0x00009418                DMA_Error_IRQHandler
 .text.UART0_RX_TX_IRQHandler
                0x00009426        0xe fsl_uart_irq.o
                0x00009426                UART0_RX_TX_IRQHandler
 .text.UART1_RX_TX_IRQHandler
                0x00009434        0xe fsl_uart_irq.o
                0x00009434                UART1_RX_TX_IRQHandler
 .text.UART2_RX_TX_IRQHandler
                0x00009442        0xe fsl_uart_irq.o
                0x00009442                UART2_RX_TX_IRQHandler
 .text.UART3_RX_TX_IRQHandler
                0x00009450        0xe fsl_uart_irq.o
                0x00009450                UART3_RX_TX_IRQHandler
 .text.UART4_RX_TX_IRQHandler
                0x0000945e        0xe fsl_uart_irq.o
                0x0000945e                UART4_RX_TX_IRQHandler
 .text.UART5_RX_TX_IRQHandler
                0x0000946c        0xe fsl_uart_irq.o
                0x0000946c                UART5_RX_TX_IRQHandler
 .text.NMI_Handler
                0x0000947a        0x6 irq_stub.o
                0x0000947a                NMI_Handler
 .text.HardFault_Handler
                0x00009480        0x6 irq_stub.o
                0x00009480                HardFault_Handler
 .text.MemManage_Handler
                0x00009486        0x6 irq_stub.o
                0x00009486                MemManage_Handler
 .text.BusFault_Handler
                0x0000948c        0x6 irq_stub.o
                0x0000948c                BusFault_Handler
 .text.UsageFault_Handler
                0x00009492        0x6 irq_stub.o
                0x00009492                UsageFault_Handler
 .text.DebugMon_Handler
                0x00009498        0x6 irq_stub.o
                0x00009498                DebugMon_Handler
 .text.MCM_IRQHandler
                0x0000949e        0x6 irq_stub.o
                0x0000949e                MCM_IRQHandler
 .text.FTFE_IRQHandler
                0x000094a4        0x6 irq_stub.o
                0x000094a4                FTFE_IRQHandler
 .text.Read_Collision_IRQHandler
                0x000094aa        0x6 irq_stub.o
                0x000094aa                Read_Collision_IRQHandler
 .text.LVD_LVW_IRQHandler
                0x000094b0        0x6 irq_stub.o
                0x000094b0                LVD_LVW_IRQHandler
 .text.LLWU_IRQHandler
                0x000094b6        0x6 irq_stub.o
                0x000094b6                LLWU_IRQHandler
 .text.WDOG_EWM_IRQHandler
                0x000094bc        0x6 irq_stub.o
                0x000094bc                WDOG_EWM_IRQHandler
 .text.RNG_IRQHandler
                0x000094c2        0x6 irq_stub.o
                0x000094c2                RNG_IRQHandler
 .text.I2C0_IRQHandler
                0x000094c8        0x6 irq_stub.o
                0x000094c8                I2C0_IRQHandler
 .text.I2C1_IRQHandler
                0x000094ce        0x6 irq_stub.o
                0x000094ce                I2C1_IRQHandler
 .text.SPI0_IRQHandler
                0x000094d4        0x6 irq_stub.o
                0x000094d4                SPI0_IRQHandler
 .text.SPI1_IRQHandler
                0x000094da        0x6 irq_stub.o
                0x000094da                SPI1_IRQHandler
 .text.I2S0_Tx_IRQHandler
                0x000094e0        0x6 irq_stub.o
                0x000094e0                I2S0_Tx_IRQHandler
 .text.I2S0_Rx_IRQHandler
                0x000094e6        0x6 irq_stub.o
                0x000094e6                I2S0_Rx_IRQHandler
 .text.UART0_LON_IRQHandler
                0x000094ec        0x6 irq_stub.o
                0x000094ec                UART0_LON_IRQHandler
 .text.UART0_ERR_IRQHandler
                0x000094f2        0x6 irq_stub.o
                0x000094f2                UART0_ERR_IRQHandler
 .text.UART1_ERR_IRQHandler
                0x000094f8        0x6 irq_stub.o
                0x000094f8                UART1_ERR_IRQHandler
 .text.UART2_ERR_IRQHandler
                0x000094fe        0x6 irq_stub.o
                0x000094fe                UART2_ERR_IRQHandler
 .text.UART3_ERR_IRQHandler
                0x00009504        0x6 irq_stub.o
                0x00009504                UART3_ERR_IRQHandler
 .text.ADC0_IRQHandler
                0x0000950a        0x6 irq_stub.o
                0x0000950a                ADC0_IRQHandler
 .text.CMP0_IRQHandler
                0x00009510        0x6 irq_stub.o
                0x00009510                CMP0_IRQHandler
 .text.CMP1_IRQHandler
                0x00009516        0x6 irq_stub.o
                0x00009516                CMP1_IRQHandler
 .text.FTM0_IRQHandler
                0x0000951c        0x6 irq_stub.o
                0x0000951c                FTM0_IRQHandler
 .text.FTM1_IRQHandler
                0x00009522        0x6 irq_stub.o
                0x00009522                FTM1_IRQHandler
 .text.FTM2_IRQHandler
                0x00009528        0x6 irq_stub.o
                0x00009528                FTM2_IRQHandler
 .text.CMT_IRQHandler
                0x0000952e        0x6 irq_stub.o
                0x0000952e                CMT_IRQHandler
 .text.RTC_IRQHandler
                0x00009534        0x6 irq_stub.o
                0x00009534                RTC_IRQHandler
 .text.RTC_Seconds_IRQHandler
                0x0000953a        0x6 irq_stub.o
                0x0000953a                RTC_Seconds_IRQHandler
 .text.PDB0_IRQHandler
                0x00009540        0x6 irq_stub.o
                0x00009540                PDB0_IRQHandler
 .text.USB0_IRQHandler
                0x00009546        0x6 irq_stub.o
                0x00009546                USB0_IRQHandler
 .text.USBDCD_IRQHandler
                0x0000954c        0x6 irq_stub.o
                0x0000954c                USBDCD_IRQHandler
 .text.Reserved71_IRQHandler
                0x00009552        0x6 irq_stub.o
                0x00009552                Reserved71_IRQHandler
 .text.DAC0_IRQHandler
                0x00009558        0x6 irq_stub.o
                0x00009558                DAC0_IRQHandler
 .text.MCG_IRQHandler
                0x0000955e        0x6 irq_stub.o
                0x0000955e                MCG_IRQHandler
 .text.LPTMR0_IRQHandler
                0x00009564        0x6 irq_stub.o
                0x00009564                LPTMR0_IRQHandler
 .text.PORTA_IRQHandler
                0x0000956a        0x6 irq_stub.o
                0x0000956a                PORTA_IRQHandler
 .text.PORTB_IRQHandler
                0x00009570        0x6 irq_stub.o
                0x00009570                PORTB_IRQHandler
 .text.PORTC_IRQHandler
                0x00009576        0x6 irq_stub.o
                0x00009576                PORTC_IRQHandler
 .text.PORTD_IRQHandler
                0x0000957c        0x6 irq_stub.o
                0x0000957c                PORTD_IRQHandler
 .text.PORTE_IRQHandler
                0x00009582        0x6 irq_stub.o
                0x00009582                PORTE_IRQHandler
 .text.SWI_IRQHandler
                0x00009588        0x6 irq_stub.o
                0x00009588                SWI_IRQHandler
 .text.SPI2_IRQHandler
                0x0000958e        0x6 irq_stub.o
                0x0000958e                SPI2_IRQHandler
 .text.UART4_ERR_IRQHandler
                0x00009594        0x6 irq_stub.o
                0x00009594                UART4_ERR_IRQHandler
 .text.UART5_ERR_IRQHandler
                0x0000959a        0x6 irq_stub.o
                0x0000959a                UART5_ERR_IRQHandler
 .text.CMP2_IRQHandler
                0x000095a0        0x6 irq_stub.o
                0x000095a0                CMP2_IRQHandler
 .text.FTM3_IRQHandler
                0x000095a6        0x6 irq_stub.o
                0x000095a6                FTM3_IRQHandler
 .text.DAC1_IRQHandler
                0x000095ac        0x6 irq_stub.o
                0x000095ac                DAC1_IRQHandler
 .text.ADC1_IRQHandler
                0x000095b2        0x6 irq_stub.o
                0x000095b2                ADC1_IRQHandler
 .text.I2C2_IRQHandler
                0x000095b8        0x6 irq_stub.o
                0x000095b8                I2C2_IRQHandler
 .text.CAN0_ORed_Message_buffer_IRQHandler
                0x000095be        0x6 irq_stub.o
                0x000095be                CAN0_ORed_Message_buffer_IRQHandler
 .text.CAN0_Bus_Off_IRQHandler
                0x000095c4        0x6 irq_stub.o
                0x000095c4                CAN0_Bus_Off_IRQHandler
 .text.CAN0_Error_IRQHandler
                0x000095ca        0x6 irq_stub.o
                0x000095ca                CAN0_Error_IRQHandler
 .text.CAN0_Tx_Warning_IRQHandler
                0x000095d0        0x6 irq_stub.o
                0x000095d0                CAN0_Tx_Warning_IRQHandler
 .text.CAN0_Rx_Warning_IRQHandler
                0x000095d6        0x6 irq_stub.o
                0x000095d6                CAN0_Rx_Warning_IRQHandler
 .text.CAN0_Wake_Up_IRQHandler
                0x000095dc        0x6 irq_stub.o
                0x000095dc                CAN0_Wake_Up_IRQHandler
 *fill*         0x000095e2        0x2 
 .text._sbrk    0x000095e4       0x5c sbrk.o
                0x000095e4                _sbrk
 .text.schedulerTask
                0x00009640       0x1c cmsis_rtos_init.o
                0x00009640                schedulerTask
 .text.mw_initSignalEvents
                0x0000965c       0x78 cmsis_rtos_init.o
                0x0000965c                mw_initSignalEvents
 .text.mw_RTOSInit
                0x000096d4      0x108 cmsis_rtos_init.o
                0x000096d4                mw_RTOSInit
 .text.os_idle_demon
                0x000097dc        0x8 RTX_Conf_CM.o
                0x000097dc                os_idle_demon
 .text.os_error
                0x000097e4       0x2c RTX_Conf_CM.o
                0x000097e4                os_error
 .text.rt_init_robin
                0x00009810        0x4 RTX_Conf_CM.o
                0x00009810                rt_init_robin
 .text.rt_chk_robin
                0x00009814        0x4 RTX_Conf_CM.o
                0x00009814                rt_chk_robin
 .text.software_init_hook
                0x00009818       0x34 RTX_Conf_CM.o
                0x00009818                software_init_hook
 .text.mw_osThreadCreate
                0x0000984c       0x52 mw_thread.o
                0x0000984c                mw_osThreadCreate
 .text.mw_osThreadGetId
                0x0000989e        0xe mw_thread.o
                0x0000989e                mw_osThreadGetId
 .text.mw_osThreadExit
                0x000098ac       0x22 mw_thread.o
                0x000098ac                mw_osThreadExit
 .text.mw_osThreadJoin
                0x000098ce       0x1a mw_thread.o
                0x000098ce                mw_osThreadJoin
 .text.mw_osTimerCreate
                0x000098e8       0x4e mw_timer.o
                0x000098e8                mw_osTimerCreate
 .text.mw_osTimerStart
                0x00009936       0x24 mw_timer.o
                0x00009936                mw_osTimerStart
 .text.mw_osSignalSet
                0x0000995a       0x2e mw_signal.o
                0x0000995a                mw_osSignalSet
 .text.mw_osSignalClear
                0x00009988       0x26 mw_signal.o
                0x00009988                mw_osSignalClear
 .text.mw_osSignalWaitEver
                0x000099ae       0x20 mw_signal.o
                0x000099ae                mw_osSignalWaitEver
 .text.mw_osSignalEventCreate
                0x000099ce       0x20 mw_signal.o
                0x000099ce                mw_osSignalEventCreate
 .text.mw_osSignalEventRelease
                0x000099ee       0x26 mw_signal.o
                0x000099ee                mw_osSignalEventRelease
 .text.mw_osSignalEventWaitEver
                0x00009a14       0x34 mw_signal.o
                0x00009a14                mw_osSignalEventWaitEver
 .text.mw_osSignalEventDelete
                0x00009a48       0x14 mw_signal.o
                0x00009a48                mw_osSignalEventDelete
 .text.rt_roundd_snf
                0x00009a5c       0xf4 C:/Users/keryn/3k04/SFWRENG-3K04-Group6/Pacemaker/slprj/ert/_sharedutils/rtwshared.lib(rt_roundd_snf.o)
                0x00009a5c                rt_roundd_snf
 .text.rt_roundf_snf
                0x00009b50       0xf0 C:/Users/keryn/3k04/SFWRENG-3K04-Group6/Pacemaker/slprj/ert/_sharedutils/rtwshared.lib(rt_roundf_snf.o)
                0x00009b50                rt_roundf_snf
 .text.osThreadExit
                0x00009c40       0x18 C:/ProgramData/MATLAB/SupportPackages/R2022b/3P.instrset/cmsis.instrset/CMSIS/RTOS/RTX/LIB/GCC/libRTX_CM4.a(rt_cmsis.o)
                0x00009c40                osThreadExit
 .text.svcKernelInitialize
                0x00009c58      0x104 C:/ProgramData/MATLAB/SupportPackages/R2022b/3P.instrset/cmsis.instrset/CMSIS/RTOS/RTX/LIB/GCC/libRTX_CM4.a(rt_cmsis.o)
                0x00009c58                svcKernelInitialize
 .text.svcKernelStart
                0x00009d5c       0x48 C:/ProgramData/MATLAB/SupportPackages/R2022b/3P.instrset/cmsis.instrset/CMSIS/RTOS/RTX/LIB/GCC/libRTX_CM4.a(rt_cmsis.o)
                0x00009d5c                svcKernelStart
 .text.osKernelInitialize
                0x00009da4       0x28 C:/ProgramData/MATLAB/SupportPackages/R2022b/3P.instrset/cmsis.instrset/CMSIS/RTOS/RTX/LIB/GCC/libRTX_CM4.a(rt_cmsis.o)
                0x00009da4                osKernelInitialize
 .text.osKernelStart
                0x00009dcc       0x74 C:/ProgramData/MATLAB/SupportPackages/R2022b/3P.instrset/cmsis.instrset/CMSIS/RTOS/RTX/LIB/GCC/libRTX_CM4.a(rt_cmsis.o)
                0x00009dcc                osKernelStart
 .text.svcThreadCreate
                0x00009e40       0x7c C:/ProgramData/MATLAB/SupportPackages/R2022b/3P.instrset/cmsis.instrset/CMSIS/RTOS/RTX/LIB/GCC/libRTX_CM4.a(rt_cmsis.o)
                0x00009e40                svcThreadCreate
 .text.svcThreadGetId
                0x00009ebc       0x18 C:/ProgramData/MATLAB/SupportPackages/R2022b/3P.instrset/cmsis.instrset/CMSIS/RTOS/RTX/LIB/GCC/libRTX_CM4.a(rt_cmsis.o)
                0x00009ebc                svcThreadGetId
 .text.svcThreadTerminate
                0x00009ed4       0x48 C:/ProgramData/MATLAB/SupportPackages/R2022b/3P.instrset/cmsis.instrset/CMSIS/RTOS/RTX/LIB/GCC/libRTX_CM4.a(rt_cmsis.o)
                0x00009ed4                svcThreadTerminate
 .text.osThreadCreate
                0x00009f1c       0xa4 C:/ProgramData/MATLAB/SupportPackages/R2022b/3P.instrset/cmsis.instrset/CMSIS/RTOS/RTX/LIB/GCC/libRTX_CM4.a(rt_cmsis.o)
                0x00009f1c                osThreadCreate
 .text.osThreadGetId
                0x00009fc0       0x18 C:/ProgramData/MATLAB/SupportPackages/R2022b/3P.instrset/cmsis.instrset/CMSIS/RTOS/RTX/LIB/GCC/libRTX_CM4.a(rt_cmsis.o)
                0x00009fc0                osThreadGetId
 .text.osThreadTerminate
                0x00009fd8       0x18 C:/ProgramData/MATLAB/SupportPackages/R2022b/3P.instrset/cmsis.instrset/CMSIS/RTOS/RTX/LIB/GCC/libRTX_CM4.a(rt_cmsis.o)
                0x00009fd8                osThreadTerminate
 .text.svcTimerCreate
                0x00009ff0       0x40 C:/ProgramData/MATLAB/SupportPackages/R2022b/3P.instrset/cmsis.instrset/CMSIS/RTOS/RTX/LIB/GCC/libRTX_CM4.a(rt_cmsis.o)
                0x00009ff0                svcTimerCreate
 .text.svcTimerStart
                0x0000a030       0xdc C:/ProgramData/MATLAB/SupportPackages/R2022b/3P.instrset/cmsis.instrset/CMSIS/RTOS/RTX/LIB/GCC/libRTX_CM4.a(rt_cmsis.o)
                0x0000a030                svcTimerStart
 .text.svcTimerCall
                0x0000a10c       0x18 C:/ProgramData/MATLAB/SupportPackages/R2022b/3P.instrset/cmsis.instrset/CMSIS/RTOS/RTX/LIB/GCC/libRTX_CM4.a(rt_cmsis.o)
                0x0000a10c                svcTimerCall
 .text.sysTimerTick
                0x0000a124       0xc8 C:/ProgramData/MATLAB/SupportPackages/R2022b/3P.instrset/cmsis.instrset/CMSIS/RTOS/RTX/LIB/GCC/libRTX_CM4.a(rt_cmsis.o)
                0x0000a124                sysTimerTick
 .text.osTimerCreate
                0x0000a1ec       0x68 C:/ProgramData/MATLAB/SupportPackages/R2022b/3P.instrset/cmsis.instrset/CMSIS/RTOS/RTX/LIB/GCC/libRTX_CM4.a(rt_cmsis.o)
                0x0000a1ec                osTimerCreate
 .text.osTimerStart
                0x0000a254       0x18 C:/ProgramData/MATLAB/SupportPackages/R2022b/3P.instrset/cmsis.instrset/CMSIS/RTOS/RTX/LIB/GCC/libRTX_CM4.a(rt_cmsis.o)
                0x0000a254                osTimerStart
 .text.osTimerThread
                0x0000a26c       0x3c C:/ProgramData/MATLAB/SupportPackages/R2022b/3P.instrset/cmsis.instrset/CMSIS/RTOS/RTX/LIB/GCC/libRTX_CM4.a(rt_cmsis.o)
                0x0000a26c                osTimerThread
 .text.svcSignalSet
                0x0000a2a8       0x2c C:/ProgramData/MATLAB/SupportPackages/R2022b/3P.instrset/cmsis.instrset/CMSIS/RTOS/RTX/LIB/GCC/libRTX_CM4.a(rt_cmsis.o)
                0x0000a2a8                svcSignalSet
 .text.svcSignalClear
                0x0000a2d4       0x2c C:/ProgramData/MATLAB/SupportPackages/R2022b/3P.instrset/cmsis.instrset/CMSIS/RTOS/RTX/LIB/GCC/libRTX_CM4.a(rt_cmsis.o)
                0x0000a2d4                svcSignalClear
 .text.svcSignalWait
                0x0000a300      0x100 C:/ProgramData/MATLAB/SupportPackages/R2022b/3P.instrset/cmsis.instrset/CMSIS/RTOS/RTX/LIB/GCC/libRTX_CM4.a(rt_cmsis.o)
                0x0000a300                svcSignalWait
 .text.osSignalSet
                0x0000a400       0x40 C:/ProgramData/MATLAB/SupportPackages/R2022b/3P.instrset/cmsis.instrset/CMSIS/RTOS/RTX/LIB/GCC/libRTX_CM4.a(rt_cmsis.o)
                0x0000a400                osSignalSet
 .text.osSignalClear
                0x0000a440       0x1c C:/ProgramData/MATLAB/SupportPackages/R2022b/3P.instrset/cmsis.instrset/CMSIS/RTOS/RTX/LIB/GCC/libRTX_CM4.a(rt_cmsis.o)
                0x0000a440                osSignalClear
 .text.osSignalWait
                0x0000a45c       0x2c C:/ProgramData/MATLAB/SupportPackages/R2022b/3P.instrset/cmsis.instrset/CMSIS/RTOS/RTX/LIB/GCC/libRTX_CM4.a(rt_cmsis.o)
                0x0000a45c                osSignalWait
 .text.svcMessageGet
                0x0000a488       0xbc C:/ProgramData/MATLAB/SupportPackages/R2022b/3P.instrset/cmsis.instrset/CMSIS/RTOS/RTX/LIB/GCC/libRTX_CM4.a(rt_cmsis.o)
                0x0000a488                svcMessageGet
 .text.rt_init_stack
                0x0000a544       0xa8 C:/ProgramData/MATLAB/SupportPackages/R2022b/3P.instrset/cmsis.instrset/CMSIS/RTOS/RTX/LIB/GCC/libRTX_CM4.a(hal_cm.o)
                0x0000a544                rt_init_stack
 .text.rt_ret_val
                0x0000a5ec       0x14 C:/ProgramData/MATLAB/SupportPackages/R2022b/3P.instrset/cmsis.instrset/CMSIS/RTOS/RTX/LIB/GCC/libRTX_CM4.a(hal_cm.o)
                0x0000a5ec                rt_ret_val
 .text.rt_ret_val2
                0x0000a600       0x24 C:/ProgramData/MATLAB/SupportPackages/R2022b/3P.instrset/cmsis.instrset/CMSIS/RTOS/RTX/LIB/GCC/libRTX_CM4.a(hal_cm.o)
                0x0000a600                rt_ret_val2
 .text.dbg_init
                0x0000a624       0x34 C:/ProgramData/MATLAB/SupportPackages/R2022b/3P.instrset/cmsis.instrset/CMSIS/RTOS/RTX/LIB/GCC/libRTX_CM4.a(hal_cm.o)
                0x0000a624                dbg_init
 .text.dbg_task_notify
                0x0000a658       0x2c C:/ProgramData/MATLAB/SupportPackages/R2022b/3P.instrset/cmsis.instrset/CMSIS/RTOS/RTX/LIB/GCC/libRTX_CM4.a(hal_cm.o)
                0x0000a658                dbg_task_notify
 .text.dbg_task_switch
                0x0000a684       0x14 C:/ProgramData/MATLAB/SupportPackages/R2022b/3P.instrset/cmsis.instrset/CMSIS/RTOS/RTX/LIB/GCC/libRTX_CM4.a(hal_cm.o)
                0x0000a684                dbg_task_switch
 .text.rt_init_mem
                0x0000a698       0x1c C:/ProgramData/MATLAB/SupportPackages/R2022b/3P.instrset/cmsis.instrset/CMSIS/RTOS/RTX/LIB/GCC/libRTX_CM4.a(rt_memory.o)
                0x0000a698                rt_init_mem
 .text.rt_alloc_mem
                0x0000a6b4       0x48 C:/ProgramData/MATLAB/SupportPackages/R2022b/3P.instrset/cmsis.instrset/CMSIS/RTOS/RTX/LIB/GCC/libRTX_CM4.a(rt_memory.o)
                0x0000a6b4                rt_alloc_mem
 .text.rt_free_mem
                0x0000a6fc       0x54 C:/ProgramData/MATLAB/SupportPackages/R2022b/3P.instrset/cmsis.instrset/CMSIS/RTOS/RTX/LIB/GCC/libRTX_CM4.a(rt_memory.o)
                0x0000a6fc                rt_free_mem
 .text._init_box
                0x0000a750       0x58 C:/ProgramData/MATLAB/SupportPackages/R2022b/3P.instrset/cmsis.instrset/CMSIS/RTOS/RTX/LIB/GCC/libRTX_CM4.a(rt_membox.o)
                0x0000a750                _init_box
 .text.rt_alloc_box
                0x0000a7a8       0x1c C:/ProgramData/MATLAB/SupportPackages/R2022b/3P.instrset/cmsis.instrset/CMSIS/RTOS/RTX/LIB/GCC/libRTX_CM4.a(rt_membox.o)
                0x0000a7a8                rt_alloc_box
 .text.rt_free_box
                0x0000a7c4       0x28 C:/ProgramData/MATLAB/SupportPackages/R2022b/3P.instrset/cmsis.instrset/CMSIS/RTOS/RTX/LIB/GCC/libRTX_CM4.a(rt_membox.o)
                0x0000a7c4                rt_free_box
 .text.rt_sem_psh
                0x0000a7ec       0x34 C:/ProgramData/MATLAB/SupportPackages/R2022b/3P.instrset/cmsis.instrset/CMSIS/RTOS/RTX/LIB/GCC/libRTX_CM4.a(rt_semaphore.o)
                0x0000a7ec                rt_sem_psh
 .text.rt_mbx_init
                0x0000a820       0x18 C:/ProgramData/MATLAB/SupportPackages/R2022b/3P.instrset/cmsis.instrset/CMSIS/RTOS/RTX/LIB/GCC/libRTX_CM4.a(rt_mailbox.o)
                0x0000a820                rt_mbx_init
 .text.rt_mbx_wait
                0x0000a838       0xa8 C:/ProgramData/MATLAB/SupportPackages/R2022b/3P.instrset/cmsis.instrset/CMSIS/RTOS/RTX/LIB/GCC/libRTX_CM4.a(rt_mailbox.o)
                0x0000a838                rt_mbx_wait
 .text.rt_mbx_check
                0x0000a8e0        0x8 C:/ProgramData/MATLAB/SupportPackages/R2022b/3P.instrset/cmsis.instrset/CMSIS/RTOS/RTX/LIB/GCC/libRTX_CM4.a(rt_mailbox.o)
                0x0000a8e0                rt_mbx_check
 .text.isr_mbx_send
                0x0000a8e8       0x10 C:/ProgramData/MATLAB/SupportPackages/R2022b/3P.instrset/cmsis.instrset/CMSIS/RTOS/RTX/LIB/GCC/libRTX_CM4.a(rt_mailbox.o)
                0x0000a8e8                isr_mbx_send
 .text.rt_mbx_psh
                0x0000a8f8       0xe8 C:/ProgramData/MATLAB/SupportPackages/R2022b/3P.instrset/cmsis.instrset/CMSIS/RTOS/RTX/LIB/GCC/libRTX_CM4.a(rt_mailbox.o)
                0x0000a8f8                rt_mbx_psh
 .text.rt_put_prio
                0x0000a9e0       0x50 C:/ProgramData/MATLAB/SupportPackages/R2022b/3P.instrset/cmsis.instrset/CMSIS/RTOS/RTX/LIB/GCC/libRTX_CM4.a(rt_list.o)
                0x0000a9e0                rt_put_prio
 .text.rt_get_first
                0x0000aa30       0x28 C:/ProgramData/MATLAB/SupportPackages/R2022b/3P.instrset/cmsis.instrset/CMSIS/RTOS/RTX/LIB/GCC/libRTX_CM4.a(rt_list.o)
                0x0000aa30                rt_get_first
 .text.rt_put_rdy_first
                0x0000aa58       0x14 C:/ProgramData/MATLAB/SupportPackages/R2022b/3P.instrset/cmsis.instrset/CMSIS/RTOS/RTX/LIB/GCC/libRTX_CM4.a(rt_list.o)
                0x0000aa58                rt_put_rdy_first
 .text.rt_resort_prio
                0x0000aa6c       0xac C:/ProgramData/MATLAB/SupportPackages/R2022b/3P.instrset/cmsis.instrset/CMSIS/RTOS/RTX/LIB/GCC/libRTX_CM4.a(rt_list.o)
                0x0000aa6c                rt_resort_prio
 .text.rt_put_dly
                0x0000ab18       0x60 C:/ProgramData/MATLAB/SupportPackages/R2022b/3P.instrset/cmsis.instrset/CMSIS/RTOS/RTX/LIB/GCC/libRTX_CM4.a(rt_list.o)
                0x0000ab18                rt_put_dly
 .text.rt_dec_dly
                0x0000ab78       0xbc C:/ProgramData/MATLAB/SupportPackages/R2022b/3P.instrset/cmsis.instrset/CMSIS/RTOS/RTX/LIB/GCC/libRTX_CM4.a(rt_list.o)
                0x0000ab78                rt_dec_dly
 .text.rt_rmv_list
                0x0000ac34       0x2c C:/ProgramData/MATLAB/SupportPackages/R2022b/3P.instrset/cmsis.instrset/CMSIS/RTOS/RTX/LIB/GCC/libRTX_CM4.a(rt_list.o)
                0x0000ac34                rt_rmv_list
 .text.rt_rmv_dly
                0x0000ac60       0x30 C:/ProgramData/MATLAB/SupportPackages/R2022b/3P.instrset/cmsis.instrset/CMSIS/RTOS/RTX/LIB/GCC/libRTX_CM4.a(rt_list.o)
                0x0000ac60                rt_rmv_dly
 .text.rt_psq_enq
                0x0000ac90       0x44 C:/ProgramData/MATLAB/SupportPackages/R2022b/3P.instrset/cmsis.instrset/CMSIS/RTOS/RTX/LIB/GCC/libRTX_CM4.a(rt_list.o)
                0x0000ac90                rt_psq_enq
 .text.rt_evt_wait
                0x0000acd4       0x44 C:/ProgramData/MATLAB/SupportPackages/R2022b/3P.instrset/cmsis.instrset/CMSIS/RTOS/RTX/LIB/GCC/libRTX_CM4.a(rt_event.o)
                0x0000acd4                rt_evt_wait
 .text.rt_evt_set
                0x0000ad18       0x58 C:/ProgramData/MATLAB/SupportPackages/R2022b/3P.instrset/cmsis.instrset/CMSIS/RTOS/RTX/LIB/GCC/libRTX_CM4.a(rt_event.o)
                0x0000ad18                rt_evt_set
 .text.rt_evt_clr
                0x0000ad70       0x18 C:/ProgramData/MATLAB/SupportPackages/R2022b/3P.instrset/cmsis.instrset/CMSIS/RTOS/RTX/LIB/GCC/libRTX_CM4.a(rt_event.o)
                0x0000ad70                rt_evt_clr
 .text.isr_evt_set
                0x0000ad88       0x24 C:/ProgramData/MATLAB/SupportPackages/R2022b/3P.instrset/cmsis.instrset/CMSIS/RTOS/RTX/LIB/GCC/libRTX_CM4.a(rt_event.o)
                0x0000ad88                isr_evt_set
 .text.rt_evt_psh
                0x0000adac       0x50 C:/ProgramData/MATLAB/SupportPackages/R2022b/3P.instrset/cmsis.instrset/CMSIS/RTOS/RTX/LIB/GCC/libRTX_CM4.a(rt_event.o)
                0x0000adac                rt_evt_psh
 .text.rt_psh_req
                0x0000adfc       0x20 C:/ProgramData/MATLAB/SupportPackages/R2022b/3P.instrset/cmsis.instrset/CMSIS/RTOS/RTX/LIB/GCC/libRTX_CM4.a(rt_system.o)
                0x0000adfc                rt_psh_req
 .text.rt_pop_req
                0x0000ae1c       0x9c C:/ProgramData/MATLAB/SupportPackages/R2022b/3P.instrset/cmsis.instrset/CMSIS/RTOS/RTX/LIB/GCC/libRTX_CM4.a(rt_system.o)
                0x0000ae1c                rt_pop_req
 .text.os_tick_init
                0x0000aeb8       0x40 C:/ProgramData/MATLAB/SupportPackages/R2022b/3P.instrset/cmsis.instrset/CMSIS/RTOS/RTX/LIB/GCC/libRTX_CM4.a(rt_system.o)
                0x0000aeb8                os_tick_init
 .text.os_tick_irqack
                0x0000aef8        0x4 C:/ProgramData/MATLAB/SupportPackages/R2022b/3P.instrset/cmsis.instrset/CMSIS/RTOS/RTX/LIB/GCC/libRTX_CM4.a(rt_system.o)
                0x0000aef8                os_tick_irqack
 .text.rt_systick
                0x0000aefc       0x3c C:/ProgramData/MATLAB/SupportPackages/R2022b/3P.instrset/cmsis.instrset/CMSIS/RTOS/RTX/LIB/GCC/libRTX_CM4.a(rt_system.o)
                0x0000aefc                rt_systick
 .text.rt_stk_check
                0x0000af38       0x24 C:/ProgramData/MATLAB/SupportPackages/R2022b/3P.instrset/cmsis.instrset/CMSIS/RTOS/RTX/LIB/GCC/libRTX_CM4.a(rt_system.o)
                0x0000af38                rt_stk_check
 .text.rt_switch_req
                0x0000af5c       0x24 C:/ProgramData/MATLAB/SupportPackages/R2022b/3P.instrset/cmsis.instrset/CMSIS/RTOS/RTX/LIB/GCC/libRTX_CM4.a(rt_task.o)
                0x0000af5c                rt_switch_req
 .text.rt_dispatch
                0x0000af80       0x78 C:/ProgramData/MATLAB/SupportPackages/R2022b/3P.instrset/cmsis.instrset/CMSIS/RTOS/RTX/LIB/GCC/libRTX_CM4.a(rt_task.o)
                0x0000af80                rt_dispatch
 .text.rt_block
                0x0000aff8       0x50 C:/ProgramData/MATLAB/SupportPackages/R2022b/3P.instrset/cmsis.instrset/CMSIS/RTOS/RTX/LIB/GCC/libRTX_CM4.a(rt_task.o)
                0x0000aff8                rt_block
 .text.rt_tsk_self
                0x0000b048       0x10 C:/ProgramData/MATLAB/SupportPackages/R2022b/3P.instrset/cmsis.instrset/CMSIS/RTOS/RTX/LIB/GCC/libRTX_CM4.a(rt_task.o)
                0x0000b048                rt_tsk_self
 .text.rt_tsk_prio
                0x0000b058       0xa0 C:/ProgramData/MATLAB/SupportPackages/R2022b/3P.instrset/cmsis.instrset/CMSIS/RTOS/RTX/LIB/GCC/libRTX_CM4.a(rt_task.o)
                0x0000b058                rt_tsk_prio
 .text.rt_tsk_create
                0x0000b0f8       0xc8 C:/ProgramData/MATLAB/SupportPackages/R2022b/3P.instrset/cmsis.instrset/CMSIS/RTOS/RTX/LIB/GCC/libRTX_CM4.a(rt_task.o)
                0x0000b0f8                rt_tsk_create
 .text.rt_tsk_delete
                0x0000b1c0      0x1bc C:/ProgramData/MATLAB/SupportPackages/R2022b/3P.instrset/cmsis.instrset/CMSIS/RTOS/RTX/LIB/GCC/libRTX_CM4.a(rt_task.o)
                0x0000b1c0                rt_tsk_delete
 .text.rt_sys_init
                0x0000b37c       0xdc C:/ProgramData/MATLAB/SupportPackages/R2022b/3P.instrset/cmsis.instrset/CMSIS/RTOS/RTX/LIB/GCC/libRTX_CM4.a(rt_task.o)
                0x0000b37c                rt_sys_init
 .text.rt_sys_start
                0x0000b458       0x8c C:/ProgramData/MATLAB/SupportPackages/R2022b/3P.instrset/cmsis.instrset/CMSIS/RTOS/RTX/LIB/GCC/libRTX_CM4.a(rt_task.o)
                0x0000b458                rt_sys_start
 .text.OSA_TimeInit
                0x0000b4e4       0x40 C:/ProgramData/MATLAB/SupportPackages/R2022b/toolbox/target/supportpackages/freedomk64f/src/ksdk_armgcc_lib/bm/libksdk_platform.a(fsl_os_abstraction_bm.o)
                0x0000b4e4                OSA_TimeInit
 .text.OSA_TimeDiff
                0x0000b524        0xe C:/ProgramData/MATLAB/SupportPackages/R2022b/toolbox/target/supportpackages/freedomk64f/src/ksdk_armgcc_lib/bm/libksdk_platform.a(fsl_os_abstraction_bm.o)
                0x0000b524                OSA_TimeDiff
 *fill*         0x0000b532        0x2 
 .text.OSA_SemaCreate
                0x0000b534       0x2c C:/ProgramData/MATLAB/SupportPackages/R2022b/toolbox/target/supportpackages/freedomk64f/src/ksdk_armgcc_lib/bm/libksdk_platform.a(fsl_os_abstraction_bm.o)
                0x0000b534                OSA_SemaCreate
 .text.OSA_SemaPost
                0x0000b560       0x3c C:/ProgramData/MATLAB/SupportPackages/R2022b/toolbox/target/supportpackages/freedomk64f/src/ksdk_armgcc_lib/bm/libksdk_platform.a(fsl_os_abstraction_bm.o)
                0x0000b560                OSA_SemaPost
 .text.task_init
                0x0000b59c       0x38 C:/ProgramData/MATLAB/SupportPackages/R2022b/toolbox/target/supportpackages/freedomk64f/src/ksdk_armgcc_lib/bm/libksdk_platform.a(fsl_os_abstraction_bm.o)
                0x0000b59c                task_init
 .text.OSA_TimeGetMsec
                0x0000b5d4        0xc C:/ProgramData/MATLAB/SupportPackages/R2022b/toolbox/target/supportpackages/freedomk64f/src/ksdk_armgcc_lib/bm/libksdk_platform.a(fsl_os_abstraction_bm.o)
                0x0000b5d4                OSA_TimeGetMsec
 .text.OSA_TimeDelay
                0x0000b5e0       0x1c C:/ProgramData/MATLAB/SupportPackages/R2022b/toolbox/target/supportpackages/freedomk64f/src/ksdk_armgcc_lib/bm/libksdk_platform.a(fsl_os_abstraction_bm.o)
                0x0000b5e0                OSA_TimeDelay
 .text.OSA_Init
                0x0000b5fc        0xe C:/ProgramData/MATLAB/SupportPackages/R2022b/toolbox/target/supportpackages/freedomk64f/src/ksdk_armgcc_lib/bm/libksdk_platform.a(fsl_os_abstraction_bm.o)
                0x0000b5fc                OSA_Init
 *fill*         0x0000b60a        0x2 
 .text.CLOCK_SYS_SetMcgPeeToFbe
                0x0000b60c       0x34 C:/ProgramData/MATLAB/SupportPackages/R2022b/toolbox/target/supportpackages/freedomk64f/src/ksdk_armgcc_lib/bm/libksdk_platform.a(fsl_clock_manager.o)
 .text.CLOCK_SYS_SetMcgMode
                0x0000b640      0x124 C:/ProgramData/MATLAB/SupportPackages/R2022b/toolbox/target/supportpackages/freedomk64f/src/ksdk_armgcc_lib/bm/libksdk_platform.a(fsl_clock_manager.o)
                0x0000b640                CLOCK_SYS_SetMcgMode
 .text.CLOCK_SYS_SetOscerConfigration
                0x0000b764       0x20 C:/ProgramData/MATLAB/SupportPackages/R2022b/toolbox/target/supportpackages/freedomk64f/src/ksdk_armgcc_lib/bm/libksdk_platform.a(fsl_clock_manager.o)
                0x0000b764                CLOCK_SYS_SetOscerConfigration
 .text.CLOCK_SYS_OscInit
                0x0000b784       0x98 C:/ProgramData/MATLAB/SupportPackages/R2022b/toolbox/target/supportpackages/freedomk64f/src/ksdk_armgcc_lib/bm/libksdk_platform.a(fsl_clock_manager.o)
                0x0000b784                CLOCK_SYS_OscInit
 .text.CLOCK_SYS_RtcOscInit
                0x0000b81c       0x6c C:/ProgramData/MATLAB/SupportPackages/R2022b/toolbox/target/supportpackages/freedomk64f/src/ksdk_armgcc_lib/bm/libksdk_platform.a(fsl_clock_manager.o)
                0x0000b81c                CLOCK_SYS_RtcOscInit
 .text.SIM_HAL_EnableClock.constprop.0
                0x0000b888       0x1c C:/ProgramData/MATLAB/SupportPackages/R2022b/toolbox/target/supportpackages/freedomk64f/src/ksdk_armgcc_lib/bm/libksdk_platform.a(fsl_clock_MK64F12.o)
 .text.CLOCK_SYS_GetCoreClockFreq
                0x0000b8a4       0x24 C:/ProgramData/MATLAB/SupportPackages/R2022b/toolbox/target/supportpackages/freedomk64f/src/ksdk_armgcc_lib/bm/libksdk_platform.a(fsl_clock_MK64F12.o)
                0x0000b8a4                CLOCK_SYS_GetCoreClockFreq
 .text.CLOCK_SYS_SetConfiguration
                0x0000b8c8       0x94 C:/ProgramData/MATLAB/SupportPackages/R2022b/toolbox/target/supportpackages/freedomk64f/src/ksdk_armgcc_lib/bm/libksdk_platform.a(fsl_clock_MK64F12.o)
                0x0000b8c8                CLOCK_SYS_SetConfiguration
 .text.CLOCK_SYS_FllStableDelay
                0x0000b95c       0x18 C:/ProgramData/MATLAB/SupportPackages/R2022b/toolbox/target/supportpackages/freedomk64f/src/ksdk_armgcc_lib/bm/libksdk_platform.a(fsl_clock_MK64F12.o)
 .text.CLOCK_SYS_GetBusClockFreq
                0x0000b974       0x24 C:/ProgramData/MATLAB/SupportPackages/R2022b/toolbox/target/supportpackages/freedomk64f/src/ksdk_armgcc_lib/bm/libksdk_platform.a(fsl_clock_MK64F12.o)
                0x0000b974                CLOCK_SYS_GetBusClockFreq
 .text.CLOCK_SYS_GetUartFreq
                0x0000b998       0x16 C:/ProgramData/MATLAB/SupportPackages/R2022b/toolbox/target/supportpackages/freedomk64f/src/ksdk_armgcc_lib/bm/libksdk_platform.a(fsl_clock_MK64F12.o)
                0x0000b998                CLOCK_SYS_GetUartFreq
 *fill*         0x0000b9ae        0x2 
 .text.CLOCK_SYS_GetFtmExternalFreq
                0x0000b9b0       0x20 C:/ProgramData/MATLAB/SupportPackages/R2022b/toolbox/target/supportpackages/freedomk64f/src/ksdk_armgcc_lib/bm/libksdk_platform.a(fsl_clock_MK64F12.o)
                0x0000b9b0                CLOCK_SYS_GetFtmExternalFreq
 .text.CLOCK_SYS_EnablePortClock
                0x0000b9d0       0x30 C:/ProgramData/MATLAB/SupportPackages/R2022b/toolbox/target/supportpackages/freedomk64f/src/ksdk_armgcc_lib/bm/libksdk_platform.a(fsl_clock_MK64F12.o)
                0x0000b9d0                CLOCK_SYS_EnablePortClock
 .text.CLOCK_SYS_EnableAdcClock
                0x0000ba00       0x30 C:/ProgramData/MATLAB/SupportPackages/R2022b/toolbox/target/supportpackages/freedomk64f/src/ksdk_armgcc_lib/bm/libksdk_platform.a(fsl_clock_MK64F12.o)
                0x0000ba00                CLOCK_SYS_EnableAdcClock
 .text.CLOCK_SYS_EnableFtmClock
                0x0000ba30       0x30 C:/ProgramData/MATLAB/SupportPackages/R2022b/toolbox/target/supportpackages/freedomk64f/src/ksdk_armgcc_lib/bm/libksdk_platform.a(fsl_clock_MK64F12.o)
                0x0000ba30                CLOCK_SYS_EnableFtmClock
 .text.CLOCK_SYS_EnableI2cClock
                0x0000ba60       0x30 C:/ProgramData/MATLAB/SupportPackages/R2022b/toolbox/target/supportpackages/freedomk64f/src/ksdk_armgcc_lib/bm/libksdk_platform.a(fsl_clock_MK64F12.o)
                0x0000ba60                CLOCK_SYS_EnableI2cClock
 .text.CLOCK_SYS_EnableUartClock
                0x0000ba90       0x30 C:/ProgramData/MATLAB/SupportPackages/R2022b/toolbox/target/supportpackages/freedomk64f/src/ksdk_armgcc_lib/bm/libksdk_platform.a(fsl_clock_MK64F12.o)
                0x0000ba90                CLOCK_SYS_EnableUartClock
 .text.INT_SYS_EnableIRQGlobal
                0x0000bac0       0x14 C:/ProgramData/MATLAB/SupportPackages/R2022b/toolbox/target/supportpackages/freedomk64f/src/ksdk_armgcc_lib/bm/libksdk_platform.a(fsl_interrupt_manager.o)
                0x0000bac0                INT_SYS_EnableIRQGlobal
 .text.INT_SYS_DisableIRQGlobal
                0x0000bad4       0x10 C:/ProgramData/MATLAB/SupportPackages/R2022b/toolbox/target/supportpackages/freedomk64f/src/ksdk_armgcc_lib/bm/libksdk_platform.a(fsl_interrupt_manager.o)
                0x0000bad4                INT_SYS_DisableIRQGlobal
 .text.ADC16_HAL_GetChnConvCompletedFlag.part.0
                0x0000bae4       0x1c C:/ProgramData/MATLAB/SupportPackages/R2022b/toolbox/target/supportpackages/freedomk64f/src/ksdk_armgcc_lib/bm/libksdk_platform.a(fsl_adc16_driver.o)
 .text.ADC16_DRV_StructInitUserConfigDefault
                0x0000bb00       0x24 C:/ProgramData/MATLAB/SupportPackages/R2022b/toolbox/target/supportpackages/freedomk64f/src/ksdk_armgcc_lib/bm/libksdk_platform.a(fsl_adc16_driver.o)
                0x0000bb00                ADC16_DRV_StructInitUserConfigDefault
 .text.ADC16_DRV_Init
                0x0000bb24       0x90 C:/ProgramData/MATLAB/SupportPackages/R2022b/toolbox/target/supportpackages/freedomk64f/src/ksdk_armgcc_lib/bm/libksdk_platform.a(fsl_adc16_driver.o)
                0x0000bb24                ADC16_DRV_Init
 .text.ADC16_DRV_SetChnMux
                0x0000bbb4       0x40 C:/ProgramData/MATLAB/SupportPackages/R2022b/toolbox/target/supportpackages/freedomk64f/src/ksdk_armgcc_lib/bm/libksdk_platform.a(fsl_adc16_driver.o)
                0x0000bbb4                ADC16_DRV_SetChnMux
 .text.ADC16_DRV_ConfigConvChn
                0x0000bbf4       0x38 C:/ProgramData/MATLAB/SupportPackages/R2022b/toolbox/target/supportpackages/freedomk64f/src/ksdk_armgcc_lib/bm/libksdk_platform.a(fsl_adc16_driver.o)
                0x0000bbf4                ADC16_DRV_ConfigConvChn
 .text.ADC16_DRV_WaitConvDone
                0x0000bc2c       0x48 C:/ProgramData/MATLAB/SupportPackages/R2022b/toolbox/target/supportpackages/freedomk64f/src/ksdk_armgcc_lib/bm/libksdk_platform.a(fsl_adc16_driver.o)
                0x0000bc2c                ADC16_DRV_WaitConvDone
 .text.ADC16_DRV_GetConvValueRAW
                0x0000bc74       0x50 C:/ProgramData/MATLAB/SupportPackages/R2022b/toolbox/target/supportpackages/freedomk64f/src/ksdk_armgcc_lib/bm/libksdk_platform.a(fsl_adc16_driver.o)
                0x0000bc74                ADC16_DRV_GetConvValueRAW
 .text.EDMA_HAL_SetErrorIntCmd
                0x0000bcc4        0xa C:/ProgramData/MATLAB/SupportPackages/R2022b/toolbox/target/supportpackages/freedomk64f/src/ksdk_armgcc_lib/bm/libksdk_platform.a(fsl_edma_hal.o)
                0x0000bcc4                EDMA_HAL_SetErrorIntCmd
 .text.EDMA_HAL_SetDmaRequestCmd
                0x0000bcce        0xa C:/ProgramData/MATLAB/SupportPackages/R2022b/toolbox/target/supportpackages/freedomk64f/src/ksdk_armgcc_lib/bm/libksdk_platform.a(fsl_edma_hal.o)
                0x0000bcce                EDMA_HAL_SetDmaRequestCmd
 .text.EDMA_HAL_HTCDClearReg
                0x0000bcd8       0x4a C:/ProgramData/MATLAB/SupportPackages/R2022b/toolbox/target/supportpackages/freedomk64f/src/ksdk_armgcc_lib/bm/libksdk_platform.a(fsl_edma_hal.o)
                0x0000bcd8                EDMA_HAL_HTCDClearReg
 .text.EDMA_HAL_Init
                0x0000bd22       0x28 C:/ProgramData/MATLAB/SupportPackages/R2022b/toolbox/target/supportpackages/freedomk64f/src/ksdk_armgcc_lib/bm/libksdk_platform.a(fsl_edma_hal.o)
                0x0000bd22                EDMA_HAL_Init
 *fill*         0x0000bd4a        0x2 
 .text.EDMA_HAL_HTCDSetAttribute
                0x0000bd4c       0x48 C:/ProgramData/MATLAB/SupportPackages/R2022b/toolbox/target/supportpackages/freedomk64f/src/ksdk_armgcc_lib/bm/libksdk_platform.a(fsl_edma_hal.o)
                0x0000bd4c                EDMA_HAL_HTCDSetAttribute
 .text.EDMA_HAL_HTCDSetNbytes
                0x0000bd94       0x7c C:/ProgramData/MATLAB/SupportPackages/R2022b/toolbox/target/supportpackages/freedomk64f/src/ksdk_armgcc_lib/bm/libksdk_platform.a(fsl_edma_hal.o)
                0x0000bd94                EDMA_HAL_HTCDSetNbytes
 .text.EDMA_HAL_HTCDGetNbytes
                0x0000be10       0x68 C:/ProgramData/MATLAB/SupportPackages/R2022b/toolbox/target/supportpackages/freedomk64f/src/ksdk_armgcc_lib/bm/libksdk_platform.a(fsl_edma_hal.o)
                0x0000be10                EDMA_HAL_HTCDGetNbytes
 .text.EDMA_HAL_HTCDSetChannelMinorLink
                0x0000be78       0x80 C:/ProgramData/MATLAB/SupportPackages/R2022b/toolbox/target/supportpackages/freedomk64f/src/ksdk_armgcc_lib/bm/libksdk_platform.a(fsl_edma_hal.o)
                0x0000be78                EDMA_HAL_HTCDSetChannelMinorLink
 .text.EDMA_HAL_HTCDSetMajorCount
                0x0000bef8       0x78 C:/ProgramData/MATLAB/SupportPackages/R2022b/toolbox/target/supportpackages/freedomk64f/src/ksdk_armgcc_lib/bm/libksdk_platform.a(fsl_edma_hal.o)
                0x0000bef8                EDMA_HAL_HTCDSetMajorCount
 .text.EDMA_HAL_HTCDGetUnfinishedBytes
                0x0000bf70       0x54 C:/ProgramData/MATLAB/SupportPackages/R2022b/toolbox/target/supportpackages/freedomk64f/src/ksdk_armgcc_lib/bm/libksdk_platform.a(fsl_edma_hal.o)
                0x0000bf70                EDMA_HAL_HTCDGetUnfinishedBytes
 .text.INT_SYS_EnableIRQ
                0x0000bfc4       0x48 C:/ProgramData/MATLAB/SupportPackages/R2022b/toolbox/target/supportpackages/freedomk64f/src/ksdk_armgcc_lib/bm/libksdk_platform.a(fsl_edma_driver.o)
 .text.EDMA_DRV_ClaimChannel
                0x0000c00c       0x70 C:/ProgramData/MATLAB/SupportPackages/R2022b/toolbox/target/supportpackages/freedomk64f/src/ksdk_armgcc_lib/bm/libksdk_platform.a(fsl_edma_driver.o)
 .text.EDMA_DRV_Init
                0x0000c07c       0x84 C:/ProgramData/MATLAB/SupportPackages/R2022b/toolbox/target/supportpackages/freedomk64f/src/ksdk_armgcc_lib/bm/libksdk_platform.a(fsl_edma_driver.o)
                0x0000c07c                EDMA_DRV_Init
 .text.EDMA_DRV_InstallCallback
                0x0000c100        0x8 C:/ProgramData/MATLAB/SupportPackages/R2022b/toolbox/target/supportpackages/freedomk64f/src/ksdk_armgcc_lib/bm/libksdk_platform.a(fsl_edma_driver.o)
                0x0000c100                EDMA_DRV_InstallCallback
 .text.EDMA_DRV_RequestChannel
                0x0000c108       0x70 C:/ProgramData/MATLAB/SupportPackages/R2022b/toolbox/target/supportpackages/freedomk64f/src/ksdk_armgcc_lib/bm/libksdk_platform.a(fsl_edma_driver.o)
                0x0000c108                EDMA_DRV_RequestChannel
 .text.EDMA_DRV_IRQHandler
                0x0000c178       0x30 C:/ProgramData/MATLAB/SupportPackages/R2022b/toolbox/target/supportpackages/freedomk64f/src/ksdk_armgcc_lib/bm/libksdk_platform.a(fsl_edma_driver.o)
                0x0000c178                EDMA_DRV_IRQHandler
 .text.EDMA_DRV_ErrorIRQHandler
                0x0000c1a8       0x8c C:/ProgramData/MATLAB/SupportPackages/R2022b/toolbox/target/supportpackages/freedomk64f/src/ksdk_armgcc_lib/bm/libksdk_platform.a(fsl_edma_driver.o)
                0x0000c1a8                EDMA_DRV_ErrorIRQHandler
 .text.FTM_HAL_SetClockSource
                0x0000c234       0x12 C:/ProgramData/MATLAB/SupportPackages/R2022b/toolbox/target/supportpackages/freedomk64f/src/ksdk_armgcc_lib/bm/libksdk_platform.a(fsl_ftm_driver.o)
 *fill*         0x0000c246        0x2 
 .text.FTM_HAL_SetChnCountVal.part.0
                0x0000c248       0x1c C:/ProgramData/MATLAB/SupportPackages/R2022b/toolbox/target/supportpackages/freedomk64f/src/ksdk_armgcc_lib/bm/libksdk_platform.a(fsl_ftm_driver.o)
 .text.FTM_DRV_Init
                0x0000c264      0x10c C:/ProgramData/MATLAB/SupportPackages/R2022b/toolbox/target/supportpackages/freedomk64f/src/ksdk_armgcc_lib/bm/libksdk_platform.a(fsl_ftm_driver.o)
                0x0000c264                FTM_DRV_Init
 .text.FTM_DRV_SetClock
                0x0000c370       0x54 C:/ProgramData/MATLAB/SupportPackages/R2022b/toolbox/target/supportpackages/freedomk64f/src/ksdk_armgcc_lib/bm/libksdk_platform.a(fsl_ftm_driver.o)
                0x0000c370                FTM_DRV_SetClock
 .text.FTM_DRV_GetClock
                0x0000c3c4       0x68 C:/ProgramData/MATLAB/SupportPackages/R2022b/toolbox/target/supportpackages/freedomk64f/src/ksdk_armgcc_lib/bm/libksdk_platform.a(fsl_ftm_driver.o)
                0x0000c3c4                FTM_DRV_GetClock
 .text.FTM_DRV_PwmStart
                0x0000c42c      0x1cc C:/ProgramData/MATLAB/SupportPackages/R2022b/toolbox/target/supportpackages/freedomk64f/src/ksdk_armgcc_lib/bm/libksdk_platform.a(fsl_ftm_driver.o)
                0x0000c42c                FTM_DRV_PwmStart
 .text.PORT_HAL_SetMuxMode.part.0
                0x0000c5f8       0x1c C:/ProgramData/MATLAB/SupportPackages/R2022b/toolbox/target/supportpackages/freedomk64f/src/ksdk_armgcc_lib/bm/libksdk_platform.a(fsl_gpio_driver.o)
 .text.GPIO_DRV_InputPinInit
                0x0000c614       0xe4 C:/ProgramData/MATLAB/SupportPackages/R2022b/toolbox/target/supportpackages/freedomk64f/src/ksdk_armgcc_lib/bm/libksdk_platform.a(fsl_gpio_driver.o)
                0x0000c614                GPIO_DRV_InputPinInit
 .text.GPIO_DRV_OutputPinInit
                0x0000c6f8       0x78 C:/ProgramData/MATLAB/SupportPackages/R2022b/toolbox/target/supportpackages/freedomk64f/src/ksdk_armgcc_lib/bm/libksdk_platform.a(fsl_gpio_driver.o)
                0x0000c6f8                GPIO_DRV_OutputPinInit
 .text.GPIO_DRV_WritePinOutput
                0x0000c770       0x1c C:/ProgramData/MATLAB/SupportPackages/R2022b/toolbox/target/supportpackages/freedomk64f/src/ksdk_armgcc_lib/bm/libksdk_platform.a(fsl_gpio_driver.o)
                0x0000c770                GPIO_DRV_WritePinOutput
 .text.GPIO_DRV_ReadPinInput
                0x0000c78c       0x3c C:/ProgramData/MATLAB/SupportPackages/R2022b/toolbox/target/supportpackages/freedomk64f/src/ksdk_armgcc_lib/bm/libksdk_platform.a(fsl_gpio_driver.o)
                0x0000c78c                GPIO_DRV_ReadPinInput
 .text.I2C_HAL_Init
                0x0000c7c8       0x1c C:/ProgramData/MATLAB/SupportPackages/R2022b/toolbox/target/supportpackages/freedomk64f/src/ksdk_armgcc_lib/bm/libksdk_platform.a(fsl_i2c_hal.o)
                0x0000c7c8                I2C_HAL_Init
 .text.I2C_HAL_SetBaudRate
                0x0000c7e4       0x70 C:/ProgramData/MATLAB/SupportPackages/R2022b/toolbox/target/supportpackages/freedomk64f/src/ksdk_armgcc_lib/bm/libksdk_platform.a(fsl_i2c_hal.o)
                0x0000c7e4                I2C_HAL_SetBaudRate
 .text.I2C_HAL_SendStart
                0x0000c854       0x20 C:/ProgramData/MATLAB/SupportPackages/R2022b/toolbox/target/supportpackages/freedomk64f/src/ksdk_armgcc_lib/bm/libksdk_platform.a(fsl_i2c_hal.o)
                0x0000c854                I2C_HAL_SendStart
 .text.I2C_HAL_SendStop
                0x0000c874       0x50 C:/ProgramData/MATLAB/SupportPackages/R2022b/toolbox/target/supportpackages/freedomk64f/src/ksdk_armgcc_lib/bm/libksdk_platform.a(fsl_i2c_hal.o)
                0x0000c874                I2C_HAL_SendStop
 .text.LPTMR_HAL_SetTimerWorkingMode
                0x0000c8c4       0x3c C:/ProgramData/MATLAB/SupportPackages/R2022b/toolbox/target/supportpackages/freedomk64f/src/ksdk_armgcc_lib/bm/libksdk_platform.a(fsl_lptmr_hal.o)
                0x0000c8c4                LPTMR_HAL_SetTimerWorkingMode
 .text.LPTMR_HAL_SetPrescalerMode
                0x0000c900       0x1c C:/ProgramData/MATLAB/SupportPackages/R2022b/toolbox/target/supportpackages/freedomk64f/src/ksdk_armgcc_lib/bm/libksdk_platform.a(fsl_lptmr_hal.o)
                0x0000c900                LPTMR_HAL_SetPrescalerMode
 .text.LPTMR_HAL_GetCounterValue
                0x0000c91c        0xe C:/ProgramData/MATLAB/SupportPackages/R2022b/toolbox/target/supportpackages/freedomk64f/src/ksdk_armgcc_lib/bm/libksdk_platform.a(fsl_lptmr_hal.o)
                0x0000c91c                LPTMR_HAL_GetCounterValue
 *fill*         0x0000c92a        0x2 
 .text.CLOCK_HAL_TestOscFreq
                0x0000c92c       0x28 C:/ProgramData/MATLAB/SupportPackages/R2022b/toolbox/target/supportpackages/freedomk64f/src/ksdk_armgcc_lib/bm/libksdk_platform.a(fsl_mcg_hal.o)
                0x0000c92c                CLOCK_HAL_TestOscFreq
 .text.CLOCK_HAL_GetMcgExternalClkFreq
                0x0000c954        0xa C:/ProgramData/MATLAB/SupportPackages/R2022b/toolbox/target/supportpackages/freedomk64f/src/ksdk_armgcc_lib/bm/libksdk_platform.a(fsl_mcg_hal.o)
 .text.CLOCK_HAL_TestFllExternalRefFreq
                0x0000c95e       0x2c C:/ProgramData/MATLAB/SupportPackages/R2022b/toolbox/target/supportpackages/freedomk64f/src/ksdk_armgcc_lib/bm/libksdk_platform.a(fsl_mcg_hal.o)
                0x0000c95e                CLOCK_HAL_TestFllExternalRefFreq
 *fill*         0x0000c98a        0x2 
 .text.CLOCK_HAL_GetFllRefClk
                0x0000c98c       0x40 C:/ProgramData/MATLAB/SupportPackages/R2022b/toolbox/target/supportpackages/freedomk64f/src/ksdk_armgcc_lib/bm/libksdk_platform.a(fsl_mcg_hal.o)
                0x0000c98c                CLOCK_HAL_GetFllRefClk
 .text.CLOCK_HAL_TestFllFreq
                0x0000c9cc       0x34 C:/ProgramData/MATLAB/SupportPackages/R2022b/toolbox/target/supportpackages/freedomk64f/src/ksdk_armgcc_lib/bm/libksdk_platform.a(fsl_mcg_hal.o)
                0x0000c9cc                CLOCK_HAL_TestFllFreq
 .text.CLOCK_HAL_GetFllClk
                0x0000ca00       0x3c C:/ProgramData/MATLAB/SupportPackages/R2022b/toolbox/target/supportpackages/freedomk64f/src/ksdk_armgcc_lib/bm/libksdk_platform.a(fsl_mcg_hal.o)
                0x0000ca00                CLOCK_HAL_GetFllClk
 .text.CLOCK_HAL_UpdateFastClkInternalRefDiv
                0x0000ca3c       0x58 C:/ProgramData/MATLAB/SupportPackages/R2022b/toolbox/target/supportpackages/freedomk64f/src/ksdk_armgcc_lib/bm/libksdk_platform.a(fsl_mcg_hal.o)
                0x0000ca3c                CLOCK_HAL_UpdateFastClkInternalRefDiv
 .text.CLOCK_HAL_GetPll0Clk
                0x0000ca94       0x48 C:/ProgramData/MATLAB/SupportPackages/R2022b/toolbox/target/supportpackages/freedomk64f/src/ksdk_armgcc_lib/bm/libksdk_platform.a(fsl_mcg_hal.o)
                0x0000ca94                CLOCK_HAL_GetPll0Clk
 .text.CLOCK_HAL_EnablePll0InFllMode
                0x0000cadc       0x38 C:/ProgramData/MATLAB/SupportPackages/R2022b/toolbox/target/supportpackages/freedomk64f/src/ksdk_armgcc_lib/bm/libksdk_platform.a(fsl_mcg_hal.o)
                0x0000cadc                CLOCK_HAL_EnablePll0InFllMode
 .text.CLOCK_HAL_GetInternalRefClk
                0x0000cb14       0x40 C:/ProgramData/MATLAB/SupportPackages/R2022b/toolbox/target/supportpackages/freedomk64f/src/ksdk_armgcc_lib/bm/libksdk_platform.a(fsl_mcg_hal.o)
                0x0000cb14                CLOCK_HAL_GetInternalRefClk
 .text.CLOCK_HAL_GetOutClk
                0x0000cb54       0x22 C:/ProgramData/MATLAB/SupportPackages/R2022b/toolbox/target/supportpackages/freedomk64f/src/ksdk_armgcc_lib/bm/libksdk_platform.a(fsl_mcg_hal.o)
                0x0000cb54                CLOCK_HAL_GetOutClk
 .text.CLOCK_HAL_GetFixedFreqClk
                0x0000cb76       0x20 C:/ProgramData/MATLAB/SupportPackages/R2022b/toolbox/target/supportpackages/freedomk64f/src/ksdk_armgcc_lib/bm/libksdk_platform.a(fsl_mcg_hal.o)
                0x0000cb76                CLOCK_HAL_GetFixedFreqClk
 .text.CLOCK_HAL_SetOsc0Mode
                0x0000cb96       0x24 C:/ProgramData/MATLAB/SupportPackages/R2022b/toolbox/target/supportpackages/freedomk64f/src/ksdk_armgcc_lib/bm/libksdk_platform.a(fsl_mcg_hal.o)
                0x0000cb96                CLOCK_HAL_SetOsc0Mode
 *fill*         0x0000cbba        0x2 
 .text.CLOCK_HAL_PrepareOsc
                0x0000cbbc       0x30 C:/ProgramData/MATLAB/SupportPackages/R2022b/toolbox/target/supportpackages/freedomk64f/src/ksdk_armgcc_lib/bm/libksdk_platform.a(fsl_mcg_hal_modes.o)
 .text.CLOCK_HAL_GetMcgMode
                0x0000cbec       0x7c C:/ProgramData/MATLAB/SupportPackages/R2022b/toolbox/target/supportpackages/freedomk64f/src/ksdk_armgcc_lib/bm/libksdk_platform.a(fsl_mcg_hal_modes.o)
                0x0000cbec                CLOCK_HAL_GetMcgMode
 .text.CLOCK_HAL_SetFbiMode
                0x0000cc68       0xc0 C:/ProgramData/MATLAB/SupportPackages/R2022b/toolbox/target/supportpackages/freedomk64f/src/ksdk_armgcc_lib/bm/libksdk_platform.a(fsl_mcg_hal_modes.o)
                0x0000cc68                CLOCK_HAL_SetFbiMode
 .text.CLOCK_HAL_SetFbeMode
                0x0000cd28       0xf0 C:/ProgramData/MATLAB/SupportPackages/R2022b/toolbox/target/supportpackages/freedomk64f/src/ksdk_armgcc_lib/bm/libksdk_platform.a(fsl_mcg_hal_modes.o)
                0x0000cd28                CLOCK_HAL_SetFbeMode
 .text.CLOCK_HAL_SetPbeMode
                0x0000ce18       0xd8 C:/ProgramData/MATLAB/SupportPackages/R2022b/toolbox/target/supportpackages/freedomk64f/src/ksdk_armgcc_lib/bm/libksdk_platform.a(fsl_mcg_hal_modes.o)
                0x0000ce18                CLOCK_HAL_SetPbeMode
 .text.OSC_HAL_SetCapacitor
                0x0000cef0        0xe C:/ProgramData/MATLAB/SupportPackages/R2022b/toolbox/target/supportpackages/freedomk64f/src/ksdk_armgcc_lib/bm/libksdk_platform.a(fsl_osc_hal.o)
                0x0000cef0                OSC_HAL_SetCapacitor
 .text.CLOCK_HAL_SetOutDiv
                0x0000cefe       0x28 C:/ProgramData/MATLAB/SupportPackages/R2022b/toolbox/target/supportpackages/freedomk64f/src/ksdk_armgcc_lib/bm/libksdk_platform.a(fsl_sim_hal_MK64F12.o)
                0x0000cefe                CLOCK_HAL_SetOutDiv
 *fill*         0x0000cf26        0x2 
 .text.SIM_HAL_GetFtmExternalClkPinMode
                0x0000cf28       0x70 C:/ProgramData/MATLAB/SupportPackages/R2022b/toolbox/target/supportpackages/freedomk64f/src/ksdk_armgcc_lib/bm/libksdk_platform.a(fsl_sim_hal_MK64F12.o)
                0x0000cf28                SIM_HAL_GetFtmExternalClkPinMode
 .text.UART_DRV_CompleteSendData
                0x0000cf98       0x54 C:/ProgramData/MATLAB/SupportPackages/R2022b/toolbox/target/supportpackages/freedomk64f/src/ksdk_armgcc_lib/bm/libksdk_platform.a(fsl_uart_driver.o)
 .text.UART_DRV_CompleteReceiveData
                0x0000cfec       0x5c C:/ProgramData/MATLAB/SupportPackages/R2022b/toolbox/target/supportpackages/freedomk64f/src/ksdk_armgcc_lib/bm/libksdk_platform.a(fsl_uart_driver.o)
 .text.UART_DRV_IRQHandler
                0x0000d048       0xdc C:/ProgramData/MATLAB/SupportPackages/R2022b/toolbox/target/supportpackages/freedomk64f/src/ksdk_armgcc_lib/bm/libksdk_platform.a(fsl_uart_driver.o)
                0x0000d048                UART_DRV_IRQHandler
 .text.EDMA_HAL_HTCDSetIntCmd
                0x0000d124       0x14 C:/ProgramData/MATLAB/SupportPackages/R2022b/toolbox/target/supportpackages/freedomk64f/src/ksdk_armgcc_lib/bm/libksdk_platform.a(fsl_uart_edma_driver.o)
 .text.UART_DRV_EdmaCompleteSendData
                0x0000d138       0x60 C:/ProgramData/MATLAB/SupportPackages/R2022b/toolbox/target/supportpackages/freedomk64f/src/ksdk_armgcc_lib/bm/libksdk_platform.a(fsl_uart_edma_driver.o)
 .text.UART_DRV_EdmaTxCallback
                0x0000d198        0x4 C:/ProgramData/MATLAB/SupportPackages/R2022b/toolbox/target/supportpackages/freedomk64f/src/ksdk_armgcc_lib/bm/libksdk_platform.a(fsl_uart_edma_driver.o)
 .text.UART_DRV_EdmaCompleteReceiveData
                0x0000d19c       0x64 C:/ProgramData/MATLAB/SupportPackages/R2022b/toolbox/target/supportpackages/freedomk64f/src/ksdk_armgcc_lib/bm/libksdk_platform.a(fsl_uart_edma_driver.o)
 .text.UART_DRV_EdmaRxCallback
                0x0000d200        0x4 C:/ProgramData/MATLAB/SupportPackages/R2022b/toolbox/target/supportpackages/freedomk64f/src/ksdk_armgcc_lib/bm/libksdk_platform.a(fsl_uart_edma_driver.o)
 .text.UART_DRV_EdmaStartSendData
                0x0000d204       0x78 C:/ProgramData/MATLAB/SupportPackages/R2022b/toolbox/target/supportpackages/freedomk64f/src/ksdk_armgcc_lib/bm/libksdk_platform.a(fsl_uart_edma_driver.o)
 .text.UART_DRV_EdmaInit
                0x0000d27c      0x260 C:/ProgramData/MATLAB/SupportPackages/R2022b/toolbox/target/supportpackages/freedomk64f/src/ksdk_armgcc_lib/bm/libksdk_platform.a(fsl_uart_edma_driver.o)
                0x0000d27c                UART_DRV_EdmaInit
 .text.UART_DRV_EdmaSendData
                0x0000d4dc       0x48 C:/ProgramData/MATLAB/SupportPackages/R2022b/toolbox/target/supportpackages/freedomk64f/src/ksdk_armgcc_lib/bm/libksdk_platform.a(fsl_uart_edma_driver.o)
                0x0000d4dc                UART_DRV_EdmaSendData
 .text.UART_DRV_EdmaGetTransmitStatus
                0x0000d524       0x58 C:/ProgramData/MATLAB/SupportPackages/R2022b/toolbox/target/supportpackages/freedomk64f/src/ksdk_armgcc_lib/bm/libksdk_platform.a(fsl_uart_edma_driver.o)
                0x0000d524                UART_DRV_EdmaGetTransmitStatus
 .text.ADC16_HAL_Init
                0x0000d57c       0x10 C:/ProgramData/MATLAB/SupportPackages/R2022b/toolbox/target/supportpackages/freedomk64f/src/ksdk_armgcc_lib/bm/libksdk_platform.a(fsl_adc16_hal.o)
                0x0000d57c                ADC16_HAL_Init
 .text.ADC16_HAL_ConfigChn
                0x0000d58c       0x40 C:/ProgramData/MATLAB/SupportPackages/R2022b/toolbox/target/supportpackages/freedomk64f/src/ksdk_armgcc_lib/bm/libksdk_platform.a(fsl_adc16_hal.o)
                0x0000d58c                ADC16_HAL_ConfigChn
 .text.ADC16_HAL_ConfigConverter
                0x0000d5cc       0x92 C:/ProgramData/MATLAB/SupportPackages/R2022b/toolbox/target/supportpackages/freedomk64f/src/ksdk_armgcc_lib/bm/libksdk_platform.a(fsl_adc16_hal.o)
                0x0000d5cc                ADC16_HAL_ConfigConverter
 .text.DMAMUX_HAL_Init
                0x0000d65e       0x22 C:/ProgramData/MATLAB/SupportPackages/R2022b/toolbox/target/supportpackages/freedomk64f/src/ksdk_armgcc_lib/bm/libksdk_platform.a(fsl_dmamux_hal.o)
                0x0000d65e                DMAMUX_HAL_Init
 .text.FTM_HAL_SetChnEdgeLevel.part.0
                0x0000d680       0x1c C:/ProgramData/MATLAB/SupportPackages/R2022b/toolbox/target/supportpackages/freedomk64f/src/ksdk_armgcc_lib/bm/libksdk_platform.a(fsl_ftm_hal.o)
 .text.FTM_HAL_Init
                0x0000d69c       0x3c C:/ProgramData/MATLAB/SupportPackages/R2022b/toolbox/target/supportpackages/freedomk64f/src/ksdk_armgcc_lib/bm/libksdk_platform.a(fsl_ftm_hal.o)
                0x0000d69c                FTM_HAL_Init
 .text.FTM_HAL_SetSyncMode
                0x0000d6d8       0x98 C:/ProgramData/MATLAB/SupportPackages/R2022b/toolbox/target/supportpackages/freedomk64f/src/ksdk_armgcc_lib/bm/libksdk_platform.a(fsl_ftm_hal.o)
                0x0000d6d8                FTM_HAL_SetSyncMode
 .text.FTM_HAL_Reset
                0x0000d770       0x3e C:/ProgramData/MATLAB/SupportPackages/R2022b/toolbox/target/supportpackages/freedomk64f/src/ksdk_armgcc_lib/bm/libksdk_platform.a(fsl_ftm_hal.o)
                0x0000d770                FTM_HAL_Reset
 .text.FTM_HAL_GetChnPairIndex
                0x0000d7ae       0x1e C:/ProgramData/MATLAB/SupportPackages/R2022b/toolbox/target/supportpackages/freedomk64f/src/ksdk_armgcc_lib/bm/libksdk_platform.a(fsl_ftm_hal.o)
                0x0000d7ae                FTM_HAL_GetChnPairIndex
 .text.FTM_HAL_EnablePwmMode
                0x0000d7cc       0xd8 C:/ProgramData/MATLAB/SupportPackages/R2022b/toolbox/target/supportpackages/freedomk64f/src/ksdk_armgcc_lib/bm/libksdk_platform.a(fsl_ftm_hal.o)
                0x0000d7cc                FTM_HAL_EnablePwmMode
 .text.GPIO_HAL_SetPinDir
                0x0000d8a4       0x34 C:/ProgramData/MATLAB/SupportPackages/R2022b/toolbox/target/supportpackages/freedomk64f/src/ksdk_armgcc_lib/bm/libksdk_platform.a(fsl_gpio_hal.o)
                0x0000d8a4                GPIO_HAL_SetPinDir
 .text.GPIO_HAL_WritePinOutput
                0x0000d8d8       0x30 C:/ProgramData/MATLAB/SupportPackages/R2022b/toolbox/target/supportpackages/freedomk64f/src/ksdk_armgcc_lib/bm/libksdk_platform.a(fsl_gpio_hal.o)
                0x0000d8d8                GPIO_HAL_WritePinOutput
 .text.UART_HAL_Init
                0x0000d908       0x2a C:/ProgramData/MATLAB/SupportPackages/R2022b/toolbox/target/supportpackages/freedomk64f/src/ksdk_armgcc_lib/bm/libksdk_platform.a(fsl_uart_hal.o)
                0x0000d908                UART_HAL_Init
 .text.UART_HAL_SetBaudRate
                0x0000d932       0x42 C:/ProgramData/MATLAB/SupportPackages/R2022b/toolbox/target/supportpackages/freedomk64f/src/ksdk_armgcc_lib/bm/libksdk_platform.a(fsl_uart_hal.o)
                0x0000d932                UART_HAL_SetBaudRate
 .text.UART_HAL_SetParityMode
                0x0000d974       0x18 C:/ProgramData/MATLAB/SupportPackages/R2022b/toolbox/target/supportpackages/freedomk64f/src/ksdk_armgcc_lib/bm/libksdk_platform.a(fsl_uart_hal.o)
                0x0000d974                UART_HAL_SetParityMode
 .text.UART_HAL_Putchar
                0x0000d98c        0x6 C:/ProgramData/MATLAB/SupportPackages/R2022b/toolbox/target/supportpackages/freedomk64f/src/ksdk_armgcc_lib/bm/libksdk_platform.a(fsl_uart_hal.o)
                0x0000d98c                UART_HAL_Putchar
 .text.UART_HAL_Getchar
                0x0000d992        0x8 C:/ProgramData/MATLAB/SupportPackages/R2022b/toolbox/target/supportpackages/freedomk64f/src/ksdk_armgcc_lib/bm/libksdk_platform.a(fsl_uart_hal.o)
                0x0000d992                UART_HAL_Getchar
 .text.UART_HAL_SetIntMode
                0x0000d99a       0x66 C:/ProgramData/MATLAB/SupportPackages/R2022b/toolbox/target/supportpackages/freedomk64f/src/ksdk_armgcc_lib/bm/libksdk_platform.a(fsl_uart_hal.o)
                0x0000d99a                UART_HAL_SetIntMode
 .text.UART_HAL_SetTxDmaCmd
                0x0000da00       0x28 C:/ProgramData/MATLAB/SupportPackages/R2022b/toolbox/target/supportpackages/freedomk64f/src/ksdk_armgcc_lib/bm/libksdk_platform.a(fsl_uart_hal.o)
                0x0000da00                UART_HAL_SetTxDmaCmd
 .text.UART_HAL_SetRxDmaCmd
                0x0000da28       0x1c C:/ProgramData/MATLAB/SupportPackages/R2022b/toolbox/target/supportpackages/freedomk64f/src/ksdk_armgcc_lib/bm/libksdk_platform.a(fsl_uart_hal.o)
                0x0000da28                UART_HAL_SetRxDmaCmd
 .text.UART_HAL_GetStatusFlag
                0x0000da44       0x30 C:/ProgramData/MATLAB/SupportPackages/R2022b/toolbox/target/supportpackages/freedomk64f/src/ksdk_armgcc_lib/bm/libksdk_platform.a(fsl_uart_hal.o)
                0x0000da44                UART_HAL_GetStatusFlag
 .text.UART_HAL_ClearStatusFlag
                0x0000da74       0x7a C:/ProgramData/MATLAB/SupportPackages/R2022b/toolbox/target/supportpackages/freedomk64f/src/ksdk_armgcc_lib/bm/libksdk_platform.a(fsl_uart_hal.o)
                0x0000da74                UART_HAL_ClearStatusFlag
 *fill*         0x0000daee        0x2 
 .text.ceil     0x0000daf0      0x100 c:/progra~3/matlab/suppor~1/r2022b/3p778c~1.ins/gnuarm~1.ins/win/bin/../lib/gcc/arm-none-eabi/9.3.1/../../../../arm-none-eabi/lib/thumb/v7e-m+fp/hard\libm.a(lib_a-s_ceil.o)
                0x0000daf0                ceil
 .text.fabs     0x0000dbf0       0x14 c:/progra~3/matlab/suppor~1/r2022b/3p778c~1.ins/gnuarm~1.ins/win/bin/../lib/gcc/arm-none-eabi/9.3.1/../../../../arm-none-eabi/lib/thumb/v7e-m+fp/hard\libm.a(lib_a-s_fabs.o)
                0x0000dbf0                fabs
 *fill*         0x0000dc04        0x4 
 .text.floor    0x0000dc08      0x108 c:/progra~3/matlab/suppor~1/r2022b/3p778c~1.ins/gnuarm~1.ins/win/bin/../lib/gcc/arm-none-eabi/9.3.1/../../../../arm-none-eabi/lib/thumb/v7e-m+fp/hard\libm.a(lib_a-s_floor.o)
                0x0000dc08                floor
 .text.sqrt     0x0000dd10       0x74 c:/progra~3/matlab/suppor~1/r2022b/3p778c~1.ins/gnuarm~1.ins/win/bin/../lib/gcc/arm-none-eabi/9.3.1/../../../../arm-none-eabi/lib/thumb/v7e-m+fp/hard\libm.a(lib_a-w_sqrt.o)
                0x0000dd10                sqrt
 .text.__ieee754_sqrt
                0x0000dd84      0x188 c:/progra~3/matlab/suppor~1/r2022b/3p778c~1.ins/gnuarm~1.ins/win/bin/../lib/gcc/arm-none-eabi/9.3.1/../../../../arm-none-eabi/lib/thumb/v7e-m+fp/hard\libm.a(lib_a-e_sqrt.o)
                0x0000dd84                __ieee754_sqrt
 .text.abort    0x0000df0c       0x10 c:/progra~3/matlab/suppor~1/r2022b/3p778c~1.ins/gnuarm~1.ins/win/bin/../lib/gcc/arm-none-eabi/9.3.1/../../../../arm-none-eabi/lib/thumb/v7e-m+fp/hard\libg.a(lib_a-abort.o)
                0x0000df0c                abort
 .text.__assert_func
                0x0000df1c       0x3c c:/progra~3/matlab/suppor~1/r2022b/3p778c~1.ins/gnuarm~1.ins/win/bin/../lib/gcc/arm-none-eabi/9.3.1/../../../../arm-none-eabi/lib/thumb/v7e-m+fp/hard\libg.a(lib_a-assert.o)
                0x0000df1c                __assert_func
 .text.atexit   0x0000df58        0xc c:/progra~3/matlab/suppor~1/r2022b/3p778c~1.ins/gnuarm~1.ins/win/bin/../lib/gcc/arm-none-eabi/9.3.1/../../../../arm-none-eabi/lib/thumb/v7e-m+fp/hard\libg.a(lib_a-atexit.o)
                0x0000df58                atexit
 .text.__errno  0x0000df64        0xc c:/progra~3/matlab/suppor~1/r2022b/3p778c~1.ins/gnuarm~1.ins/win/bin/../lib/gcc/arm-none-eabi/9.3.1/../../../../arm-none-eabi/lib/thumb/v7e-m+fp/hard\libg.a(lib_a-errno.o)
                0x0000df64                __errno
 .text.exit     0x0000df70       0x20 c:/progra~3/matlab/suppor~1/r2022b/3p778c~1.ins/gnuarm~1.ins/win/bin/../lib/gcc/arm-none-eabi/9.3.1/../../../../arm-none-eabi/lib/thumb/v7e-m+fp/hard\libg.a(lib_a-exit.o)
                0x0000df70                exit
 .text.__libc_fini_array
                0x0000df90       0x2c c:/progra~3/matlab/suppor~1/r2022b/3p778c~1.ins/gnuarm~1.ins/win/bin/../lib/gcc/arm-none-eabi/9.3.1/../../../../arm-none-eabi/lib/thumb/v7e-m+fp/hard\libg.a(lib_a-fini.o)
                0x0000df90                __libc_fini_array
 .text.fiprintf
                0x0000dfbc       0x28 c:/progra~3/matlab/suppor~1/r2022b/3p778c~1.ins/gnuarm~1.ins/win/bin/../lib/gcc/arm-none-eabi/9.3.1/../../../../arm-none-eabi/lib/thumb/v7e-m+fp/hard\libg.a(lib_a-fiprintf.o)
                0x0000dfbc                fiprintf
 .text.__libc_init_array
                0x0000dfe4       0x48 c:/progra~3/matlab/suppor~1/r2022b/3p778c~1.ins/gnuarm~1.ins/win/bin/../lib/gcc/arm-none-eabi/9.3.1/../../../../arm-none-eabi/lib/thumb/v7e-m+fp/hard\libg.a(lib_a-init.o)
                0x0000dfe4                __libc_init_array
 .text._malloc_r
                0x0000e02c      0x574 c:/progra~3/matlab/suppor~1/r2022b/3p778c~1.ins/gnuarm~1.ins/win/bin/../lib/gcc/arm-none-eabi/9.3.1/../../../../arm-none-eabi/lib/thumb/v7e-m+fp/hard\libg.a(lib_a-mallocr.o)
                0x0000e02c                _malloc_r
 .text.memset   0x0000e5a0       0xa0 c:/progra~3/matlab/suppor~1/r2022b/3p778c~1.ins/gnuarm~1.ins/win/bin/../lib/gcc/arm-none-eabi/9.3.1/../../../../arm-none-eabi/lib/thumb/v7e-m+fp/hard\libg.a(lib_a-memset.o)
                0x0000e5a0                memset
 .text.__malloc_lock
                0x0000e640        0xc c:/progra~3/matlab/suppor~1/r2022b/3p778c~1.ins/gnuarm~1.ins/win/bin/../lib/gcc/arm-none-eabi/9.3.1/../../../../arm-none-eabi/lib/thumb/v7e-m+fp/hard\libg.a(lib_a-mlock.o)
                0x0000e640                __malloc_lock
 .text.__malloc_unlock