Archive member included to satisfy reference by file (symbol)

C:/ProgramData/MATLAB/SupportPackages/R2022b/toolbox/target/supportpackages/freedomk64f/bin/libcodertarget_RTIOStreamAppSvc.lib(RTIOStreamTgtAppSvcCIntrf.o)
                              k64f_rtiostream_commservice.o (sendToCommSvc)
C:/ProgramData/MATLAB/SupportPackages/R2022b/toolbox/target/supportpackages/freedomk64f/bin/libcodertarget_RTIOStreamAppSvc.lib(RTIOStreamTgtAppSvc.o)
                              C:/ProgramData/MATLAB/SupportPackages/R2022b/toolbox/target/supportpackages/freedomk64f/bin/libcodertarget_RTIOStreamAppSvc.lib(RTIOStreamTgtAppSvcCIntrf.o) (RTIOStreamTgtAppSvc::get_instance())
C:/ProgramData/MATLAB/SupportPackages/R2022b/toolbox/target/supportpackages/freedomk64f/bin/bm/libcodertarget_TargetServices.lib(CommService.o)
                              C:/ProgramData/MATLAB/SupportPackages/R2022b/toolbox/target/supportpackages/freedomk64f/bin/libcodertarget_RTIOStreamAppSvc.lib(RTIOStreamTgtAppSvc.o) (coder::tgtsvc::CommService::sendMessage(coder::tgtsvc::Message*, coder::tgtsvc::Message::Priority))
C:/ProgramData/MATLAB/SupportPackages/R2022b/toolbox/target/supportpackages/freedomk64f/bin/bm/libcodertarget_TargetServices.lib(Application.o)
                              C:/ProgramData/MATLAB/SupportPackages/R2022b/toolbox/target/supportpackages/freedomk64f/bin/bm/libcodertarget_TargetServices.lib(CommService.o) (coder::tgtsvc::Application::dispatch(coder::tgtsvc::Message*))
C:/ProgramData/MATLAB/SupportPackages/R2022b/toolbox/target/supportpackages/freedomk64f/bin/bm/libcodertarget_TargetServices.lib(Message.o)
                              C:/ProgramData/MATLAB/SupportPackages/R2022b/toolbox/target/supportpackages/freedomk64f/bin/bm/libcodertarget_TargetServices.lib(CommService.o) (coder::tgtsvc::Message::operator new(unsigned int))
C:/ProgramData/MATLAB/SupportPackages/R2022b/toolbox/target/supportpackages/freedomk64f/bin/bm/libcodertarget_TargetServices.lib(critical_section.o)
                              C:/ProgramData/MATLAB/SupportPackages/R2022b/toolbox/target/supportpackages/freedomk64f/bin/bm/libcodertarget_TargetServices.lib(CommService.o) (enter_critical_section)
C:/ProgramData/MATLAB/SupportPackages/R2022b/toolbox/target/supportpackages/freedomk64f/bin/bm/libcodertarget_TargetServices.lib(MemoryService.o)
                              C:/ProgramData/MATLAB/SupportPackages/R2022b/toolbox/target/supportpackages/freedomk64f/bin/bm/libcodertarget_TargetServices.lib(Message.o) (coder::tgtsvc::MemoryService::instance())
C:/ProgramData/MATLAB/SupportPackages/R2022b/3P.instrset/cmsis.instrset/CMSIS/RTOS/RTX/LIB/GCC/libRTX_CM4.a(rt_cmsis.o)
                              RTX_Conf_CM.o (osKernelInitialize)
C:/ProgramData/MATLAB/SupportPackages/R2022b/3P.instrset/cmsis.instrset/CMSIS/RTOS/RTX/LIB/GCC/libRTX_CM4.a(hal_cm.o)
                              C:/ProgramData/MATLAB/SupportPackages/R2022b/3P.instrset/cmsis.instrset/CMSIS/RTOS/RTX/LIB/GCC/libRTX_CM4.a(rt_cmsis.o) (rt_ret_val)
C:/ProgramData/MATLAB/SupportPackages/R2022b/3P.instrset/cmsis.instrset/CMSIS/RTOS/RTX/LIB/GCC/libRTX_CM4.a(rt_memory.o)
                              C:/ProgramData/MATLAB/SupportPackages/R2022b/3P.instrset/cmsis.instrset/CMSIS/RTOS/RTX/LIB/GCC/libRTX_CM4.a(rt_cmsis.o) (rt_init_mem)
C:/ProgramData/MATLAB/SupportPackages/R2022b/3P.instrset/cmsis.instrset/CMSIS/RTOS/RTX/LIB/GCC/libRTX_CM4.a(rt_membox.o)
                              C:/ProgramData/MATLAB/SupportPackages/R2022b/3P.instrset/cmsis.instrset/CMSIS/RTOS/RTX/LIB/GCC/libRTX_CM4.a(rt_cmsis.o) (_init_box)
C:/ProgramData/MATLAB/SupportPackages/R2022b/3P.instrset/cmsis.instrset/CMSIS/RTOS/RTX/LIB/GCC/libRTX_CM4.a(rt_mutex.o)
                              C:/ProgramData/MATLAB/SupportPackages/R2022b/3P.instrset/cmsis.instrset/CMSIS/RTOS/RTX/LIB/GCC/libRTX_CM4.a(rt_cmsis.o) (rt_mut_init)
C:/ProgramData/MATLAB/SupportPackages/R2022b/3P.instrset/cmsis.instrset/CMSIS/RTOS/RTX/LIB/GCC/libRTX_CM4.a(rt_time.o)
                              C:/ProgramData/MATLAB/SupportPackages/R2022b/3P.instrset/cmsis.instrset/CMSIS/RTOS/RTX/LIB/GCC/libRTX_CM4.a(rt_cmsis.o) (os_time)
C:/ProgramData/MATLAB/SupportPackages/R2022b/3P.instrset/cmsis.instrset/CMSIS/RTOS/RTX/LIB/GCC/libRTX_CM4.a(rt_semaphore.o)
                              C:/ProgramData/MATLAB/SupportPackages/R2022b/3P.instrset/cmsis.instrset/CMSIS/RTOS/RTX/LIB/GCC/libRTX_CM4.a(rt_cmsis.o) (rt_sem_init)
C:/ProgramData/MATLAB/SupportPackages/R2022b/3P.instrset/cmsis.instrset/CMSIS/RTOS/RTX/LIB/GCC/libRTX_CM4.a(rt_mailbox.o)
                              C:/ProgramData/MATLAB/SupportPackages/R2022b/3P.instrset/cmsis.instrset/CMSIS/RTOS/RTX/LIB/GCC/libRTX_CM4.a(rt_cmsis.o) (rt_mbx_init)
C:/ProgramData/MATLAB/SupportPackages/R2022b/3P.instrset/cmsis.instrset/CMSIS/RTOS/RTX/LIB/GCC/libRTX_CM4.a(rt_list.o)
[...]
Memory Configuration

Name             Origin             Length             Attributes
m_interrupts     0x00000000         0x00000400         xr
m_flash_config   0x00000400         0x00000010         xr
m_text           0x00000410         0x000ffbf0         xr
m_data_2         0x1fff0000         0x00010000         rw
m_data           0x20000000         0x00030000         rw
*default*        0x00000000         0xffffffff

Linker script and memory map

LOAD c:/progra~3/matlab/suppor~1/r2022b/3p778c~1.ins/gnuarm~1.ins/win/bin/../lib/gcc/arm-none-eabi/9.3.1/thumb/v7e-m+fp/hard/crti.o
LOAD c:/progra~3/matlab/suppor~1/r2022b/3p778c~1.ins/gnuarm~1.ins/win/bin/../lib/gcc/arm-none-eabi/9.3.1/thumb/v7e-m+fp/hard/crtbegin.o
LOAD c:/progra~3/matlab/suppor~1/r2022b/3p778c~1.ins/gnuarm~1.ins/win/bin/../lib/gcc/arm-none-eabi/9.3.1/../../../../arm-none-eabi/lib/thumb/v7e-m+fp/hard/crt0.o
LOAD i2c_api.o
LOAD MW_I2C.o
LOAD mw_sdk_interface.o
LOAD ert_main.o
LOAD accelerometer_test.o
LOAD accelerometer_test_data.o
LOAD accelerometer_test_tgtconn.o
LOAD updown.o
LOAD ext_work.o
LOAD startup.o
LOAD system_MK64F12.o
LOAD startup_MK64F12.o
LOAD board.o
LOAD hardware_init.o
LOAD pin_mux.o
LOAD fsl_misc_utilities.o
LOAD fsl_edma_irq.o
LOAD fsl_uart_irq.o
LOAD irq_stub.o
LOAD sbrk.o
LOAD cmsis_rtos_init.o
LOAD RTX_Conf_CM.o
LOAD mw_thread.o
LOAD mw_semaphore.o
LOAD mw_timer.o
LOAD mw_signal.o
LOAD k64f_rtiostream_interface.o
LOAD k64f_rtiostream_commservice.o
LOAD k64f_ext_svr.o
LOAD k64f_rtiostream_utils.o
LOAD tgtSvc_UARTInfo.o
LOAD C:/ProgramData/MATLAB/SupportPackages/R2022b/toolbox/target/supportpackages/freedomk64f/bin/libcodertarget_RTIOStreamAppSvc.lib
LOAD C:/ProgramData/MATLAB/SupportPackages/R2022b/toolbox/target/supportpackages/freedomk64f/bin/bm/libcodertarget_TargetServices.lib
LOAD C:/ProgramData/MATLAB/SupportPackages/R2022b/3P.instrset/cmsis.instrset/CMSIS/DSP/Lib/GCC/libarm_cortexM4lf_math.a
LOAD C:/ProgramData/MATLAB/SupportPackages/R2022b/3P.instrset/cmsis.instrset/CMSIS/RTOS/RTX/LIB/GCC/libRTX_CM4.a
LOAD C:/ProgramData/MATLAB/SupportPackages/R2022b/toolbox/target/supportpackages/freedomk64f/src/ksdk_armgcc_lib/bm/libksdk_platform.a
LOAD c:/progra~3/matlab/suppor~1/r2022b/3p778c~1.ins/gnuarm~1.ins/win/bin/../lib/gcc/arm-none-eabi/9.3.1/../../../../arm-none-eabi/lib/thumb/v7e-m+fp/hard\libstdc++.a
LOAD c:/progra~3/matlab/suppor~1/r2022b/3p778c~1.ins/gnuarm~1.ins/win/bin/../lib/gcc/arm-none-eabi/9.3.1/../../../../arm-none-eabi/lib/thumb/v7e-m+fp/hard\libm.a
START GROUP
LOAD c:/progra~3/matlab/suppor~1/r2022b/3p778c~1.ins/gnuarm~1.ins/win/bin/../lib/gcc/arm-none-eabi/9.3.1/thumb/v7e-m+fp/hard\libgcc.a
LOAD c:/progra~3/matlab/suppor~1/r2022b/3p778c~1.ins/gnuarm~1.ins/win/bin/../lib/gcc/arm-none-eabi/9.3.1/../../../../arm-none-eabi/lib/thumb/v7e-m+fp/hard\libg.a
LOAD c:/progra~3/matlab/suppor~1/r2022b/3p778c~1.ins/gnuarm~1.ins/win/bin/../lib/gcc/arm-none-eabi/9.3.1/../../../../arm-none-eabi/lib/thumb/v7e-m+fp/hard\libc.a
END GROUP
START GROUP
LOAD c:/progra~3/matlab/suppor~1/r2022b/3p778c~1.ins/gnuarm~1.ins/win/bin/../lib/gcc/arm-none-eabi/9.3.1/thumb/v7e-m+fp/hard\libgcc.a
LOAD c:/progra~3/matlab/suppor~1/r2022b/3p778c~1.ins/gnuarm~1.ins/win/bin/../lib/gcc/arm-none-eabi/9.3.1/../../../../arm-none-eabi/lib/thumb/v7e-m+fp/hard\libc.a
LOAD c:/progra~3/matlab/suppor~1/r2022b/3p778c~1.ins/gnuarm~1.ins/win/bin/../lib/gcc/arm-none-eabi/9.3.1/../../../../arm-none-eabi/lib/thumb/v7e-m+fp/hard\libnosys.a
END GROUP
LOAD c:/progra~3/matlab/suppor~1/r2022b/3p778c~1.ins/gnuarm~1.ins/win/bin/../lib/gcc/arm-none-eabi/9.3.1/thumb/v7e-m+fp/hard/crtend.o
LOAD c:/progra~3/matlab/suppor~1/r2022b/3p778c~1.ins/gnuarm~1.ins/win/bin/../lib/gcc/arm-none-eabi/9.3.1/thumb/v7e-m+fp/hard/crtn.o
                0x00000400                HEAP_SIZE = DEFINED (__heap_size__)?__heap_size__:0x400
                0x00000400                STACK_SIZE = DEFINED (__stack_size__)?__stack_size__:0x400
                0x00000000                M_VECTOR_RAM_SIZE = DEFINED (__ram_vector_table__)?0x400:0x0

.interrupts     0x00000000      0x400
                0x00000000                __VECTOR_TABLE = .
                0x00000000                . = ALIGN (0x4)
 *(.isr_vector)
 .isr_vector    0x00000000      0x400 startup_MK64F12.o
                0x00000000                __isr_vector
                0x00000400                . = ALIGN (0x4)

.flash_config   0x00000400       0x10
                0x00000400                . = ALIGN (0x4)
 *(.FlashConfig)
 .FlashConfig   0x00000400       0x10 startup_MK64F12.o
                0x00000410                . = ALIGN (0x4)

.text           0x00000440    0x1d050
                0x00000440                . = ALIGN (0x4)
 *(.text)
 .text          0x00000440       0x40 c:/progra~3/matlab/suppor~1/r2022b/3p778c~1.ins/gnuarm~1.ins/win/bin/../lib/gcc/arm-none-eabi/9.3.1/thumb/v7e-m+fp/hard/crtbegin.o
 .text          0x00000480       0x7c c:/progra~3/matlab/suppor~1/r2022b/3p778c~1.ins/gnuarm~1.ins/win/bin/../lib/gcc/arm-none-eabi/9.3.1/../../../../arm-none-eabi/lib/thumb/v7e-m+fp/hard/crt0.o
                0x00000480                _stack_init
                0x00000488                _start
                0x00000488                _mainCRTStartup
 .text          0x000004fc       0x14 startup_MK64F12.o
                0x000004fc                Reset_Handler
                0x0000050c                ENET_Receive_IRQHandler
                0x0000050c                ENET_1588_Timer_IRQHandler
                0x0000050c                DefaultISR
                0x0000050c                PIT2_IRQHandler
                0x0000050c                PIT0_IRQHandler
                0x0000050c                ENET_Error_IRQHandler
                0x0000050c                PIT3_IRQHandler
                0x0000050c                SDHC_IRQHandler
                0x0000050c                ENET_Transmit_IRQHandler
                0x0000050c                PIT1_IRQHandler
 .text          0x00000510      0x198 C:/ProgramData/MATLAB/SupportPackages/R2022b/3P.instrset/cmsis.instrset/CMSIS/RTOS/RTX/LIB/GCC/libRTX_CM4.a(hal_cm4.o)
                0x00000510                rt_set_PSP
                0x00000516                rt_get_PSP
                0x0000051c                os_set_env
                0x00000534                _alloc_box
                0x00000550                _free_box
                0x0000056c                SVC_Handler
                0x00000612                PendSV_Handler
                0x00000618                Sys_Switch
                0x00000672                SysTick_Handler
                0x0000067c                OS_Tick_Handler
 .text          0x000006a8     0x6ca8 c:/progra~3/matlab/suppor~1/r2022b/3p778c~1.ins/gnuarm~1.ins/win/bin/../lib/gcc/arm-none-eabi/9.3.1/../../../../arm-none-eabi/lib/thumb/v7e-m+fp/hard\libstdc++.a(cp-demangle.o)
                0x00007268                __cxa_demangle
                0x0000732c                __gcclibcxx_demangle_callback
 .text          0x00007350      0x378 c:/progra~3/matlab/suppor~1/r2022b/3p778c~1.ins/gnuarm~1.ins/win/bin/../lib/gcc/arm-none-eabi/9.3.1/thumb/v7e-m+fp/hard\libgcc.a(_arm_addsubdf3.o)
                0x00007350                __aeabi_drsub
                0x00007358                __aeabi_dsub
                0x00007358                __subdf3
                0x0000735c                __aeabi_dadd
                0x0000735c                __adddf3
                0x000075d4                __floatunsidf
                0x000075d4                __aeabi_ui2d
                0x000075f4                __floatsidf
                0x000075f4                __aeabi_i2d
                0x00007618                __aeabi_f2d
                0x00007618                __extendsfdf2
                0x0000765c                __floatundidf
                0x0000765c                __aeabi_ul2d
                0x0000766c                __floatdidf
                0x0000766c                __aeabi_l2d
 .text          0x000076c8      0x424 c:/progra~3/matlab/suppor~1/r2022b/3p778c~1.ins/gnuarm~1.ins/win/bin/../lib/gcc/arm-none-eabi/9.3.1/thumb/v7e-m+fp/hard\libgcc.a(_arm_muldivdf3.o)
                0x000076c8                __aeabi_dmul
                0x000076c8                __muldf3
                0x0000791c                __divdf3
                0x0000791c                __aeabi_ddiv
 .text          0x00007aec      0x110 c:/progra~3/matlab/suppor~1/r2022b/3p778c~1.ins/gnuarm~1.ins/win/bin/../lib/gcc/arm-none-eabi/9.3.1/thumb/v7e-m+fp/hard\libgcc.a(_arm_cmpdf2.o)
                0x00007aec                __gtdf2
                0x00007aec                __gedf2
                0x00007af4                __ltdf2
                0x00007af4                __ledf2
                0x00007afc                __nedf2
                0x00007afc                __eqdf2
                0x00007afc                __cmpdf2
                0x00007b78                __aeabi_cdrcmple
                0x00007b88                __aeabi_cdcmpeq
                0x00007b88                __aeabi_cdcmple
                0x00007b98                __aeabi_dcmpeq
                0x00007bac                __aeabi_dcmplt
                0x00007bc0                __aeabi_dcmple
                0x00007bd4                __aeabi_dcmpge
                0x00007be8                __aeabi_dcmpgt
 .text          0x00007bfc       0x2c c:/progra~3/matlab/suppor~1/r2022b/3p778c~1.ins/gnuarm~1.ins/win/bin/../lib/gcc/arm-none-eabi/9.3.1/thumb/v7e-m+fp/hard\libgcc.a(_arm_unorddf2.o)
                0x00007bfc                __unorddf2
                0x00007bfc                __aeabi_dcmpun
 .text          0x00007c28       0x50 c:/progra~3/matlab/suppor~1/r2022b/3p778c~1.ins/gnuarm~1.ins/win/bin/../lib/gcc/arm-none-eabi/9.3.1/thumb/v7e-m+fp/hard\libgcc.a(_arm_fixdfsi.o)
                0x00007c28                __aeabi_d2iz
                0x00007c28                __fixdfsi
 .text          0x00007c78       0x30 c:/progra~3/matlab/suppor~1/r2022b/3p778c~1.ins/gnuarm~1.ins/win/bin/../lib/gcc/arm-none-eabi/9.3.1/thumb/v7e-m+fp/hard\libgcc.a(_aeabi_uldivmod.o)
                0x00007c78                __aeabi_uldivmod
 .text          0x00007ca8      0x2c4 c:/progra~3/matlab/suppor~1/r2022b/3p778c~1.ins/gnuarm~1.ins/win/bin/../lib/gcc/arm-none-eabi/9.3.1/thumb/v7e-m+fp/hard\libgcc.a(_udivmoddi4.o)
                0x00007ca8                __udivmoddi4
 .text          0x00007f6c      0x9b8 c:/progra~3/matlab/suppor~1/r2022b/3p778c~1.ins/gnuarm~1.ins/win/bin/../lib/gcc/arm-none-eabi/9.3.1/thumb/v7e-m+fp/hard\libgcc.a(unwind-arm.o)
                0x00008214                _Unwind_GetCFA
                0x00008218                __gnu_Unwind_RaiseException
                0x00008278                __gnu_Unwind_ForcedUnwind
                0x0000828c                __gnu_Unwind_Resume
                0x000082d0                __gnu_Unwind_Resume_or_Rethrow
                0x000082e0                _Unwind_Complete
                0x000082e4                _Unwind_DeleteException
                0x000082f0                _Unwind_VRS_Get
                0x00008338                _Unwind_VRS_Set
                0x00008380                __gnu_Unwind_Backtrace
                0x000086a0                __aeabi_unwind_cpp_pr0
                0x000086a4                __aeabi_unwind_cpp_pr1
                0x000086a8                __aeabi_unwind_cpp_pr2
                0x000086ac                _Unwind_VRS_Pop
 .text          0x00008924      0x1ac c:/progra~3/matlab/suppor~1/r2022b/3p778c~1.ins/gnuarm~1.ins/win/bin/../lib/gcc/arm-none-eabi/9.3.1/thumb/v7e-m+fp/hard\libgcc.a(libunwind.o)
                0x00008924                __restore_core_regs
                0x00008924                restore_core_regs
                0x0000893c                __gnu_Unwind_Restore_VFP
                0x00008944                __gnu_Unwind_Save_VFP
                0x0000894c                __gnu_Unwind_Restore_VFP_D
                0x00008954                __gnu_Unwind_Save_VFP_D
                0x0000895c                __gnu_Unwind_Restore_VFP_D_16_to_31
                0x00008964                __gnu_Unwind_Save_VFP_D_16_to_31
                0x0000896c                __gnu_Unwind_Restore_WMMXD
                0x000089b0                __gnu_Unwind_Save_WMMXD
                0x000089f4                __gnu_Unwind_Restore_WMMXC
                0x00008a08                __gnu_Unwind_Save_WMMXC
                0x00008a1c                ___Unwind_RaiseException
                0x00008a1c                _Unwind_RaiseException
                0x00008a40                _Unwind_Resume
                0x00008a40                ___Unwind_Resume
                0x00008a64                _Unwind_Resume_or_Rethrow
                0x00008a64                ___Unwind_Resume_or_Rethrow
                0x00008a88                _Unwind_ForcedUnwind
                0x00008a88                ___Unwind_ForcedUnwind
                0x00008aac                ___Unwind_Backtrace
                0x00008aac                _Unwind_Backtrace
 .text          0x00008ad0      0x340 c:/progra~3/matlab/suppor~1/r2022b/3p778c~1.ins/gnuarm~1.ins/win/bin/../lib/gcc/arm-none-eabi/9.3.1/thumb/v7e-m+fp/hard\libgcc.a(pr-support.o)
                0x00008b28                __gnu_unwind_execute
                0x00008dc4                __gnu_unwind_frame
                0x00008df0                _Unwind_GetRegionStart
                0x00008dfc                _Unwind_GetLanguageSpecificData
 .text          0x00008e10        0x4 c:/progra~3/matlab/suppor~1/r2022b/3p778c~1.ins/gnuarm~1.ins/win/bin/../lib/gcc/arm-none-eabi/9.3.1/thumb/v7e-m+fp/hard\libgcc.a(_dvmd_tls.o)
                0x00008e10                __aeabi_idiv0
                0x00008e10                __aeabi_ldiv0
 *fill*         0x00008e14        0xc 
 .text          0x00008e20       0xa0 c:/progra~3/matlab/suppor~1/r2022b/3p778c~1.ins/gnuarm~1.ins/win/bin/../lib/gcc/arm-none-eabi/9.3.1/../../../../arm-none-eabi/lib/thumb/v7e-m+fp/hard\libg.a(lib_a-memchr.o)
                0x00008e20                memchr
 .text          0x00008ec0      0x134 c:/progra~3/matlab/suppor~1/r2022b/3p778c~1.ins/gnuarm~1.ins/win/bin/../lib/gcc/arm-none-eabi/9.3.1/../../../../arm-none-eabi/lib/thumb/v7e-m+fp/hard\libg.a(lib_a-memcpy.o)
                0x00008ec0                memcpy
 *fill*         0x00008ff4        0xc 
 .text          0x00009000      0x2dc c:/progra~3/matlab/suppor~1/r2022b/3p778c~1.ins/gnuarm~1.ins/win/bin/../lib/gcc/arm-none-eabi/9.3.1/../../../../arm-none-eabi/lib/thumb/v7e-m+fp/hard\libg.a(lib_a-strcmp.o)
                0x00009008                strcmp
 *fill*         0x000092dc       0x24 
 .text          0x00009300       0xdc c:/progra~3/matlab/suppor~1/r2022b/3p778c~1.ins/gnuarm~1.ins/win/bin/../lib/gcc/arm-none-eabi/9.3.1/../../../../arm-none-eabi/lib/thumb/v7e-m+fp/hard\libg.a(lib_a-strlen.o)
                0x00009300                strlen
 *(.text*)
 .text.CLOCK_SYS_GetI2cFreq
                0x000093dc       0x16 i2c_api.o
 .text.I2C_HAL_Enable
                0x000093f2       0x28 i2c_api.o
 .text.I2C_HAL_SendAck
                0x0000941a       0x28 i2c_api.o
 .text.I2C_HAL_SendNak
                0x00009442       0x28 i2c_api.o
 .text.I2C_HAL_SetDirMode
                0x0000946a       0x2e i2c_api.o
 .text.I2C_HAL_ReadByte
                0x00009498       0x1a i2c_api.o
 .text.I2C_HAL_WriteByte
                0x000094b2       0x1e i2c_api.o
 .text.I2C_HAL_GetStatusFlag
                0x000094d0       0x34 i2c_api.o
 .text.I2C_HAL_IsMaster
                0x00009504       0x32 i2c_api.o
 .text.I2C_HAL_SetIntCmd
                0x00009536       0x2c i2c_api.o
 .text.I2C_HAL_ClearInt
                0x00009562       0x1a i2c_api.o
 .text.PORT_HAL_SetOpenDrainCmd
                0x0000957c       0x50 i2c_api.o
 .text.PORT_HAL_SetMuxMode
                0x000095cc       0x58 i2c_api.o
 .text.i2c_init
                0x00009624       0x54 i2c_api.o
                0x00009624                i2c_init
 .text.i2c_start
                0x00009678       0x28 i2c_api.o
                0x00009678                i2c_start
 .text.i2c_stop
                0x000096a0       0x50 i2c_api.o
                0x000096a0                i2c_stop
 .text.timeout_status_poll
                0x000096f0       0x58 i2c_api.o
 .text.i2c_wait_end_tx_transfer
                0x00009748       0x54 i2c_api.o
 .text.i2c_wait_end_rx_transfer
                0x0000979c       0x3c i2c_api.o
 .text.i2c_do_write
                0x000097d8       0x38 i2c_api.o
 .text.i2c_do_read
                0x00009810       0x50 i2c_api.o
 .text.i2c_frequency
                0x00009860       0x50 i2c_api.o
                0x00009860                i2c_frequency
 .text.i2c_read
                0x000098b0       0xe0 i2c_api.o
                0x000098b0                i2c_read
 .text.i2c_write
                0x00009990       0x90 i2c_api.o
                0x00009990                i2c_write
 .text.configure_i2c_pins
                0x00009a20       0x7c i2c_api.o
                0x00009a20                configure_i2c_pins
 .text.MW_I2C_Open
                0x00009a9c       0x48 MW_I2C.o
                0x00009a9c                MW_I2C_Open
 .text.MW_I2C_SetBusSpeed
                0x00009ae4       0x2e MW_I2C.o
                0x00009ae4                MW_I2C_SetBusSpeed
 .text.MW_I2C_MasterRead
                0x00009b12       0x68 MW_I2C.o
                0x00009b12                MW_I2C_MasterRead
 .text.MW_I2C_MasterWrite
                0x00009b7a       0x68 MW_I2C.o
                0x00009b7a                MW_I2C_MasterWrite
 .text.MW_I2C_Close
                0x00009be2       0x14 MW_I2C.o
                0x00009be2                MW_I2C_Close
 *fill*         0x00009bf6        0x2 
 .text.subrateTask
                0x00009bf8       0x68 ert_main.o
                0x00009bf8                subrateTask
 .text.baseRateTask
                0x00009c60      0x10c ert_main.o
                0x00009c60                baseRateTask
 .text.terminateTask
                0x00009d6c       0xbc ert_main.o
                0x00009d6c                terminateTask
 .text.backgroundTask
                0x00009e28       0x58 ert_main.o
                0x00009e28                backgroundTask
 .text.main     0x00009e80       0xb8 ert_main.o
                0x00009e80                main
 .text.rate_monotonic_scheduler
                0x00009f38       0x34 accelerometer_test.o
 .text.accelerometer__SystemCore_setup
                0x00009f6c      0x150 accelerometer_test.o
 .text.acceleromete_SystemCore_setup_p
                0x0000a0bc       0x4e accelerometer_test.o
 *fill*         0x0000a10a        0x2 
 .text.accelerometer_test_step0
                0x0000a10c       0xd4 accelerometer_test.o
                0x0000a10c                accelerometer_test_step0
 .text.accelerometer_test_step1
                0x0000a1e0      0x5fc accelerometer_test.o
                0x0000a1e0                accelerometer_test_step1
 .text.accelerometer_test_step
                0x0000a7dc       0x2a accelerometer_test.o
                0x0000a7dc                accelerometer_test_step
 *fill*         0x0000a806        0x2 
 .text.accelerometer_test_initialize
                0x0000a808      0x1d0 accelerometer_test.o
                0x0000a808                accelerometer_test_initialize
 .text.accelerometer_test_terminate
                0x0000a9d8       0xc0 accelerometer_test.o
                0x0000a9d8                accelerometer_test_terminate
 .text.TgtConnInit
                0x0000aa98       0x1c accelerometer_test_tgtconn.o
                0x0000aa98                TgtConnInit
 .text.TgtConnTerm
                0x0000aab4        0xc accelerometer_test_tgtconn.o
                0x0000aab4                TgtConnTerm
 .text.TgtConnPreStep
                0x0000aac0       0x14 accelerometer_test_tgtconn.o
                0x0000aac0                TgtConnPreStep
 .text.TgtConnPostStep
                0x0000aad4       0x14 accelerometer_test_tgtconn.o
                0x0000aad4                TgtConnPostStep
 .text.SetParam
                0x0000aae8      0x120 updown.o
                0x0000aae8                SetParam
 .text.InitUploadSection
                0x0000ac08       0xc0 updown.o
 .text.InitSysUploadTable
                0x0000acc8      0x17c updown.o
 .text.UploadBufInit
                0x0000ae44       0x70 updown.o
 .text.UploadDestroyTrigger
                0x0000aeb4       0xd0 updown.o
 .text.UploadLogInfoReset
                0x0000af84       0x6c updown.o
                0x0000af84                UploadLogInfoReset
 .text.UploadLogInfoTerm
                0x0000aff0      0x108 updown.o
                0x0000aff0                UploadLogInfoTerm
 .text.UploadPrepareForFinalFlush
                0x0000b0f8       0x50 updown.o
                0x0000b0f8                UploadPrepareForFinalFlush
 .text.UploadLogInfoInit
                0x0000b148      0x184 updown.o
                0x0000b148                UploadLogInfoInit
 .text.UploadInitTrigger
                0x0000b2cc      0x1cc updown.o
                0x0000b2cc                UploadInitTrigger
 .text.UploadArmTrigger
                0x0000b498       0xa0 updown.o
                0x0000b498                UploadArmTrigger
 .text.UploadEndLoggingSession
                0x0000b538       0x38 updown.o
                0x0000b538                UploadEndLoggingSession
 .text.UploadCancelLogging
                0x0000b570       0x64 updown.o
                0x0000b570                UploadCancelLogging
 .text.UploadBufDataSent
                0x0000b5d4       0x68 updown.o
                0x0000b5d4                UploadBufDataSent
 .text.UploadBufAssignMem
                0x0000b63c      0x11e updown.o
 *fill*         0x0000b75a        0x2 
 .text.UploadCheckTriggerSignals
                0x0000b75c      0x198 updown.o
 .text.UploadBufAddTimePoint
                0x0000b8f4      0x4d4 updown.o
                0x0000b8f4                UploadBufAddTimePoint
 .text.UploadCheckTrigger
                0x0000bdc8       0x94 updown.o
                0x0000bdc8                UploadCheckTrigger
 .text.UploadCheckEndTrigger
                0x0000be5c       0x5c updown.o
                0x0000be5c                UploadCheckEndTrigger
 .text.SetExtBufListFields
                0x0000beb8      0x108 updown.o
 .text.SetExtBufListFieldsForEmptyList
                0x0000bfc0       0x44 updown.o
 .text.UploadBufGetData
                0x0000c004       0xbc updown.o
                0x0000c004                UploadBufGetData
 .text.rtExtModePauseIfNeeded
                0x0000c0c0       0x5c ext_work.o
                0x0000c0c0                rtExtModePauseIfNeeded
 .text.rtExtModeWaitForStartPkt
                0x0000c11c       0x64 ext_work.o
                0x0000c11c                rtExtModeWaitForStartPkt
 .text.rtExtModeOneStep
                0x0000c180       0x34 ext_work.o
                0x0000c180                rtExtModeOneStep
 .text.rtExtModeUpload
                0x0000c1b4       0x1e ext_work.o
                0x0000c1b4                rtExtModeUpload
 .text.rtExtModeCheckEndTrigger
                0x0000c1d2        0xc ext_work.o
                0x0000c1d2                rtExtModeCheckEndTrigger
 .text.rtExtModeUploadCheckTrigger
                0x0000c1de       0x16 ext_work.o
                0x0000c1de                rtExtModeUploadCheckTrigger
 .text.rtExtModeCheckInit
                0x0000c1f4       0x14 ext_work.o
                0x0000c1f4                rtExtModeCheckInit
 .text.rtExtModeShutdown
                0x0000c208       0x16 ext_work.o
                0x0000c208                rtExtModeShutdown
 .text.rtExtModeParseArgs
                0x0000c21e       0x1c ext_work.o
                0x0000c21e                rtExtModeParseArgs
 *fill*         0x0000c23a        0x2 
 .text.rtERTExtModeSetTFinal
                0x0000c23c       0x54 ext_work.o
                0x0000c23c                rtERTExtModeSetTFinal
 .text.rtSetTFinalForExtMode
                0x0000c290       0x16 ext_work.o
                0x0000c290                rtSetTFinalForExtMode
 .text.rtERTExtModeStartMsg
                0x0000c2a6        0xe ext_work.o
                0x0000c2a6                rtERTExtModeStartMsg
 .text.init_data_bss
                0x0000c2b4       0xd0 startup.o
                0x0000c2b4                init_data_bss
 .text.SystemInit
                0x0000c384      0x1dc system_MK64F12.o
                0x0000c384                SystemInit
 .text.SystemCoreClockUpdate
                0x0000c560      0x290 system_MK64F12.o
                0x0000c560                SystemCoreClockUpdate
 .text.PORT_HAL_SetMuxMode
                0x0000c7f0       0x58 board.o
 .text.SMC_HAL_SetProtection
                0x0000c848       0x1e board.o
 *fill*         0x0000c866        0x2 
 .text.BOARD_InitOsc0
                0x0000c868       0x30 board.o
                0x0000c868                BOARD_InitOsc0
 .text.BOARD_InitRtcOsc
                0x0000c898       0x28 board.o
                0x0000c898                BOARD_InitRtcOsc
 .text.BOARD_ClockInit
                0x0000c8c0       0x34 board.o
                0x0000c8c0                BOARD_ClockInit
 .text.hardware_init
                0x0000c8f4       0x3c hardware_init.o
                0x0000c8f4                hardware_init
 .text.PORT_HAL_SetMuxMode
                0x0000c930       0x58 pin_mux.o
 .text.SIM_HAL_EnableClock
                0x0000c988       0x44 pin_mux.o
 .text.configure_uart_pins
                0x0000c9cc      0x194 pin_mux.o
                0x0000c9cc                configure_uart_pins
 .text.DMA0_IRQHandler
                0x0000cb60        0xe fsl_edma_irq.o
                0x0000cb60                DMA0_IRQHandler
 .text.DMA1_IRQHandler
                0x0000cb6e        0xe fsl_edma_irq.o
                0x0000cb6e                DMA1_IRQHandler
 .text.DMA2_IRQHandler
                0x0000cb7c        0xe fsl_edma_irq.o
                0x0000cb7c                DMA2_IRQHandler
 .text.DMA3_IRQHandler
                0x0000cb8a        0xe fsl_edma_irq.o
                0x0000cb8a                DMA3_IRQHandler
 .text.DMA4_IRQHandler
                0x0000cb98        0xe fsl_edma_irq.o
                0x0000cb98                DMA4_IRQHandler
 .text.DMA5_IRQHandler
                0x0000cba6        0xe fsl_edma_irq.o
                0x0000cba6                DMA5_IRQHandler
 .text.DMA6_IRQHandler
                0x0000cbb4        0xe fsl_edma_irq.o
                0x0000cbb4                DMA6_IRQHandler
 .text.DMA7_IRQHandler
                0x0000cbc2        0xe fsl_edma_irq.o
                0x0000cbc2                DMA7_IRQHandler
 .text.DMA8_IRQHandler
                0x0000cbd0        0xe fsl_edma_irq.o
                0x0000cbd0                DMA8_IRQHandler
 .text.DMA9_IRQHandler
                0x0000cbde        0xe fsl_edma_irq.o
                0x0000cbde                DMA9_IRQHandler
 .text.DMA10_IRQHandler
                0x0000cbec        0xe fsl_edma_irq.o
                0x0000cbec                DMA10_IRQHandler
 .text.DMA11_IRQHandler
                0x0000cbfa        0xe fsl_edma_irq.o
                0x0000cbfa                DMA11_IRQHandler
 .text.DMA12_IRQHandler
                0x0000cc08        0xe fsl_edma_irq.o
                0x0000cc08                DMA12_IRQHandler
 .text.DMA13_IRQHandler
                0x0000cc16        0xe fsl_edma_irq.o
                0x0000cc16                DMA13_IRQHandler
 .text.DMA14_IRQHandler
                0x0000cc24        0xe fsl_edma_irq.o
                0x0000cc24                DMA14_IRQHandler
 .text.DMA15_IRQHandler
                0x0000cc32        0xe fsl_edma_irq.o
                0x0000cc32                DMA15_IRQHandler
 .text.DMA_Error_IRQHandler
                0x0000cc40        0xe fsl_edma_irq.o
                0x0000cc40                DMA_Error_IRQHandler
 .text.UART0_RX_TX_IRQHandler
                0x0000cc4e        0xe fsl_uart_irq.o
                0x0000cc4e                UART0_RX_TX_IRQHandler
 .text.UART1_RX_TX_IRQHandler
                0x0000cc5c        0xe fsl_uart_irq.o
                0x0000cc5c                UART1_RX_TX_IRQHandler
 .text.UART2_RX_TX_IRQHandler
                0x0000cc6a        0xe fsl_uart_irq.o
                0x0000cc6a                UART2_RX_TX_IRQHandler
 .text.UART3_RX_TX_IRQHandler
                0x0000cc78        0xe fsl_uart_irq.o
                0x0000cc78                UART3_RX_TX_IRQHandler
 .text.UART4_RX_TX_IRQHandler
                0x0000cc86        0xe fsl_uart_irq.o
                0x0000cc86                UART4_RX_TX_IRQHandler
 .text.UART5_RX_TX_IRQHandler
                0x0000cc94        0xe fsl_uart_irq.o
                0x0000cc94                UART5_RX_TX_IRQHandler
 .text.NMI_Handler
                0x0000cca2        0x6 irq_stub.o
                0x0000cca2                NMI_Handler
 .text.HardFault_Handler
                0x0000cca8        0x6 irq_stub.o
                0x0000cca8                HardFault_Handler
 .text.MemManage_Handler
                0x0000ccae        0x6 irq_stub.o
                0x0000ccae                MemManage_Handler
 .text.BusFault_Handler
                0x0000ccb4        0x6 irq_stub.o
                0x0000ccb4                BusFault_Handler
 .text.UsageFault_Handler
                0x0000ccba        0x6 irq_stub.o
                0x0000ccba                UsageFault_Handler
 .text.DebugMon_Handler
                0x0000ccc0        0x6 irq_stub.o
                0x0000ccc0                DebugMon_Handler
 .text.MCM_IRQHandler
                0x0000ccc6        0x6 irq_stub.o
                0x0000ccc6                MCM_IRQHandler
 .text.FTFE_IRQHandler
                0x0000cccc        0x6 irq_stub.o
                0x0000cccc                FTFE_IRQHandler
 .text.Read_Collision_IRQHandler
                0x0000ccd2        0x6 irq_stub.o
                0x0000ccd2                Read_Collision_IRQHandler
 .text.LVD_LVW_IRQHandler
                0x0000ccd8        0x6 irq_stub.o
                0x0000ccd8                LVD_LVW_IRQHandler
 .text.LLWU_IRQHandler
                0x0000ccde        0x6 irq_stub.o
                0x0000ccde                LLWU_IRQHandler
 .text.WDOG_EWM_IRQHandler
                0x0000cce4        0x6 irq_stub.o
                0x0000cce4                WDOG_EWM_IRQHandler
 .text.RNG_IRQHandler
                0x0000ccea        0x6 irq_stub.o
                0x0000ccea                RNG_IRQHandler
 .text.I2C0_IRQHandler
                0x0000ccf0        0x6 irq_stub.o
                0x0000ccf0                I2C0_IRQHandler
 .text.I2C1_IRQHandler
                0x0000ccf6        0x6 irq_stub.o
                0x0000ccf6                I2C1_IRQHandler
 .text.SPI0_IRQHandler
                0x0000ccfc        0x6 irq_stub.o
                0x0000ccfc                SPI0_IRQHandler
 .text.SPI1_IRQHandler
                0x0000cd02        0x6 irq_stub.o
                0x0000cd02                SPI1_IRQHandler
 .text.I2S0_Tx_IRQHandler
                0x0000cd08        0x6 irq_stub.o
                0x0000cd08                I2S0_Tx_IRQHandler
 .text.I2S0_Rx_IRQHandler
                0x0000cd0e        0x6 irq_stub.o
                0x0000cd0e                I2S0_Rx_IRQHandler
 .text.UART0_LON_IRQHandler
                0x0000cd14        0x6 irq_stub.o
                0x0000cd14                UART0_LON_IRQHandler
 .text.UART0_ERR_IRQHandler
                0x0000cd1a        0x6 irq_stub.o
                0x0000cd1a                UART0_ERR_IRQHandler
 .text.UART1_ERR_IRQHandler
                0x0000cd20        0x6 irq_stub.o
                0x0000cd20                UART1_ERR_IRQHandler
 .text.UART2_ERR_IRQHandler
                0x0000cd26        0x6 irq_stub.o
                0x0000cd26                UART2_ERR_IRQHandler
 .text.UART3_ERR_IRQHandler
                0x0000cd2c        0x6 irq_stub.o
                0x0000cd2c                UART3_ERR_IRQHandler
 .text.ADC0_IRQHandler
                0x0000cd32        0x6 irq_stub.o
                0x0000cd32                ADC0_IRQHandler
 .text.CMP0_IRQHandler
                0x0000cd38        0x6 irq_stub.o
                0x0000cd38                CMP0_IRQHandler
 .text.CMP1_IRQHandler
                0x0000cd3e        0x6 irq_stub.o
                0x0000cd3e                CMP1_IRQHandler
 .text.FTM0_IRQHandler
                0x0000cd44        0x6 irq_stub.o
                0x0000cd44                FTM0_IRQHandler
 .text.FTM1_IRQHandler
                0x0000cd4a        0x6 irq_stub.o
                0x0000cd4a                FTM1_IRQHandler
 .text.FTM2_IRQHandler
                0x0000cd50        0x6 irq_stub.o
                0x0000cd50                FTM2_IRQHandler
 .text.CMT_IRQHandler
                0x0000cd56        0x6 irq_stub.o
                0x0000cd56                CMT_IRQHandler
 .text.RTC_IRQHandler
                0x0000cd5c        0x6 irq_stub.o
                0x0000cd5c                RTC_IRQHandler
 .text.RTC_Seconds_IRQHandler
                0x0000cd62        0x6 irq_stub.o
                0x0000cd62                RTC_Seconds_IRQHandler
 .text.PDB0_IRQHandler
                0x0000cd68        0x6 irq_stub.o
                0x0000cd68                PDB0_IRQHandler
 .text.USB0_IRQHandler
                0x0000cd6e        0x6 irq_stub.o
                0x0000cd6e                USB0_IRQHandler
 .text.USBDCD_IRQHandler
                0x0000cd74        0x6 irq_stub.o
                0x0000cd74                USBDCD_IRQHandler
 .text.Reserved71_IRQHandler
                0x0000cd7a        0x6 irq_stub.o
                0x0000cd7a                Reserved71_IRQHandler
 .text.DAC0_IRQHandler
                0x0000cd80        0x6 irq_stub.o
                0x0000cd80                DAC0_IRQHandler
 .text.MCG_IRQHandler
                0x0000cd86        0x6 irq_stub.o
                0x0000cd86                MCG_IRQHandler
 .text.LPTMR0_IRQHandler
                0x0000cd8c        0x6 irq_stub.o
                0x0000cd8c                LPTMR0_IRQHandler
 .text.PORTA_IRQHandler
                0x0000cd92        0x6 irq_stub.o
                0x0000cd92                PORTA_IRQHandler
 .text.PORTB_IRQHandler
                0x0000cd98        0x6 irq_stub.o
                0x0000cd98                PORTB_IRQHandler
 .text.PORTC_IRQHandler
                0x0000cd9e        0x6 irq_stub.o
                0x0000cd9e                PORTC_IRQHandler
 .text.PORTD_IRQHandler
                0x0000cda4        0x6 irq_stub.o
                0x0000cda4                PORTD_IRQHandler
 .text.PORTE_IRQHandler
                0x0000cdaa        0x6 irq_stub.o
                0x0000cdaa                PORTE_IRQHandler
 .text.SWI_IRQHandler
                0x0000cdb0        0x6 irq_stub.o
                0x0000cdb0                SWI_IRQHandler
 .text.SPI2_IRQHandler
                0x0000cdb6        0x6 irq_stub.o
                0x0000cdb6                SPI2_IRQHandler
 .text.UART4_ERR_IRQHandler
                0x0000cdbc        0x6 irq_stub.o
                0x0000cdbc                UART4_ERR_IRQHandler
 .text.UART5_ERR_IRQHandler
                0x0000cdc2        0x6 irq_stub.o
                0x0000cdc2                UART5_ERR_IRQHandler
 .text.CMP2_IRQHandler
                0x0000cdc8        0x6 irq_stub.o
                0x0000cdc8                CMP2_IRQHandler
 .text.FTM3_IRQHandler
                0x0000cdce        0x6 irq_stub.o
                0x0000cdce                FTM3_IRQHandler
 .text.DAC1_IRQHandler
                0x0000cdd4        0x6 irq_stub.o
                0x0000cdd4                DAC1_IRQHandler
 .text.ADC1_IRQHandler
                0x0000cdda        0x6 irq_stub.o
                0x0000cdda                ADC1_IRQHandler
 .text.I2C2_IRQHandler
                0x0000cde0        0x6 irq_stub.o
                0x0000cde0                I2C2_IRQHandler
 .text.CAN0_ORed_Message_buffer_IRQHandler
                0x0000cde6        0x6 irq_stub.o
                0x0000cde6                CAN0_ORed_Message_buffer_IRQHandler
 .text.CAN0_Bus_Off_IRQHandler
                0x0000cdec        0x6 irq_stub.o
                0x0000cdec                CAN0_Bus_Off_IRQHandler
 .text.CAN0_Error_IRQHandler
                0x0000cdf2        0x6 irq_stub.o
                0x0000cdf2                CAN0_Error_IRQHandler
 .text.CAN0_Tx_Warning_IRQHandler
                0x0000cdf8        0x6 irq_stub.o
                0x0000cdf8                CAN0_Tx_Warning_IRQHandler
 .text.CAN0_Rx_Warning_IRQHandler
                0x0000cdfe        0x6 irq_stub.o
                0x0000cdfe                CAN0_Rx_Warning_IRQHandler
 .text.CAN0_Wake_Up_IRQHandler
                0x0000ce04        0x6 irq_stub.o
                0x0000ce04                CAN0_Wake_Up_IRQHandler
 *fill*         0x0000ce0a        0x2 
 .text._sbrk    0x0000ce0c       0x5c sbrk.o
                0x0000ce0c                _sbrk
 .text.schedulerTask
                0x0000ce68       0x1c cmsis_rtos_init.o
                0x0000ce68                schedulerTask
 .text.mw_initSignalEvents
                0x0000ce84       0x78 cmsis_rtos_init.o
                0x0000ce84                mw_initSignalEvents
 .text.mw_RTOSInit
                0x0000cefc      0x124 cmsis_rtos_init.o
                0x0000cefc                mw_RTOSInit
 .text.os_idle_demon
                0x0000d020        0x8 RTX_Conf_CM.o
                0x0000d020                os_idle_demon
 .text.os_error
                0x0000d028       0x2c RTX_Conf_CM.o
                0x0000d028                os_error
 .text.rt_init_robin
                0x0000d054        0x4 RTX_Conf_CM.o
                0x0000d054                rt_init_robin
 .text.rt_chk_robin
                0x0000d058        0x4 RTX_Conf_CM.o
                0x0000d058                rt_chk_robin
 .text.software_init_hook
                0x0000d05c       0x34 RTX_Conf_CM.o
                0x0000d05c                software_init_hook
 .text.mw_osThreadCreate
                0x0000d090       0x52 mw_thread.o
                0x0000d090                mw_osThreadCreate
 .text.mw_osThreadGetId
                0x0000d0e2        0xe mw_thread.o
                0x0000d0e2                mw_osThreadGetId
 .text.mw_osThreadExit
                0x0000d0f0       0x22 mw_thread.o
                0x0000d0f0                mw_osThreadExit
 .text.mw_osThreadJoin
                0x0000d112       0x1a mw_thread.o
                0x0000d112                mw_osThreadJoin
 .text.mw_osTimerCreate
                0x0000d12c       0x4e mw_timer.o
                0x0000d12c                mw_osTimerCreate
 .text.mw_osTimerStart
                0x0000d17a       0x24 mw_timer.o
                0x0000d17a                mw_osTimerStart
 .text.mw_osSignalSet
                0x0000d19e       0x2e mw_signal.o
                0x0000d19e                mw_osSignalSet
 .text.mw_osSignalClear
                0x0000d1cc       0x26 mw_signal.o
                0x0000d1cc                mw_osSignalClear
 .text.mw_osSignalWaitEver
                0x0000d1f2       0x20 mw_signal.o
                0x0000d1f2                mw_osSignalWaitEver
 .text.mw_osSignalEventCreate
                0x0000d212       0x20 mw_signal.o
                0x0000d212                mw_osSignalEventCreate
 .text.mw_osSignalEventRelease
                0x0000d232       0x26 mw_signal.o
                0x0000d232                mw_osSignalEventRelease
 .text.mw_osSignalEventWaitEver
                0x0000d258       0x34 mw_signal.o
                0x0000d258                mw_osSignalEventWaitEver
 .text.mw_osSignalEventDelete
                0x0000d28c       0x14 mw_signal.o
                0x0000d28c                mw_osSignalEventDelete
 .text.ExtProcessArgs
                0x0000d2a0       0xc8 k64f_rtiostream_interface.o
                0x0000d2a0                ExtProcessArgs
 .text.ExtUserDataCreate
                0x0000d368       0x14 k64f_rtiostream_interface.o
                0x0000d368                ExtUserDataCreate
 .text.ExtInit  0x0000d37c       0x1a k64f_rtiostream_interface.o
                0x0000d37c                ExtInit
 .text.ExtSetHostPkt
                0x0000d396       0x48 k64f_rtiostream_interface.o
                0x0000d396                ExtSetHostPkt
 .text.ExtGetHostPkt
                0x0000d3de       0x46 k64f_rtiostream_interface.o
                0x0000d3de                ExtGetHostPkt
 .text.ExtWaitForStartPktFromHost
                0x0000d424       0x18 k64f_rtiostream_interface.o
                0x0000d424                ExtWaitForStartPktFromHost
 .text.ExtUserDataDestroy
                0x0000d43c       0x14 k64f_rtiostream_interface.o
                0x0000d43c                ExtUserDataDestroy
 .text.ExtModeSleep
                0x0000d450       0x18 k64f_rtiostream_interface.o
                0x0000d450                ExtModeSleep
 .text.ExtOpenConnection
                0x0000d468       0x22 k64f_rtiostream_interface.o
                0x0000d468                ExtOpenConnection
 .text.ExtForceDisconnect
                0x0000d48a       0x14 k64f_rtiostream_interface.o
                0x0000d48a                ExtForceDisconnect
 .text.ExtCloseConnection
                0x0000d49e       0x14 k64f_rtiostream_interface.o
                0x0000d49e                ExtCloseConnection
 .text.ExtShutDown
                0x0000d4b2       0x1a k64f_rtiostream_interface.o
                0x0000d4b2                ExtShutDown
 .text.initializeCommService
                0x0000d4cc        0xe k64f_rtiostream_commservice.o
                0x0000d4cc                initializeCommService
 .text.terminateCommService
                0x0000d4da        0xc k64f_rtiostream_commservice.o
                0x0000d4da                terminateCommService
 .text.rtIOStreamOpen
                0x0000d4e6       0x18 k64f_rtiostream_commservice.o
                0x0000d4e6                rtIOStreamOpen
 .text.rtIOStreamSend
                0x0000d4fe       0x32 k64f_rtiostream_commservice.o
                0x0000d4fe                rtIOStreamSend
 .text.rtIOStreamRecv
                0x0000d530       0x32 k64f_rtiostream_commservice.o
                0x0000d530                rtIOStreamRecv
 .text.rtIOStreamClose
                0x0000d562       0x16 k64f_rtiostream_commservice.o
                0x0000d562                rtIOStreamClose
 .text.GrowRecvBufIfNeeded
                0x0000d578       0x60 k64f_ext_svr.o
 .text.GetPktHdr
                0x0000d5d8       0x80 k64f_ext_svr.o
 .text.ClearPkt
                0x0000d658       0x60 k64f_ext_svr.o
 .text.GetPkt   0x0000d6b8       0x8c k64f_ext_svr.o
 .text.DisconnectFromHost
                0x0000d744       0x68 k64f_ext_svr.o
 .text.ForceDisconnectFromHost
                0x0000d7ac       0x4c k64f_ext_svr.o
 .text.ProcessConnectPkt
                0x0000d7f8      0x180 k64f_ext_svr.o
 .text.SendPktHdrToHost
                0x0000d978       0x50 k64f_ext_svr.o
 .text.SendPktDataToHost
                0x0000d9c8       0x48 k64f_ext_svr.o
 .text.SendPktToHost
                0x0000da10       0x4e k64f_ext_svr.o
                0x0000da10                SendPktToHost
 .text.SendResponseStatus
                0x0000da5e       0x38 k64f_ext_svr.o
 .text.ProcessSetParamPkt
                0x0000da96       0x64 k64f_ext_svr.o
 .text.ProcessGetParamsPkt
                0x0000dafa      0x12a k64f_ext_svr.o
 .text.ProcessSelectTriggerSignalPkt
                0x0000dc24       0xa8 k64f_ext_svr.o
 .text.ProcessCancelLoggingArmTriggerPkt
                0x0000dccc       0x7e k64f_ext_svr.o
 *fill*         0x0000dd4a        0x2 
 .text.ExtParseArgsAndInitUD
                0x0000dd4c       0x68 k64f_ext_svr.o
                0x0000dd4c                ExtParseArgsAndInitUD
 .text.ExtWaitForStartPkt
                0x0000ddb4       0x18 k64f_ext_svr.o
                0x0000ddb4                ExtWaitForStartPkt
 .text.UploadServerWork
                0x0000ddcc       0xcc k64f_ext_svr.o
                0x0000ddcc                UploadServerWork
 .text.rt_UploadServerWork
                0x0000de98       0x2c k64f_ext_svr.o
                0x0000de98                rt_UploadServerWork
 .text.rt_ExtModeInit
                0x0000dec4       0x54 k64f_ext_svr.o
                0x0000dec4                rt_ExtModeInit
 .text.rt_ExtModeSleep
                0x0000df18       0x24 k64f_ext_svr.o
                0x0000df18                rt_ExtModeSleep
 .text.rt_PktServerWork
                0x0000df3c      0x264 k64f_ext_svr.o
                0x0000df3c                rt_PktServerWork
 .text.ExtModeShutdown
                0x0000e1a0       0x44 k64f_ext_svr.o
 .text.rt_ExtModeShutdown
                0x0000e1e4       0x84 k64f_ext_svr.o
                0x0000e1e4                rt_ExtModeShutdown
 .text.rt_UploadCheckTrigger
                0x0000e268       0x2c k64f_ext_svr.o
                0x0000e268                rt_UploadCheckTrigger
 .text.rt_UploadCheckEndTrigger
                0x0000e294       0x28 k64f_ext_svr.o
                0x0000e294                rt_UploadCheckEndTrigger
 .text.rt_UploadBufAddTimePoint
                0x0000e2bc       0x34 k64f_ext_svr.o
                0x0000e2bc                rt_UploadBufAddTimePoint
 .text.rtIOStreamBlockingSend
                0x0000e2f0       0x70 k64f_rtiostream_utils.o
                0x0000e2f0                rtIOStreamBlockingSend
 .text.getUARTBaudrate
                0x0000e360       0x12 tgtSvc_UARTInfo.o
                0x0000e360                getUARTBaudrate
 .text.getUARTInstance
                0x0000e372       0x10 tgtSvc_UARTInfo.o
                0x0000e372                getUARTInstance
 *fill*         0x0000e382        0x2 
 .text.sendToCommSvc
                0x0000e384       0x1c C:/ProgramData/MATLAB/SupportPackages/R2022b/toolbox/target/supportpackages/freedomk64f/bin/libcodertarget_RTIOStreamAppSvc.lib(RTIOStreamTgtAppSvcCIntrf.o)
                0x0000e384                sendToCommSvc
 .text.receiveFromCommSvc
                0x0000e3a0       0x1c C:/ProgramData/MATLAB/SupportPackages/R2022b/toolbox/target/supportpackages/freedomk64f/bin/libcodertarget_RTIOStreamAppSvc.lib(RTIOStreamTgtAppSvcCIntrf.o)
                0x0000e3a0                receiveFromCommSvc
 .text._ZN19RTIOStreamTgtAppSvc2idEv
                0x0000e3bc        0x4 C:/ProgramData/MATLAB/SupportPackages/R2022b/toolbox/target/supportpackages/freedomk64f/bin/libcodertarget_RTIOStreamAppSvc.lib(RTIOStreamTgtAppSvc.o)
                0x0000e3bc                RTIOStreamTgtAppSvc::id()
 .text._ZN19RTIOStreamTgtAppSvc13handleConnectEb
                0x0000e3c0        0x4 C:/ProgramData/MATLAB/SupportPackages/R2022b/toolbox/target/supportpackages/freedomk64f/bin/libcodertarget_RTIOStreamAppSvc.lib(RTIOStreamTgtAppSvc.o)
                0x0000e3c0                RTIOStreamTgtAppSvc::handleConnect(bool)
 .text._ZNK5coder6tgtsvc7Message7payloadEv.part.1
                0x0000e3c4       0x1c C:/ProgramData/MATLAB/SupportPackages/R2022b/toolbox/target/supportpackages/freedomk64f/bin/libcodertarget_RTIOStreamAppSvc.lib(RTIOStreamTgtAppSvc.o)
 .text.unlikely._ZNK5coder6tgtsvc7Message6headerEv.part.2
                0x0000e3e0       0x1c C:/ProgramData/MATLAB/SupportPackages/R2022b/toolbox/target/supportpackages/freedomk64f/bin/libcodertarget_RTIOStreamAppSvc.lib(RTIOStreamTgtAppSvc.o)
 .text._ZN19RTIOStreamTgtAppSvcD2Ev
                0x0000e3fc       0x64 C:/ProgramData/MATLAB/SupportPackages/R2022b/toolbox/target/supportpackages/freedomk64f/bin/libcodertarget_RTIOStreamAppSvc.lib(RTIOStreamTgtAppSvc.o)
                0x0000e3fc                RTIOStreamTgtAppSvc::~RTIOStreamTgtAppSvc()
                0x0000e3fc                RTIOStreamTgtAppSvc::~RTIOStreamTgtAppSvc()
 .text._ZN19RTIOStreamTgtAppSvcD0Ev
                0x0000e460       0x14 C:/ProgramData/MATLAB/SupportPackages/R2022b/toolbox/target/supportpackages/freedomk64f/bin/libcodertarget_RTIOStreamAppSvc.lib(RTIOStreamTgtAppSvc.o)
                0x0000e460                RTIOStreamTgtAppSvc::~RTIOStreamTgtAppSvc()
 .text._ZN19RTIOStreamTgtAppSvc13handleMessageEPN5coder6tgtsvc7MessageE
                0x0000e474       0xac C:/ProgramData/MATLAB/SupportPackages/R2022b/toolbox/target/supportpackages/freedomk64f/bin/libcodertarget_RTIOStreamAppSvc.lib(RTIOStreamTgtAppSvc.o)
                0x0000e474                RTIOStreamTgtAppSvc::handleMessage(coder::tgtsvc::Message*)
 .text._ZN19RTIOStreamTgtAppSvc12get_instanceEv
                0x0000e520       0x80 C:/ProgramData/MATLAB/SupportPackages/R2022b/toolbox/target/supportpackages/freedomk64f/bin/libcodertarget_RTIOStreamAppSvc.lib(RTIOStreamTgtAppSvc.o)
                0x0000e520                RTIOStreamTgtAppSvc::get_instance()
 .text._ZN19RTIOStreamTgtAppSvc21sendDataToCommServiceEPKvjPj
                0x0000e5a0      0x1b8 C:/ProgramData/MATLAB/SupportPackages/R2022b/toolbox/target/supportpackages/freedomk64f/bin/libcodertarget_RTIOStreamAppSvc.lib(RTIOStreamTgtAppSvc.o)
                0x0000e5a0                RTIOStreamTgtAppSvc::sendDataToCommService(void const*, unsigned int, unsigned int*)
 .text._ZN19RTIOStreamTgtAppSvc26receiveDataFromCommServiceEPvjPj
                0x0000e758       0xe0 C:/ProgramData/MATLAB/SupportPackages/R2022b/toolbox/target/supportpackages/freedomk64f/bin/libcodertarget_RTIOStreamAppSvc.lib(RTIOStreamTgtAppSvc.o)
                0x0000e758                RTIOStreamTgtAppSvc::receiveDataFromCommService(void*, unsigned int, unsigned int*)
 .text._ZN5coder6tgtsvc11CommServiceD2Ev
                0x0000e838       0x18 C:/ProgramData/MATLAB/SupportPackages/R2022b/toolbox/target/supportpackages/freedomk64f/bin/bm/libcodertarget_TargetServices.lib(CommService.o)
                0x0000e838                coder::tgtsvc::CommService::~CommService()
                0x0000e838                coder::tgtsvc::CommService::~CommService()
 .text.unlikely._ZNK5coder6tgtsvc7Message7payloadEv.part.5
                0x0000e850       0x1c C:/ProgramData/MATLAB/SupportPackages/R2022b/toolbox/target/supportpackages/freedomk64f/bin/bm/libcodertarget_TargetServices.lib(CommService.o)
 .text.unlikely._ZNK5coder6tgtsvc7Message6headerEv.part.6
                0x0000e86c       0x1c C:/ProgramData/MATLAB/SupportPackages/R2022b/toolbox/target/supportpackages/freedomk64f/bin/bm/libcodertarget_TargetServices.lib(CommService.o)
 .text._ZN5coder6tgtsvc11CommService13initializeDMAEv.part.7
                0x0000e888       0x64 C:/ProgramData/MATLAB/SupportPackages/R2022b/toolbox/target/supportpackages/freedomk64f/bin/bm/libcodertarget_TargetServices.lib(CommService.o)
 .text._ZN5coder6tgtsvc11CommService15deinitializeDMAEv.part.8
                0x0000e8ec       0x48 C:/ProgramData/MATLAB/SupportPackages/R2022b/toolbox/target/supportpackages/freedomk64f/bin/bm/libcodertarget_TargetServices.lib(CommService.o)
 .text._ZN5coder6tgtsvc11StatusFlags8instanceEv
                0x0000e934        0x8 C:/ProgramData/MATLAB/SupportPackages/R2022b/toolbox/target/supportpackages/freedomk64f/bin/bm/libcodertarget_TargetServices.lib(CommService.o)
                0x0000e934                coder::tgtsvc::StatusFlags::instance()
 .text._ZN5coder6tgtsvc11CommService11sendMessageEPNS0_7MessageENS2_8PriorityE
                0x0000e93c       0xa8 C:/ProgramData/MATLAB/SupportPackages/R2022b/toolbox/target/supportpackages/freedomk64f/bin/bm/libcodertarget_TargetServices.lib(CommService.o)
                0x0000e93c                coder::tgtsvc::CommService::sendMessage(coder::tgtsvc::Message*, coder::tgtsvc::Message::Priority)
 .text._ZN5coder6tgtsvc11CommService16updateSendStatusEv
                0x0000e9e4       0x64 C:/ProgramData/MATLAB/SupportPackages/R2022b/toolbox/target/supportpackages/freedomk64f/bin/bm/libcodertarget_TargetServices.lib(CommService.o)
                0x0000e9e4                coder::tgtsvc::CommService::updateSendStatus()
 .text._ZN5coder6tgtsvc11CommService5resetEv
                0x0000ea48      0x140 C:/ProgramData/MATLAB/SupportPackages/R2022b/toolbox/target/supportpackages/freedomk64f/bin/bm/libcodertarget_TargetServices.lib(CommService.o)
                0x0000ea48                coder::tgtsvc::CommService::reset()
 .text._ZN5coder6tgtsvc11CommServiceC2Ev
                0x0000eb88       0x90 C:/ProgramData/MATLAB/SupportPackages/R2022b/toolbox/target/supportpackages/freedomk64f/bin/bm/libcodertarget_TargetServices.lib(CommService.o)
                0x0000eb88                coder::tgtsvc::CommService::CommService()
                0x0000eb88                coder::tgtsvc::CommService::CommService()
 .text._ZN5coder6tgtsvc11CommService8instanceEv
                0x0000ec18       0x4c C:/ProgramData/MATLAB/SupportPackages/R2022b/toolbox/target/supportpackages/freedomk64f/bin/bm/libcodertarget_TargetServices.lib(CommService.o)
                0x0000ec18                coder::tgtsvc::CommService::instance()
 .text.receiveComplete
                0x0000ec64       0x5c C:/ProgramData/MATLAB/SupportPackages/R2022b/toolbox/target/supportpackages/freedomk64f/bin/bm/libcodertarget_TargetServices.lib(CommService.o)
                0x0000ec64                receiveComplete
 .text.sendComplete
                0x0000ecc0       0x70 C:/ProgramData/MATLAB/SupportPackages/R2022b/toolbox/target/supportpackages/freedomk64f/bin/bm/libcodertarget_TargetServices.lib(CommService.o)
                0x0000ecc0                sendComplete
 .text._ZN5coder6tgtsvc11CommService12sendQueuePopEv
                0x0000ed30       0x60 C:/ProgramData/MATLAB/SupportPackages/R2022b/toolbox/target/supportpackages/freedomk64f/bin/bm/libcodertarget_TargetServices.lib(CommService.o)
                0x0000ed30                coder::tgtsvc::CommService::sendQueuePop()
 .text._ZN5coder6tgtsvc11CommService17connectedSendTaskEv
                0x0000ed90      0x278 C:/ProgramData/MATLAB/SupportPackages/R2022b/toolbox/target/supportpackages/freedomk64f/bin/bm/libcodertarget_TargetServices.lib(CommService.o)
                0x0000ed90                coder::tgtsvc::CommService::connectedSendTask()
 .text._ZN5coder6tgtsvc11CommService22verifyNextSerialPacketEv
                0x0000f008      0x170 C:/ProgramData/MATLAB/SupportPackages/R2022b/toolbox/target/supportpackages/freedomk64f/bin/bm/libcodertarget_TargetServices.lib(CommService.o)
                0x0000f008                coder::tgtsvc::CommService::verifyNextSerialPacket()
 .text._ZN5coder6tgtsvc11CommService13handleMessageEPNS0_7MessageE
                0x0000f178      0x164 C:/ProgramData/MATLAB/SupportPackages/R2022b/toolbox/target/supportpackages/freedomk64f/bin/bm/libcodertarget_TargetServices.lib(CommService.o)
                0x0000f178                coder::tgtsvc::CommService::handleMessage(coder::tgtsvc::Message*)
 .text._ZN5coder6tgtsvc11CommService13handleAppDataEv
                0x0000f2dc      0x240 C:/ProgramData/MATLAB/SupportPackages/R2022b/toolbox/target/supportpackages/freedomk64f/bin/bm/libcodertarget_TargetServices.lib(CommService.o)
                0x0000f2dc                coder::tgtsvc::CommService::handleAppData()
 .text._ZN5coder6tgtsvc11CommService17connectedRecvTaskEv
                0x0000f51c       0xc0 C:/ProgramData/MATLAB/SupportPackages/R2022b/toolbox/target/supportpackages/freedomk64f/bin/bm/libcodertarget_TargetServices.lib(CommService.o)
                0x0000f51c                coder::tgtsvc::CommService::connectedRecvTask()
 .text._ZN5coder6tgtsvc11CommService3runEv
                0x0000f5dc      0x1cc C:/ProgramData/MATLAB/SupportPackages/R2022b/toolbox/target/supportpackages/freedomk64f/bin/bm/libcodertarget_TargetServices.lib(CommService.o)
                0x0000f5dc                coder::tgtsvc::CommService::run()
 .text.runCommService
                0x0000f7a8       0xac C:/ProgramData/MATLAB/SupportPackages/R2022b/toolbox/target/supportpackages/freedomk64f/bin/bm/libcodertarget_TargetServices.lib(CommService.o)
                0x0000f7a8                runCommService
 .text.terminateCommServiceTask
                0x0000f854       0x40 C:/ProgramData/MATLAB/SupportPackages/R2022b/toolbox/target/supportpackages/freedomk64f/bin/bm/libcodertarget_TargetServices.lib(CommService.o)
                0x0000f854                terminateCommServiceTask
 .text.setCommServiceErrorState
                0x0000f894       0x10 C:/ProgramData/MATLAB/SupportPackages/R2022b/toolbox/target/supportpackages/freedomk64f/bin/bm/libcodertarget_TargetServices.lib(CommService.o)
                0x0000f894                setCommServiceErrorState
 .text.startup._GLOBAL__sub_I_receiveComplete
                0x0000f8a4       0x1c C:/ProgramData/MATLAB/SupportPackages/R2022b/toolbox/target/supportpackages/freedomk64f/bin/bm/libcodertarget_TargetServices.lib(CommService.o)
 .text._ZN5coder6tgtsvc11Application8dispatchEPNS0_7MessageE
                0x0000f8c0       0x80 C:/ProgramData/MATLAB/SupportPackages/R2022b/toolbox/target/supportpackages/freedomk64f/bin/bm/libcodertarget_TargetServices.lib(Application.o)
                0x0000f8c0                coder::tgtsvc::Application::dispatch(coder::tgtsvc::Message*)
 .text._ZN5coder6tgtsvc11Application17connectionChangedEb
                0x0000f940       0x24 C:/ProgramData/MATLAB/SupportPackages/R2022b/toolbox/target/supportpackages/freedomk64f/bin/bm/libcodertarget_TargetServices.lib(Application.o)
                0x0000f940                coder::tgtsvc::Application::connectionChanged(bool)
 .text._ZN5coder6tgtsvc7MessagenwEj
                0x0000f964       0x14 C:/ProgramData/MATLAB/SupportPackages/R2022b/toolbox/target/supportpackages/freedomk64f/bin/bm/libcodertarget_TargetServices.lib(Message.o)
                0x0000f964                coder::tgtsvc::Message::operator new(unsigned int)
 .text._ZN5coder6tgtsvc7MessagedlEPv
                0x0000f978       0x1c C:/ProgramData/MATLAB/SupportPackages/R2022b/toolbox/target/supportpackages/freedomk64f/bin/bm/libcodertarget_TargetServices.lib(Message.o)
                0x0000f978                coder::tgtsvc::Message::operator delete(void*)
 .text._ZN5coder6tgtsvc7Message5allocEt
                0x0000f994       0x14 C:/ProgramData/MATLAB/SupportPackages/R2022b/toolbox/target/supportpackages/freedomk64f/bin/bm/libcodertarget_TargetServices.lib(Message.o)
                0x0000f994                coder::tgtsvc::Message::alloc(unsigned short)
 .text._ZNK5coder6tgtsvc7Message15payloadCapacityEv
                0x0000f9a8        0xc C:/ProgramData/MATLAB/SupportPackages/R2022b/toolbox/target/supportpackages/freedomk64f/bin/bm/libcodertarget_TargetServices.lib(Message.o)
                0x0000f9a8                coder::tgtsvc::Message::payloadCapacity() const
 .text._ZN5coder6tgtsvc7Message18maxPayloadCapacityEv
                0x0000f9b4        0xc C:/ProgramData/MATLAB/SupportPackages/R2022b/toolbox/target/supportpackages/freedomk64f/bin/bm/libcodertarget_TargetServices.lib(Message.o)
                0x0000f9b4                coder::tgtsvc::Message::maxPayloadCapacity()
 .text.enter_critical_section
                0x0000f9c0       0x10 C:/ProgramData/MATLAB/SupportPackages/R2022b/toolbox/target/supportpackages/freedomk64f/bin/bm/libcodertarget_TargetServices.lib(critical_section.o)
                0x0000f9c0                enter_critical_section
 .text.leave_critical_section
                0x0000f9d0       0x30 C:/ProgramData/MATLAB/SupportPackages/R2022b/toolbox/target/supportpackages/freedomk64f/bin/bm/libcodertarget_TargetServices.lib(critical_section.o)
                0x0000f9d0                leave_critical_section
 .text._ZN5coder6tgtsvc13MemoryServiceD2Ev
                0x0000fa00        0x4 C:/ProgramData/MATLAB/SupportPackages/R2022b/toolbox/target/supportpackages/freedomk64f/bin/bm/libcodertarget_TargetServices.lib(MemoryService.o)
                0x0000fa00                coder::tgtsvc::MemoryService::~MemoryService()
                0x0000fa00                coder::tgtsvc::MemoryService::~MemoryService()
 .text._ZN5coder6tgtsvc13MemoryService8instanceEv
                0x0000fa04       0x64 C:/ProgramData/MATLAB/SupportPackages/R2022b/toolbox/target/supportpackages/freedomk64f/bin/bm/libcodertarget_TargetServices.lib(MemoryService.o)
                0x0000fa04                coder::tgtsvc::MemoryService::instance()
 .text._ZN5coder6tgtsvc13MemoryService5allocEj
                0x0000fa68       0x2c C:/ProgramData/MATLAB/SupportPackages/R2022b/toolbox/target/supportpackages/freedomk64f/bin/bm/libcodertarget_TargetServices.lib(MemoryService.o)
                0x0000fa68                coder::tgtsvc::MemoryService::alloc(unsigned int)
 .text._ZN5coder6tgtsvc13MemoryService4freeEPv
                0x0000fa94       0x1c C:/ProgramData/MATLAB/SupportPackages/R2022b/toolbox/target/supportpackages/freedomk64f/bin/bm/libcodertarget_TargetServices.lib(MemoryService.o)
                0x0000fa94                coder::tgtsvc::MemoryService::free(void*)
 .text.osThreadExit
                0x0000fab0       0x18 C:/ProgramData/MATLAB/SupportPackages/R2022b/3P.instrset/cmsis.instrset/CMSIS/RTOS/RTX/LIB/GCC/libRTX_CM4.a(rt_cmsis.o)
                0x0000fab0                osThreadExit
 .text.svcKernelInitialize
                0x0000fac8      0x104 C:/ProgramData/MATLAB/SupportPackages/R2022b/3P.instrset/cmsis.instrset/CMSIS/RTOS/RTX/LIB/GCC/libRTX_CM4.a(rt_cmsis.o)
                0x0000fac8                svcKernelInitialize
 .text.svcKernelStart
                0x0000fbcc       0x48 C:/ProgramData/MATLAB/SupportPackages/R2022b/3P.instrset/cmsis.instrset/CMSIS/RTOS/RTX/LIB/GCC/libRTX_CM4.a(rt_cmsis.o)
                0x0000fbcc                svcKernelStart
 .text.osKernelInitialize
                0x0000fc14       0x28 C:/ProgramData/MATLAB/SupportPackages/R2022b/3P.instrset/cmsis.instrset/CMSIS/RTOS/RTX/LIB/GCC/libRTX_CM4.a(rt_cmsis.o)
                0x0000fc14                osKernelInitialize
 .text.osKernelStart
                0x0000fc3c       0x74 C:/ProgramData/MATLAB/SupportPackages/R2022b/3P.instrset/cmsis.instrset/CMSIS/RTOS/RTX/LIB/GCC/libRTX_CM4.a(rt_cmsis.o)
                0x0000fc3c                osKernelStart
 .text.svcThreadCreate
                0x0000fcb0       0x7c C:/ProgramData/MATLAB/SupportPackages/R2022b/3P.instrset/cmsis.instrset/CMSIS/RTOS/RTX/LIB/GCC/libRTX_CM4.a(rt_cmsis.o)
                0x0000fcb0                svcThreadCreate
 .text.svcThreadGetId
                0x0000fd2c       0x18 C:/ProgramData/MATLAB/SupportPackages/R2022b/3P.instrset/cmsis.instrset/CMSIS/RTOS/RTX/LIB/GCC/libRTX_CM4.a(rt_cmsis.o)
                0x0000fd2c                svcThreadGetId
 .text.svcThreadTerminate
                0x0000fd44       0x48 C:/ProgramData/MATLAB/SupportPackages/R2022b/3P.instrset/cmsis.instrset/CMSIS/RTOS/RTX/LIB/GCC/libRTX_CM4.a(rt_cmsis.o)
                0x0000fd44                svcThreadTerminate
 .text.osThreadCreate
                0x0000fd8c       0xa4 C:/ProgramData/MATLAB/SupportPackages/R2022b/3P.instrset/cmsis.instrset/CMSIS/RTOS/RTX/LIB/GCC/libRTX_CM4.a(rt_cmsis.o)
                0x0000fd8c                osThreadCreate
 .text.osThreadGetId
                0x0000fe30       0x18 C:/ProgramData/MATLAB/SupportPackages/R2022b/3P.instrset/cmsis.instrset/CMSIS/RTOS/RTX/LIB/GCC/libRTX_CM4.a(rt_cmsis.o)
                0x0000fe30                osThreadGetId
 .text.osThreadTerminate
                0x0000fe48       0x18 C:/ProgramData/MATLAB/SupportPackages/R2022b/3P.instrset/cmsis.instrset/CMSIS/RTOS/RTX/LIB/GCC/libRTX_CM4.a(rt_cmsis.o)
                0x0000fe48                osThreadTerminate
 .text.svcTimerCreate
                0x0000fe60       0x40 C:/ProgramData/MATLAB/SupportPackages/R2022b/3P.instrset/cmsis.instrset/CMSIS/RTOS/RTX/LIB/GCC/libRTX_CM4.a(rt_cmsis.o)
                0x0000fe60                svcTimerCreate
 .text.svcTimerStart
                0x0000fea0       0xdc C:/ProgramData/MATLAB/SupportPackages/R2022b/3P.instrset/cmsis.instrset/CMSIS/RTOS/RTX/LIB/GCC/libRTX_CM4.a(rt_cmsis.o)
                0x0000fea0                svcTimerStart
 .text.svcTimerCall
                0x0000ff7c       0x18 C:/ProgramData/MATLAB/SupportPackages/R2022b/3P.instrset/cmsis.instrset/CMSIS/RTOS/RTX/LIB/GCC/libRTX_CM4.a(rt_cmsis.o)
                0x0000ff7c                svcTimerCall
 .text.sysTimerTick
                0x0000ff94       0xc8 C:/ProgramData/MATLAB/SupportPackages/R2022b/3P.instrset/cmsis.instrset/CMSIS/RTOS/RTX/LIB/GCC/libRTX_CM4.a(rt_cmsis.o)
                0x0000ff94                sysTimerTick
 .text.osTimerCreate
                0x0001005c       0x68 C:/ProgramData/MATLAB/SupportPackages/R2022b/3P.instrset/cmsis.instrset/CMSIS/RTOS/RTX/LIB/GCC/libRTX_CM4.a(rt_cmsis.o)
                0x0001005c                osTimerCreate
 .text.osTimerStart
                0x000100c4       0x18 C:/ProgramData/MATLAB/SupportPackages/R2022b/3P.instrset/cmsis.instrset/CMSIS/RTOS/RTX/LIB/GCC/libRTX_CM4.a(rt_cmsis.o)
                0x000100c4                osTimerStart
 .text.osTimerThread
                0x000100dc       0x3c C:/ProgramData/MATLAB/SupportPackages/R2022b/3P.instrset/cmsis.instrset/CMSIS/RTOS/RTX/LIB/GCC/libRTX_CM4.a(rt_cmsis.o)
                0x000100dc                osTimerThread
 .text.svcSignalSet
                0x00010118       0x2c C:/ProgramData/MATLAB/SupportPackages/R2022b/3P.instrset/cmsis.instrset/CMSIS/RTOS/RTX/LIB/GCC/libRTX_CM4.a(rt_cmsis.o)
                0x00010118                svcSignalSet
 .text.svcSignalClear
                0x00010144       0x2c C:/ProgramData/MATLAB/SupportPackages/R2022b/3P.instrset/cmsis.instrset/CMSIS/RTOS/RTX/LIB/GCC/libRTX_CM4.a(rt_cmsis.o)
                0x00010144                svcSignalClear
 .text.svcSignalWait
                0x00010170      0x100 C:/ProgramData/MATLAB/SupportPackages/R2022b/3P.instrset/cmsis.instrset/CMSIS/RTOS/RTX/LIB/GCC/libRTX_CM4.a(rt_cmsis.o)
                0x00010170                svcSignalWait
 .text.osSignalSet
                0x00010270       0x40 C:/ProgramData/MATLAB/SupportPackages/R2022b/3P.instrset/cmsis.instrset/CMSIS/RTOS/RTX/LIB/GCC/libRTX_CM4.a(rt_cmsis.o)
                0x00010270                osSignalSet
 .text.osSignalClear
                0x000102b0       0x1c C:/ProgramData/MATLAB/SupportPackages/R2022b/3P.instrset/cmsis.instrset/CMSIS/RTOS/RTX/LIB/GCC/libRTX_CM4.a(rt_cmsis.o)
                0x000102b0                osSignalClear
 .text.osSignalWait
                0x000102cc       0x2c C:/ProgramData/MATLAB/SupportPackages/R2022b/3P.instrset/cmsis.instrset/CMSIS/RTOS/RTX/LIB/GCC/libRTX_CM4.a(rt_cmsis.o)
                0x000102cc                osSignalWait
 .text.svcMessageGet
                0x000102f8       0xbc C:/ProgramData/MATLAB/SupportPackages/R2022b/3P.instrset/cmsis.instrset/CMSIS/RTOS/RTX/LIB/GCC/libRTX_CM4.a(rt_cmsis.o)
                0x000102f8                svcMessageGet
 .text.rt_init_stack
                0x000103b4       0xa8 C:/ProgramData/MATLAB/SupportPackages/R2022b/3P.instrset/cmsis.instrset/CMSIS/RTOS/RTX/LIB/GCC/libRTX_CM4.a(hal_cm.o)
                0x000103b4                rt_init_stack
 .text.rt_ret_val
                0x0001045c       0x14 C:/ProgramData/MATLAB/SupportPackages/R2022b/3P.instrset/cmsis.instrset/CMSIS/RTOS/RTX/LIB/GCC/libRTX_CM4.a(hal_cm.o)
                0x0001045c                rt_ret_val
 .text.rt_ret_val2
                0x00010470       0x24 C:/ProgramData/MATLAB/SupportPackages/R2022b/3P.instrset/cmsis.instrset/CMSIS/RTOS/RTX/LIB/GCC/libRTX_CM4.a(hal_cm.o)
                0x00010470                rt_ret_val2
 .text.dbg_init
                0x00010494       0x34 C:/ProgramData/MATLAB/SupportPackages/R2022b/3P.instrset/cmsis.instrset/CMSIS/RTOS/RTX/LIB/GCC/libRTX_CM4.a(hal_cm.o)
                0x00010494                dbg_init
 .text.dbg_task_notify
                0x000104c8       0x2c C:/ProgramData/MATLAB/SupportPackages/R2022b/3P.instrset/cmsis.instrset/CMSIS/RTOS/RTX/LIB/GCC/libRTX_CM4.a(hal_cm.o)
                0x000104c8                dbg_task_notify
 .text.dbg_task_switch
                0x000104f4       0x14 C:/ProgramData/MATLAB/SupportPackages/R2022b/3P.instrset/cmsis.instrset/CMSIS/RTOS/RTX/LIB/GCC/libRTX_CM4.a(hal_cm.o)
                0x000104f4                dbg_task_switch
 .text.rt_init_mem
                0x00010508       0x1c C:/ProgramData/MATLAB/SupportPackages/R2022b/3P.instrset/cmsis.instrset/CMSIS/RTOS/RTX/LIB/GCC/libRTX_CM4.a(rt_memory.o)
                0x00010508                rt_init_mem
 .text.rt_alloc_mem
                0x00010524       0x48 C:/ProgramData/MATLAB/SupportPackages/R2022b/3P.instrset/cmsis.instrset/CMSIS/RTOS/RTX/LIB/GCC/libRTX_CM4.a(rt_memory.o)
                0x00010524                rt_alloc_mem
 .text.rt_free_mem
                0x0001056c       0x54 C:/ProgramData/MATLAB/SupportPackages/R2022b/3P.instrset/cmsis.instrset/CMSIS/RTOS/RTX/LIB/GCC/libRTX_CM4.a(rt_memory.o)
                0x0001056c                rt_free_mem
 .text._init_box
                0x000105c0       0x58 C:/ProgramData/MATLAB/SupportPackages/R2022b/3P.instrset/cmsis.instrset/CMSIS/RTOS/RTX/LIB/GCC/libRTX_CM4.a(rt_membox.o)
                0x000105c0                _init_box
 .text.rt_alloc_box
                0x00010618       0x1c C:/ProgramData/MATLAB/SupportPackages/R2022b/3P.instrset/cmsis.instrset/CMSIS/RTOS/RTX/LIB/GCC/libRTX_CM4.a(rt_membox.o)
                0x00010618                rt_alloc_box
 .text.rt_free_box
                0x00010634       0x28 C:/ProgramData/MATLAB/SupportPackages/R2022b/3P.instrset/cmsis.instrset/CMSIS/RTOS/RTX/LIB/GCC/libRTX_CM4.a(rt_membox.o)
                0x00010634                rt_free_box
 .text.rt_sem_psh
                0x0001065c       0x34 C:/ProgramData/MATLAB/SupportPackages/R2022b/3P.instrset/cmsis.instrset/CMSIS/RTOS/RTX/LIB/GCC/libRTX_CM4.a(rt_semaphore.o)
                0x0001065c                rt_sem_psh
 .text.rt_mbx_init
                0x00010690       0x18 C:/ProgramData/MATLAB/SupportPackages/R2022b/3P.instrset/cmsis.instrset/CMSIS/RTOS/RTX/LIB/GCC/libRTX_CM4.a(rt_mailbox.o)
                0x00010690                rt_mbx_init
 .text.rt_mbx_wait
                0x000106a8       0xa8 C:/ProgramData/MATLAB/SupportPackages/R2022b/3P.instrset/cmsis.instrset/CMSIS/RTOS/RTX/LIB/GCC/libRTX_CM4.a(rt_mailbox.o)
                0x000106a8                rt_mbx_wait
 .text.rt_mbx_check
                0x00010750        0x8 C:/ProgramData/MATLAB/SupportPackages/R2022b/3P.instrset/cmsis.instrset/CMSIS/RTOS/RTX/LIB/GCC/libRTX_CM4.a(rt_mailbox.o)
                0x00010750                rt_mbx_check
 .text.isr_mbx_send
                0x00010758       0x10 C:/ProgramData/MATLAB/SupportPackages/R2022b/3P.instrset/cmsis.instrset/CMSIS/RTOS/RTX/LIB/GCC/libRTX_CM4.a(rt_mailbox.o)
                0x00010758                isr_mbx_send
 .text.rt_mbx_psh
                0x00010768       0xe8 C:/ProgramData/MATLAB/SupportPackages/R2022b/3P.instrset/cmsis.instrset/CMSIS/RTOS/RTX/LIB/GCC/libRTX_CM4.a(rt_mailbox.o)
                0x00010768                rt_mbx_psh
 .text.rt_put_prio
                0x00010850       0x50 C:/ProgramData/MATLAB/SupportPackages/R2022b/3P.instrset/cmsis.instrset/CMSIS/RTOS/RTX/LIB/GCC/libRTX_CM4.a(rt_list.o)
                0x00010850                rt_put_prio
 .text.rt_get_first
                0x000108a0       0x28 C:/ProgramData/MATLAB/SupportPackages/R2022b/3P.instrset/cmsis.instrset/CMSIS/RTOS/RTX/LIB/GCC/libRTX_CM4.a(rt_list.o)
                0x000108a0                rt_get_first
 .text.rt_put_rdy_first
                0x000108c8       0x14 C:/ProgramData/MATLAB/SupportPackages/R2022b/3P.instrset/cmsis.instrset/CMSIS/RTOS/RTX/LIB/GCC/libRTX_CM4.a(rt_list.o)
                0x000108c8                rt_put_rdy_first
 .text.rt_resort_prio
                0x000108dc       0xac C:/ProgramData/MATLAB/SupportPackages/R2022b/3P.instrset/cmsis.instrset/CMSIS/RTOS/RTX/LIB/GCC/libRTX_CM4.a(rt_list.o)
                0x000108dc                rt_resort_prio
 .text.rt_put_dly
                0x00010988       0x60 C:/ProgramData/MATLAB/SupportPackages/R2022b/3P.instrset/cmsis.instrset/CMSIS/RTOS/RTX/LIB/GCC/libRTX_CM4.a(rt_list.o)
                0x00010988                rt_put_dly
 .text.rt_dec_dly
                0x000109e8       0xbc C:/ProgramData/MATLAB/SupportPackages/R2022b/3P.instrset/cmsis.instrset/CMSIS/RTOS/RTX/LIB/GCC/libRTX_CM4.a(rt_list.o)
                0x000109e8                rt_dec_dly
 .text.rt_rmv_list
                0x00010aa4       0x2c C:/ProgramData/MATLAB/SupportPackages/R2022b/3P.instrset/cmsis.instrset/CMSIS/RTOS/RTX/LIB/GCC/libRTX_CM4.a(rt_list.o)
                0x00010aa4                rt_rmv_list
 .text.rt_rmv_dly
                0x00010ad0       0x30 C:/ProgramData/MATLAB/SupportPackages/R2022b/3P.instrset/cmsis.instrset/CMSIS/RTOS/RTX/LIB/GCC/libRTX_CM4.a(rt_list.o)
                0x00010ad0                rt_rmv_dly
 .text.rt_psq_enq
                0x00010b00       0x44 C:/ProgramData/MATLAB/SupportPackages/R2022b/3P.instrset/cmsis.instrset/CMSIS/RTOS/RTX/LIB/GCC/libRTX_CM4.a(rt_list.o)
                0x00010b00                rt_psq_enq
 .text.rt_evt_wait
                0x00010b44       0x44 C:/ProgramData/MATLAB/SupportPackages/R2022b/3P.instrset/cmsis.instrset/CMSIS/RTOS/RTX/LIB/GCC/libRTX_CM4.a(rt_event.o)
                0x00010b44                rt_evt_wait
 .text.rt_evt_set
                0x00010b88       0x58 C:/ProgramData/MATLAB/SupportPackages/R2022b/3P.instrset/cmsis.instrset/CMSIS/RTOS/RTX/LIB/GCC/libRTX_CM4.a(rt_event.o)
                0x00010b88                rt_evt_set
 .text.rt_evt_clr
                0x00010be0       0x18 C:/ProgramData/MATLAB/SupportPackages/R2022b/3P.instrset/cmsis.instrset/CMSIS/RTOS/RTX/LIB/GCC/libRTX_CM4.a(rt_event.o)
                0x00010be0                rt_evt_clr
 .text.isr_evt_set
                0x00010bf8       0x24 C:/ProgramData/MATLAB/SupportPackages/R2022b/3P.instrset/cmsis.instrset/CMSIS/RTOS/RTX/LIB/GCC/libRTX_CM4.a(rt_event.o)
                0x00010bf8                isr_evt_set
 .text.rt_evt_psh
                0x00010c1c       0x50 C:/ProgramData/MATLAB/SupportPackages/R2022b/3P.instrset/cmsis.instrset/CMSIS/RTOS/RTX/LIB/GCC/libRTX_CM4.a(rt_event.o)
                0x00010c1c                rt_evt_psh
 .text.rt_psh_req
                0x00010c6c       0x20 C:/ProgramData/MATLAB/SupportPackages/R2022b/3P.instrset/cmsis.instrset/CMSIS/RTOS/RTX/LIB/GCC/libRTX_CM4.a(rt_system.o)
                0x00010c6c                rt_psh_req
 .text.rt_pop_req
                0x00010c8c       0x9c C:/ProgramData/MATLAB/SupportPackages/R2022b/3P.instrset/cmsis.instrset/CMSIS/RTOS/RTX/LIB/GCC/libRTX_CM4.a(rt_system.o)
                0x00010c8c                rt_pop_req
 .text.os_tick_init
                0x00010d28       0x40 C:/ProgramData/MATLAB/SupportPackages/R2022b/3P.instrset/cmsis.instrset/CMSIS/RTOS/RTX/LIB/GCC/libRTX_CM4.a(rt_system.o)
                0x00010d28                os_tick_init
 .text.os_tick_irqack
                0x00010d68        0x4 C:/ProgramData/MATLAB/SupportPackages/R2022b/3P.instrset/cmsis.instrset/CMSIS/RTOS/RTX/LIB/GCC/libRTX_CM4.a(rt_system.o)
                0x00010d68                os_tick_irqack
 .text.rt_systick
                0x00010d6c       0x3c C:/ProgramData/MATLAB/SupportPackages/R2022b/3P.instrset/cmsis.instrset/CMSIS/RTOS/RTX/LIB/GCC/libRTX_CM4.a(rt_system.o)
                0x00010d6c                rt_systick
 .text.rt_stk_check
                0x00010da8       0x24 C:/ProgramData/MATLAB/SupportPackages/R2022b/3P.instrset/cmsis.instrset/CMSIS/RTOS/RTX/LIB/GCC/libRTX_CM4.a(rt_system.o)
                0x00010da8                rt_stk_check
 .text.rt_switch_req
                0x00010dcc       0x24 C:/ProgramData/MATLAB/SupportPackages/R2022b/3P.instrset/cmsis.instrset/CMSIS/RTOS/RTX/LIB/GCC/libRTX_CM4.a(rt_task.o)
                0x00010dcc                rt_switch_req
 .text.rt_dispatch
                0x00010df0       0x78 C:/ProgramData/MATLAB/SupportPackages/R2022b/3P.instrset/cmsis.instrset/CMSIS/RTOS/RTX/LIB/GCC/libRTX_CM4.a(rt_task.o)
                0x00010df0                rt_dispatch
 .text.rt_block
                0x00010e68       0x50 C:/ProgramData/MATLAB/SupportPackages/R2022b/3P.instrset/cmsis.instrset/CMSIS/RTOS/RTX/LIB/GCC/libRTX_CM4.a(rt_task.o)
                0x00010e68                rt_block
 .text.rt_tsk_self
                0x00010eb8       0x10 C:/ProgramData/MATLAB/SupportPackages/R2022b/3P.instrset/cmsis.instrset/CMSIS/RTOS/RTX/LIB/GCC/libRTX_CM4.a(rt_task.o)
                0x00010eb8                rt_tsk_self
 .text.rt_tsk_prio
                0x00010ec8       0xa0 C:/ProgramData/MATLAB/SupportPackages/R2022b/3P.instrset/cmsis.instrset/CMSIS/RTOS/RTX/LIB/GCC/libRTX_CM4.a(rt_task.o)
                0x00010ec8                rt_tsk_prio
 .text.rt_tsk_create
                0x00010f68       0xc8 C:/ProgramData/MATLAB/SupportPackages/R2022b/3P.instrset/cmsis.instrset/CMSIS/RTOS/RTX/LIB/GCC/libRTX_CM4.a(rt_task.o)
                0x00010f68                rt_tsk_create
 .text.rt_tsk_delete
                0x00011030      0x1bc C:/ProgramData/MATLAB/SupportPackages/R2022b/3P.instrset/cmsis.instrset/CMSIS/RTOS/RTX/LIB/GCC/libRTX_CM4.a(rt_task.o)
                0x00011030                rt_tsk_delete
 .text.rt_sys_init
                0x000111ec       0xdc C:/ProgramData/MATLAB/SupportPackages/R2022b/3P.instrset/cmsis.instrset/CMSIS/RTOS/RTX/LIB/GCC/libRTX_CM4.a(rt_task.o)
                0x000111ec                rt_sys_init
 .text.rt_sys_start
                0x000112c8       0x8c C:/ProgramData/MATLAB/SupportPackages/R2022b/3P.instrset/cmsis.instrset/CMSIS/RTOS/RTX/LIB/GCC/libRTX_CM4.a(rt_task.o)
                0x000112c8                rt_sys_start
 .text.OSA_TimeInit
                0x00011354       0x40 C:/ProgramData/MATLAB/SupportPackages/R2022b/toolbox/target/supportpackages/freedomk64f/src/ksdk_armgcc_lib/bm/libksdk_platform.a(fsl_os_abstraction_bm.o)
                0x00011354                OSA_TimeInit
 .text.OSA_TimeDiff
                0x00011394        0xe C:/ProgramData/MATLAB/SupportPackages/R2022b/toolbox/target/supportpackages/freedomk64f/src/ksdk_armgcc_lib/bm/libksdk_platform.a(fsl_os_abstraction_bm.o)
                0x00011394                OSA_TimeDiff
 *fill*         0x000113a2        0x2 
 .text.OSA_SemaCreate
                0x000113a4       0x2c C:/ProgramData/MATLAB/SupportPackages/R2022b/toolbox/target/supportpackages/freedomk64f/src/ksdk_armgcc_lib/bm/libksdk_platform.a(fsl_os_abstraction_bm.o)
                0x000113a4                OSA_SemaCreate
 .text.OSA_SemaPost
                0x000113d0       0x3c C:/ProgramData/MATLAB/SupportPackages/R2022b/toolbox/target/supportpackages/freedomk64f/src/ksdk_armgcc_lib/bm/libksdk_platform.a(fsl_os_abstraction_bm.o)
                0x000113d0                OSA_SemaPost
 .text.OSA_SemaDestroy
                0x0001140c       0x20 C:/ProgramData/MATLAB/SupportPackages/R2022b/toolbox/target/supportpackages/freedomk64f/src/ksdk_armgcc_lib/bm/libksdk_platform.a(fsl_os_abstraction_bm.o)
                0x0001140c                OSA_SemaDestroy
 .text.task_init
                0x0001142c       0x38 C:/ProgramData/MATLAB/SupportPackages/R2022b/toolbox/target/supportpackages/freedomk64f/src/ksdk_armgcc_lib/bm/libksdk_platform.a(fsl_os_abstraction_bm.o)
                0x0001142c                task_init
 .text.OSA_TimeGetMsec
                0x00011464        0xc C:/ProgramData/MATLAB/SupportPackages/R2022b/toolbox/target/supportpackages/freedomk64f/src/ksdk_armgcc_lib/bm/libksdk_platform.a(fsl_os_abstraction_bm.o)
                0x00011464                OSA_TimeGetMsec
 .text.OSA_TimeDelay
                0x00011470       0x1c C:/ProgramData/MATLAB/SupportPackages/R2022b/toolbox/target/supportpackages/freedomk64f/src/ksdk_armgcc_lib/bm/libksdk_platform.a(fsl_os_abstraction_bm.o)
                0x00011470                OSA_TimeDelay
 .text.OSA_Init
                0x0001148c        0xe C:/ProgramData/MATLAB/SupportPackages/R2022b/toolbox/target/supportpackages/freedomk64f/src/ksdk_armgcc_lib/bm/libksdk_platform.a(fsl_os_abstraction_bm.o)
                0x0001148c                OSA_Init
 *fill*         0x0001149a        0x2 
 .text.CLOCK_SYS_SetMcgPeeToFbe
                0x0001149c       0x34 C:/ProgramData/MATLAB/SupportPackages/R2022b/toolbox/target/supportpackages/freedomk64f/src/ksdk_armgcc_lib/bm/libksdk_platform.a(fsl_clock_manager.o)
 .text.CLOCK_SYS_SetMcgMode
                0x000114d0      0x124 C:/ProgramData/MATLAB/SupportPackages/R2022b/toolbox/target/supportpackages/freedomk64f/src/ksdk_armgcc_lib/bm/libksdk_platform.a(fsl_clock_manager.o)
                0x000114d0                CLOCK_SYS_SetMcgMode
 .text.CLOCK_SYS_SetOscerConfigration
                0x000115f4       0x20 C:/ProgramData/MATLAB/SupportPackages/R2022b/toolbox/target/supportpackages/freedomk64f/src/ksdk_armgcc_lib/bm/libksdk_platform.a(fsl_clock_manager.o)
                0x000115f4                CLOCK_SYS_SetOscerConfigration
 .text.CLOCK_SYS_OscInit
                0x00011614       0x98 C:/ProgramData/MATLAB/SupportPackages/R2022b/toolbox/target/supportpackages/freedomk64f/src/ksdk_armgcc_lib/bm/libksdk_platform.a(fsl_clock_manager.o)
                0x00011614                CLOCK_SYS_OscInit
 .text.CLOCK_SYS_RtcOscInit
                0x000116ac       0x6c C:/ProgramData/MATLAB/SupportPackages/R2022b/toolbox/target/supportpackages/freedomk64f/src/ksdk_armgcc_lib/bm/libksdk_platform.a(fsl_clock_manager.o)
                0x000116ac                CLOCK_SYS_RtcOscInit
 .text.SIM_HAL_GetGateCmd.constprop.0
                0x00011718       0x20 C:/ProgramData/MATLAB/SupportPackages/R2022b/toolbox/target/supportpackages/freedomk64f/src/ksdk_armgcc_lib/bm/libksdk_platform.a(fsl_clock_MK64F12.o)
 .text.SIM_HAL_DisableClock.constprop.0
                0x00011738       0x1c C:/ProgramData/MATLAB/SupportPackages/R2022b/toolbox/target/supportpackages/freedomk64f/src/ksdk_armgcc_lib/bm/libksdk_platform.a(fsl_clock_MK64F12.o)
 .text.SIM_HAL_EnableClock.constprop.0
                0x00011754       0x1c C:/ProgramData/MATLAB/SupportPackages/R2022b/toolbox/target/supportpackages/freedomk64f/src/ksdk_armgcc_lib/bm/libksdk_platform.a(fsl_clock_MK64F12.o)
 .text.CLOCK_SYS_GetCoreClockFreq
                0x00011770       0x24 C:/ProgramData/MATLAB/SupportPackages/R2022b/toolbox/target/supportpackages/freedomk64f/src/ksdk_armgcc_lib/bm/libksdk_platform.a(fsl_clock_MK64F12.o)
                0x00011770                CLOCK_SYS_GetCoreClockFreq
 .text.CLOCK_SYS_SetConfiguration
                0x00011794       0x94 C:/ProgramData/MATLAB/SupportPackages/R2022b/toolbox/target/supportpackages/freedomk64f/src/ksdk_armgcc_lib/bm/libksdk_platform.a(fsl_clock_MK64F12.o)
                0x00011794                CLOCK_SYS_SetConfiguration
 .text.CLOCK_SYS_FllStableDelay
                0x00011828       0x18 C:/ProgramData/MATLAB/SupportPackages/R2022b/toolbox/target/supportpackages/freedomk64f/src/ksdk_armgcc_lib/bm/libksdk_platform.a(fsl_clock_MK64F12.o)
 .text.CLOCK_SYS_GetBusClockFreq
                0x00011840       0x24 C:/ProgramData/MATLAB/SupportPackages/R2022b/toolbox/target/supportpackages/freedomk64f/src/ksdk_armgcc_lib/bm/libksdk_platform.a(fsl_clock_MK64F12.o)
                0x00011840                CLOCK_SYS_GetBusClockFreq
 .text.CLOCK_SYS_GetUartFreq
                0x00011864       0x16 C:/ProgramData/MATLAB/SupportPackages/R2022b/toolbox/target/supportpackages/freedomk64f/src/ksdk_armgcc_lib/bm/libksdk_platform.a(fsl_clock_MK64F12.o)
                0x00011864                CLOCK_SYS_GetUartFreq
 *fill*         0x0001187a        0x2 
 .text.CLOCK_SYS_EnablePortClock
                0x0001187c       0x30 C:/ProgramData/MATLAB/SupportPackages/R2022b/toolbox/target/supportpackages/freedomk64f/src/ksdk_armgcc_lib/bm/libksdk_platform.a(fsl_clock_MK64F12.o)
                0x0001187c                CLOCK_SYS_EnablePortClock
 .text.CLOCK_SYS_EnableI2cClock
                0x000118ac       0x30 C:/ProgramData/MATLAB/SupportPackages/R2022b/toolbox/target/supportpackages/freedomk64f/src/ksdk_armgcc_lib/bm/libksdk_platform.a(fsl_clock_MK64F12.o)
                0x000118ac                CLOCK_SYS_EnableI2cClock
 .text.CLOCK_SYS_EnableUartClock
                0x000118dc       0x30 C:/ProgramData/MATLAB/SupportPackages/R2022b/toolbox/target/supportpackages/freedomk64f/src/ksdk_armgcc_lib/bm/libksdk_platform.a(fsl_clock_MK64F12.o)
                0x000118dc                CLOCK_SYS_EnableUartClock
 .text.CLOCK_SYS_DisableUartClock
                0x0001190c       0x30 C:/ProgramData/MATLAB/SupportPackages/R2022b/toolbox/target/supportpackages/freedomk64f/src/ksdk_armgcc_lib/bm/libksdk_platform.a(fsl_clock_MK64F12.o)
                0x0001190c                CLOCK_SYS_DisableUartClock
 .text.CLOCK_SYS_GetUartGateCmd
                0x0001193c       0x30 C:/ProgramData/MATLAB/SupportPackages/R2022b/toolbox/target/supportpackages/freedomk64f/src/ksdk_armgcc_lib/bm/libksdk_platform.a(fsl_clock_MK64F12.o)
                0x0001193c                CLOCK_SYS_GetUartGateCmd
 .text.INT_SYS_EnableIRQGlobal
                0x0001196c       0x14 C:/ProgramData/MATLAB/SupportPackages/R2022b/toolbox/target/supportpackages/freedomk64f/src/ksdk_armgcc_lib/bm/libksdk_platform.a(fsl_interrupt_manager.o)
                0x0001196c                INT_SYS_EnableIRQGlobal
 .text.INT_SYS_DisableIRQGlobal
                0x00011980       0x10 C:/ProgramData/MATLAB/SupportPackages/R2022b/toolbox/target/supportpackages/freedomk64f/src/ksdk_armgcc_lib/bm/libksdk_platform.a(fsl_interrupt_manager.o)
                0x00011980                INT_SYS_DisableIRQGlobal
 .text.INT_SYS_EnableIRQ
                0x00011990       0x48 C:/ProgramData/MATLAB/SupportPackages/R2022b/toolbox/target/supportpackages/freedomk64f/src/ksdk_armgcc_lib/bm/libksdk_platform.a(fsl_edma_driver.o)
 .text.EDMA_DRV_ClaimChannel
                0x000119d8       0x70 C:/ProgramData/MATLAB/SupportPackages/R2022b/toolbox/target/supportpackages/freedomk64f/src/ksdk_armgcc_lib/bm/libksdk_platform.a(fsl_edma_driver.o)
 .text.EDMA_DRV_Init
                0x00011a48       0x84 C:/ProgramData/MATLAB/SupportPackages/R2022b/toolbox/target/supportpackages/freedomk64f/src/ksdk_armgcc_lib/bm/libksdk_platform.a(fsl_edma_driver.o)
                0x00011a48                EDMA_DRV_Init
 .text.EDMA_DRV_InstallCallback
                0x00011acc        0x8 C:/ProgramData/MATLAB/SupportPackages/R2022b/toolbox/target/supportpackages/freedomk64f/src/ksdk_armgcc_lib/bm/libksdk_platform.a(fsl_edma_driver.o)
                0x00011acc                EDMA_DRV_InstallCallback
 .text.EDMA_DRV_RequestChannel
                0x00011ad4       0x70 C:/ProgramData/MATLAB/SupportPackages/R2022b/toolbox/target/supportpackages/freedomk64f/src/ksdk_armgcc_lib/bm/libksdk_platform.a(fsl_edma_driver.o)
                0x00011ad4                EDMA_DRV_RequestChannel
 .text.EDMA_DRV_ReleaseChannel
                0x00011b44       0x44 C:/ProgramData/MATLAB/SupportPackages/R2022b/toolbox/target/supportpackages/freedomk64f/src/ksdk_armgcc_lib/bm/libksdk_platform.a(fsl_edma_driver.o)
                0x00011b44                EDMA_DRV_ReleaseChannel
 .text.EDMA_DRV_IRQHandler
                0x00011b88       0x30 C:/ProgramData/MATLAB/SupportPackages/R2022b/toolbox/target/supportpackages/freedomk64f/src/ksdk_armgcc_lib/bm/libksdk_platform.a(fsl_edma_driver.o)
                0x00011b88                EDMA_DRV_IRQHandler
 .text.EDMA_DRV_ErrorIRQHandler
                0x00011bb8       0x8c C:/ProgramData/MATLAB/SupportPackages/R2022b/toolbox/target/supportpackages/freedomk64f/src/ksdk_armgcc_lib/bm/libksdk_platform.a(fsl_edma_driver.o)
                0x00011bb8                EDMA_DRV_ErrorIRQHandler
 .text.I2C_HAL_Init
                0x00011c44       0x1c C:/ProgramData/MATLAB/SupportPackages/R2022b/toolbox/target/supportpackages/freedomk64f/src/ksdk_armgcc_lib/bm/libksdk_platform.a(fsl_i2c_hal.o)
                0x00011c44                I2C_HAL_Init
 .text.I2C_HAL_SetBaudRate
                0x00011c60       0x70 C:/ProgramData/MATLAB/SupportPackages/R2022b/toolbox/target/supportpackages/freedomk64f/src/ksdk_armgcc_lib/bm/libksdk_platform.a(fsl_i2c_hal.o)
                0x00011c60                I2C_HAL_SetBaudRate
 .text.I2C_HAL_SendStart
                0x00011cd0       0x20 C:/ProgramData/MATLAB/SupportPackages/R2022b/toolbox/target/supportpackages/freedomk64f/src/ksdk_armgcc_lib/bm/libksdk_platform.a(fsl_i2c_hal.o)
                0x00011cd0                I2C_HAL_SendStart
 .text.I2C_HAL_SendStop
                0x00011cf0       0x50 C:/ProgramData/MATLAB/SupportPackages/R2022b/toolbox/target/supportpackages/freedomk64f/src/ksdk_armgcc_lib/bm/libksdk_platform.a(fsl_i2c_hal.o)
                0x00011cf0                I2C_HAL_SendStop
 .text.LPTMR_HAL_SetTimerWorkingMode
                0x00011d40       0x3c C:/ProgramData/MATLAB/SupportPackages/R2022b/toolbox/target/supportpackages/freedomk64f/src/ksdk_armgcc_lib/bm/libksdk_platform.a(fsl_lptmr_hal.o)
                0x00011d40                LPTMR_HAL_SetTimerWorkingMode
 .text.LPTMR_HAL_SetPrescalerMode
                0x00011d7c       0x1c C:/ProgramData/MATLAB/SupportPackages/R2022b/toolbox/target/supportpackages/freedomk64f/src/ksdk_armgcc_lib/bm/libksdk_platform.a(fsl_lptmr_hal.o)
                0x00011d7c                LPTMR_HAL_SetPrescalerMode
 .text.LPTMR_HAL_GetCounterValue
                0x00011d98        0xe C:/ProgramData/MATLAB/SupportPackages/R2022b/toolbox/target/supportpackages/freedomk64f/src/ksdk_armgcc_lib/bm/libksdk_platform.a(fsl_lptmr_hal.o)
                0x00011d98                LPTMR_HAL_GetCounterValue
 *fill*         0x00011da6        0x2 
 .text.CLOCK_HAL_TestOscFreq
                0x00011da8       0x28 C:/ProgramData/MATLAB/SupportPackages/R2022b/toolbox/target/supportpackages/freedomk64f/src/ksdk_armgcc_lib/bm/libksdk_platform.a(fsl_mcg_hal.o)
                0x00011da8                CLOCK_HAL_TestOscFreq
 .text.CLOCK_HAL_GetMcgExternalClkFreq
                0x00011dd0        0xa C:/ProgramData/MATLAB/SupportPackages/R2022b/toolbox/target/supportpackages/freedomk64f/src/ksdk_armgcc_lib/bm/libksdk_platform.a(fsl_mcg_hal.o)
 .text.CLOCK_HAL_TestFllExternalRefFreq
                0x00011dda       0x2c C:/ProgramData/MATLAB/SupportPackages/R2022b/toolbox/target/supportpackages/freedomk64f/src/ksdk_armgcc_lib/bm/libksdk_platform.a(fsl_mcg_hal.o)
                0x00011dda                CLOCK_HAL_TestFllExternalRefFreq
 *fill*         0x00011e06        0x2 
 .text.CLOCK_HAL_GetFllRefClk
                0x00011e08       0x40 C:/ProgramData/MATLAB/SupportPackages/R2022b/toolbox/target/supportpackages/freedomk64f/src/ksdk_armgcc_lib/bm/libksdk_platform.a(fsl_mcg_hal.o)
                0x00011e08                CLOCK_HAL_GetFllRefClk
 .text.CLOCK_HAL_TestFllFreq
                0x00011e48       0x34 C:/ProgramData/MATLAB/SupportPackages/R2022b/toolbox/target/supportpackages/freedomk64f/src/ksdk_armgcc_lib/bm/libksdk_platform.a(fsl_mcg_hal.o)
                0x00011e48                CLOCK_HAL_TestFllFreq
 .text.CLOCK_HAL_GetFllClk
                0x00011e7c       0x3c C:/ProgramData/MATLAB/SupportPackages/R2022b/toolbox/target/supportpackages/freedomk64f/src/ksdk_armgcc_lib/bm/libksdk_platform.a(fsl_mcg_hal.o)
                0x00011e7c                CLOCK_HAL_GetFllClk
 .text.CLOCK_HAL_UpdateFastClkInternalRefDiv
                0x00011eb8       0x58 C:/ProgramData/MATLAB/SupportPackages/R2022b/toolbox/target/supportpackages/freedomk64f/src/ksdk_armgcc_lib/bm/libksdk_platform.a(fsl_mcg_hal.o)
                0x00011eb8                CLOCK_HAL_UpdateFastClkInternalRefDiv
 .text.CLOCK_HAL_GetPll0Clk
                0x00011f10       0x48 C:/ProgramData/MATLAB/SupportPackages/R2022b/toolbox/target/supportpackages/freedomk64f/src/ksdk_armgcc_lib/bm/libksdk_platform.a(fsl_mcg_hal.o)
                0x00011f10                CLOCK_HAL_GetPll0Clk
 .text.CLOCK_HAL_EnablePll0InFllMode
                0x00011f58       0x38 C:/ProgramData/MATLAB/SupportPackages/R2022b/toolbox/target/supportpackages/freedomk64f/src/ksdk_armgcc_lib/bm/libksdk_platform.a(fsl_mcg_hal.o)
                0x00011f58                CLOCK_HAL_EnablePll0InFllMode
 .text.CLOCK_HAL_GetInternalRefClk
                0x00011f90       0x40 C:/ProgramData/MATLAB/SupportPackages/R2022b/toolbox/target/supportpackages/freedomk64f/src/ksdk_armgcc_lib/bm/libksdk_platform.a(fsl_mcg_hal.o)
                0x00011f90                CLOCK_HAL_GetInternalRefClk
 .text.CLOCK_HAL_GetOutClk
                0x00011fd0       0x22 C:/ProgramData/MATLAB/SupportPackages/R2022b/toolbox/target/supportpackages/freedomk64f/src/ksdk_armgcc_lib/bm/libksdk_platform.a(fsl_mcg_hal.o)
                0x00011fd0                CLOCK_HAL_GetOutClk
 .text.CLOCK_HAL_SetOsc0Mode
                0x00011ff2       0x24 C:/ProgramData/MATLAB/SupportPackages/R2022b/toolbox/target/supportpackages/freedomk64f/src/ksdk_armgcc_lib/bm/libksdk_platform.a(fsl_mcg_hal.o)
                0x00011ff2                CLOCK_HAL_SetOsc0Mode
 *fill*         0x00012016        0x2 
 .text.CLOCK_HAL_PrepareOsc
                0x00012018       0x30 C:/ProgramData/MATLAB/SupportPackages/R2022b/toolbox/target/supportpackages/freedomk64f/src/ksdk_armgcc_lib/bm/libksdk_platform.a(fsl_mcg_hal_modes.o)
 .text.CLOCK_HAL_GetMcgMode
                0x00012048       0x7c C:/ProgramData/MATLAB/SupportPackages/R2022b/toolbox/target/supportpackages/freedomk64f/src/ksdk_armgcc_lib/bm/libksdk_platform.a(fsl_mcg_hal_modes.o)
                0x00012048                CLOCK_HAL_GetMcgMode
 .text.CLOCK_HAL_SetFbiMode
                0x000120c4       0xc0 C:/ProgramData/MATLAB/SupportPackages/R2022b/toolbox/target/supportpackages/freedomk64f/src/ksdk_armgcc_lib/bm/libksdk_platform.a(fsl_mcg_hal_modes.o)
                0x000120c4                CLOCK_HAL_SetFbiMode
 .text.CLOCK_HAL_SetFbeMode
                0x00012184       0xf0 C:/ProgramData/MATLAB/SupportPackages/R2022b/toolbox/target/supportpackages/freedomk64f/src/ksdk_armgcc_lib/bm/libksdk_platform.a(fsl_mcg_hal_modes.o)
                0x00012184                CLOCK_HAL_SetFbeMode
 .text.CLOCK_HAL_SetPbeMode
                0x00012274       0xd8 C:/ProgramData/MATLAB/SupportPackages/R2022b/toolbox/target/supportpackages/freedomk64f/src/ksdk_armgcc_lib/bm/libksdk_platform.a(fsl_mcg_hal_modes.o)
                0x00012274                CLOCK_HAL_SetPbeMode